[0.140s] DEBUG:colcon:Command line arguments: ['/usr/bin/colcon', 'build']
[0.140s] DEBUG:colcon:Parsed command line arguments: Namespace(log_base=None, log_level=None, verb_name='build', build_base='build', install_base='install', merge_install=False, symlink_install=False, test_result_base=None, continue_on_error=False, executor='parallel', parallel_workers=8, event_handlers=None, ignore_user_meta=False, metas=['./colcon.meta'], base_paths=['.'], packages_ignore=None, packages_ignore_regex=None, paths=None, packages_up_to=None, packages_up_to_regex=None, packages_above=None, packages_above_and_dependencies=None, packages_above_depth=None, packages_select_by_dep=None, packages_skip_by_dep=None, packages_skip_up_to=None, packages_select_build_failed=False, packages_skip_build_finished=False, packages_select_test_failures=False, packages_skip_test_passed=False, packages_select=None, packages_skip=None, packages_select_regex=None, packages_skip_regex=None, packages_start=None, packages_end=None, allow_overriding=[], cmake_args=None, cmake_target=None, cmake_target_skip_unavailable=False, cmake_clean_cache=False, cmake_clean_first=False, cmake_force_configure=False, ament_cmake_args=None, catkin_cmake_args=None, catkin_skip_building_tests=False, mixin_files=None, mixin=None, verb_parser=<colcon_mixin.mixin.mixin_argument.MixinArgumentDecorator object at 0x7f741f714070>, verb_extension=<colcon_core.verb.build.BuildVerb object at 0x7f741f691b10>, main=<bound method BuildVerb.main of <colcon_core.verb.build.BuildVerb object at 0x7f741f691b10>>, mixin_verb=('build',))
[0.457s] Level 1:colcon.colcon_core.package_discovery:discover_packages(colcon_meta) check parameters
[0.457s] Level 1:colcon.colcon_core.package_discovery:discover_packages(recursive) check parameters
[0.457s] Level 1:colcon.colcon_core.package_discovery:discover_packages(ignore) check parameters
[0.457s] Level 1:colcon.colcon_core.package_discovery:discover_packages(path) check parameters
[0.457s] Level 1:colcon.colcon_core.package_discovery:discover_packages(colcon_meta) discover
[0.457s] Level 1:colcon.colcon_core.package_discovery:discover_packages(recursive) discover
[0.457s] INFO:colcon.colcon_core.package_discovery:Crawling recursively for packages in '/home/mcav/cam_dev_ws'
[0.458s] Level 1:colcon.colcon_core.package_identification:_identify(.) by extensions ['ignore', 'ignore_ament_install']
[0.458s] Level 1:colcon.colcon_core.package_identification:_identify(.) by extension 'ignore'
[0.458s] Level 1:colcon.colcon_core.package_identification:_identify(.) by extension 'ignore_ament_install'
[0.458s] Level 1:colcon.colcon_core.package_identification:_identify(.) by extensions ['colcon_pkg']
[0.458s] Level 1:colcon.colcon_core.package_identification:_identify(.) by extension 'colcon_pkg'
[0.458s] Level 1:colcon.colcon_core.package_identification:_identify(.) by extensions ['colcon_meta']
[0.458s] Level 1:colcon.colcon_core.package_identification:_identify(.) by extension 'colcon_meta'
[0.458s] Level 1:colcon.colcon_core.package_identification:_identify(.) by extensions ['ros']
[0.458s] Level 1:colcon.colcon_core.package_identification:_identify(.) by extension 'ros'
[0.482s] Level 1:colcon.colcon_core.package_identification:_identify(.) by extensions ['cmake', 'python']
[0.482s] Level 1:colcon.colcon_core.package_identification:_identify(.) by extension 'cmake'
[0.483s] Level 1:colcon.colcon_core.package_identification:_identify(.) by extension 'python'
[0.483s] Level 1:colcon.colcon_core.package_identification:_identify(.) by extensions ['python_setup_py']
[0.483s] Level 1:colcon.colcon_core.package_identification:_identify(.) by extension 'python_setup_py'
[0.483s] Level 1:colcon.colcon_core.package_identification:_identify(build) by extensions ['ignore', 'ignore_ament_install']
[0.483s] Level 1:colcon.colcon_core.package_identification:_identify(build) by extension 'ignore'
[0.483s] Level 1:colcon.colcon_core.package_identification:_identify(build) ignored
[0.483s] Level 1:colcon.colcon_core.package_identification:_identify(install) by extensions ['ignore', 'ignore_ament_install']
[0.483s] Level 1:colcon.colcon_core.package_identification:_identify(install) by extension 'ignore'
[0.483s] Level 1:colcon.colcon_core.package_identification:_identify(install) ignored
[0.483s] Level 1:colcon.colcon_core.package_identification:_identify(log) by extensions ['ignore', 'ignore_ament_install']
[0.484s] Level 1:colcon.colcon_core.package_identification:_identify(log) by extension 'ignore'
[0.484s] Level 1:colcon.colcon_core.package_identification:_identify(log) ignored
[0.484s] Level 1:colcon.colcon_core.package_identification:_identify(src) by extensions ['ignore', 'ignore_ament_install']
[0.484s] Level 1:colcon.colcon_core.package_identification:_identify(src) by extension 'ignore'
[0.484s] Level 1:colcon.colcon_core.package_identification:_identify(src) by extension 'ignore_ament_install'
[0.484s] Level 1:colcon.colcon_core.package_identification:_identify(src) by extensions ['colcon_pkg']
[0.484s] Level 1:colcon.colcon_core.package_identification:_identify(src) by extension 'colcon_pkg'
[0.484s] Level 1:colcon.colcon_core.package_identification:_identify(src) by extensions ['colcon_meta']
[0.484s] Level 1:colcon.colcon_core.package_identification:_identify(src) by extension 'colcon_meta'
[0.484s] Level 1:colcon.colcon_core.package_identification:_identify(src) by extensions ['ros']
[0.484s] Level 1:colcon.colcon_core.package_identification:_identify(src) by extension 'ros'
[0.484s] Level 1:colcon.colcon_core.package_identification:_identify(src) by extensions ['cmake', 'python']
[0.484s] Level 1:colcon.colcon_core.package_identification:_identify(src) by extension 'cmake'
[0.485s] Level 1:colcon.colcon_core.package_identification:_identify(src) by extension 'python'
[0.485s] Level 1:colcon.colcon_core.package_identification:_identify(src) by extensions ['python_setup_py']
[0.485s] Level 1:colcon.colcon_core.package_identification:_identify(src) by extension 'python_setup_py'
[0.485s] Level 1:colcon.colcon_core.package_identification:_identify(src/pylon_ros2_camera) by extensions ['ignore', 'ignore_ament_install']
[0.485s] Level 1:colcon.colcon_core.package_identification:_identify(src/pylon_ros2_camera) by extension 'ignore'
[0.485s] Level 1:colcon.colcon_core.package_identification:_identify(src/pylon_ros2_camera) by extension 'ignore_ament_install'
[0.485s] Level 1:colcon.colcon_core.package_identification:_identify(src/pylon_ros2_camera) by extensions ['colcon_pkg']
[0.485s] Level 1:colcon.colcon_core.package_identification:_identify(src/pylon_ros2_camera) by extension 'colcon_pkg'
[0.485s] Level 1:colcon.colcon_core.package_identification:_identify(src/pylon_ros2_camera) by extensions ['colcon_meta']
[0.485s] Level 1:colcon.colcon_core.package_identification:_identify(src/pylon_ros2_camera) by extension 'colcon_meta'
[0.486s] Level 1:colcon.colcon_core.package_identification:_identify(src/pylon_ros2_camera) by extensions ['ros']
[0.486s] Level 1:colcon.colcon_core.package_identification:_identify(src/pylon_ros2_camera) by extension 'ros'
[0.486s] Level 1:colcon.colcon_core.package_identification:_identify(src/pylon_ros2_camera) by extensions ['cmake', 'python']
[0.486s] Level 1:colcon.colcon_core.package_identification:_identify(src/pylon_ros2_camera) by extension 'cmake'
[0.486s] Level 1:colcon.colcon_core.package_identification:_identify(src/pylon_ros2_camera) by extension 'python'
[0.486s] Level 1:colcon.colcon_core.package_identification:_identify(src/pylon_ros2_camera) by extensions ['python_setup_py']
[0.486s] Level 1:colcon.colcon_core.package_identification:_identify(src/pylon_ros2_camera) by extension 'python_setup_py'
[0.486s] Level 1:colcon.colcon_core.package_identification:_identify(src/pylon_ros2_camera/docker) by extensions ['ignore', 'ignore_ament_install']
[0.486s] Level 1:colcon.colcon_core.package_identification:_identify(src/pylon_ros2_camera/docker) by extension 'ignore'
[0.487s] Level 1:colcon.colcon_core.package_identification:_identify(src/pylon_ros2_camera/docker) by extension 'ignore_ament_install'
[0.487s] Level 1:colcon.colcon_core.package_identification:_identify(src/pylon_ros2_camera/docker) by extensions ['colcon_pkg']
[0.487s] Level 1:colcon.colcon_core.package_identification:_identify(src/pylon_ros2_camera/docker) by extension 'colcon_pkg'
[0.487s] Level 1:colcon.colcon_core.package_identification:_identify(src/pylon_ros2_camera/docker) by extensions ['colcon_meta']
[0.487s] Level 1:colcon.colcon_core.package_identification:_identify(src/pylon_ros2_camera/docker) by extension 'colcon_meta'
[0.487s] Level 1:colcon.colcon_core.package_identification:_identify(src/pylon_ros2_camera/docker) by extensions ['ros']
[0.487s] Level 1:colcon.colcon_core.package_identification:_identify(src/pylon_ros2_camera/docker) by extension 'ros'
[0.487s] Level 1:colcon.colcon_core.package_identification:_identify(src/pylon_ros2_camera/docker) by extensions ['cmake', 'python']
[0.487s] Level 1:colcon.colcon_core.package_identification:_identify(src/pylon_ros2_camera/docker) by extension 'cmake'
[0.487s] Level 1:colcon.colcon_core.package_identification:_identify(src/pylon_ros2_camera/docker) by extension 'python'
[0.487s] Level 1:colcon.colcon_core.package_identification:_identify(src/pylon_ros2_camera/docker) by extensions ['python_setup_py']
[0.487s] Level 1:colcon.colcon_core.package_identification:_identify(src/pylon_ros2_camera/docker) by extension 'python_setup_py'
[0.487s] Level 1:colcon.colcon_core.package_identification:_identify(src/pylon_ros2_camera/pylon_ros2_camera_component) by extensions ['ignore', 'ignore_ament_install']
[0.488s] Level 1:colcon.colcon_core.package_identification:_identify(src/pylon_ros2_camera/pylon_ros2_camera_component) by extension 'ignore'
[0.488s] Level 1:colcon.colcon_core.package_identification:_identify(src/pylon_ros2_camera/pylon_ros2_camera_component) by extension 'ignore_ament_install'
[0.488s] Level 1:colcon.colcon_core.package_identification:_identify(src/pylon_ros2_camera/pylon_ros2_camera_component) by extensions ['colcon_pkg']
[0.488s] Level 1:colcon.colcon_core.package_identification:_identify(src/pylon_ros2_camera/pylon_ros2_camera_component) by extension 'colcon_pkg'
[0.488s] Level 1:colcon.colcon_core.package_identification:_identify(src/pylon_ros2_camera/pylon_ros2_camera_component) by extensions ['colcon_meta']
[0.488s] Level 1:colcon.colcon_core.package_identification:_identify(src/pylon_ros2_camera/pylon_ros2_camera_component) by extension 'colcon_meta'
[0.488s] Level 1:colcon.colcon_core.package_identification:_identify(src/pylon_ros2_camera/pylon_ros2_camera_component) by extensions ['ros']
[0.488s] Level 1:colcon.colcon_core.package_identification:_identify(src/pylon_ros2_camera/pylon_ros2_camera_component) by extension 'ros'
[0.492s] DEBUG:colcon.colcon_core.package_identification:Package 'src/pylon_ros2_camera/pylon_ros2_camera_component' with type 'ros.ament_cmake' and name 'pylon_ros2_camera_component'
[0.492s] Level 1:colcon.colcon_core.package_identification:_identify(src/pylon_ros2_camera/pylon_ros2_camera_interfaces) by extensions ['ignore', 'ignore_ament_install']
[0.492s] Level 1:colcon.colcon_core.package_identification:_identify(src/pylon_ros2_camera/pylon_ros2_camera_interfaces) by extension 'ignore'
[0.492s] Level 1:colcon.colcon_core.package_identification:_identify(src/pylon_ros2_camera/pylon_ros2_camera_interfaces) by extension 'ignore_ament_install'
[0.492s] Level 1:colcon.colcon_core.package_identification:_identify(src/pylon_ros2_camera/pylon_ros2_camera_interfaces) by extensions ['colcon_pkg']
[0.492s] Level 1:colcon.colcon_core.package_identification:_identify(src/pylon_ros2_camera/pylon_ros2_camera_interfaces) by extension 'colcon_pkg'
[0.492s] Level 1:colcon.colcon_core.package_identification:_identify(src/pylon_ros2_camera/pylon_ros2_camera_interfaces) by extensions ['colcon_meta']
[0.492s] Level 1:colcon.colcon_core.package_identification:_identify(src/pylon_ros2_camera/pylon_ros2_camera_interfaces) by extension 'colcon_meta'
[0.492s] Level 1:colcon.colcon_core.package_identification:_identify(src/pylon_ros2_camera/pylon_ros2_camera_interfaces) by extensions ['ros']
[0.492s] Level 1:colcon.colcon_core.package_identification:_identify(src/pylon_ros2_camera/pylon_ros2_camera_interfaces) by extension 'ros'
[0.493s] DEBUG:colcon.colcon_core.package_identification:Package 'src/pylon_ros2_camera/pylon_ros2_camera_interfaces' with type 'ros.ament_cmake' and name 'pylon_ros2_camera_interfaces'
[0.494s] Level 1:colcon.colcon_core.package_identification:_identify(src/pylon_ros2_camera/pylon_ros2_camera_wrapper) by extensions ['ignore', 'ignore_ament_install']
[0.494s] Level 1:colcon.colcon_core.package_identification:_identify(src/pylon_ros2_camera/pylon_ros2_camera_wrapper) by extension 'ignore'
[0.494s] Level 1:colcon.colcon_core.package_identification:_identify(src/pylon_ros2_camera/pylon_ros2_camera_wrapper) by extension 'ignore_ament_install'
[0.494s] Level 1:colcon.colcon_core.package_identification:_identify(src/pylon_ros2_camera/pylon_ros2_camera_wrapper) by extensions ['colcon_pkg']
[0.494s] Level 1:colcon.colcon_core.package_identification:_identify(src/pylon_ros2_camera/pylon_ros2_camera_wrapper) by extension 'colcon_pkg'
[0.494s] Level 1:colcon.colcon_core.package_identification:_identify(src/pylon_ros2_camera/pylon_ros2_camera_wrapper) by extensions ['colcon_meta']
[0.494s] Level 1:colcon.colcon_core.package_identification:_identify(src/pylon_ros2_camera/pylon_ros2_camera_wrapper) by extension 'colcon_meta'
[0.494s] Level 1:colcon.colcon_core.package_identification:_identify(src/pylon_ros2_camera/pylon_ros2_camera_wrapper) by extensions ['ros']
[0.494s] Level 1:colcon.colcon_core.package_identification:_identify(src/pylon_ros2_camera/pylon_ros2_camera_wrapper) by extension 'ros'
[0.495s] DEBUG:colcon.colcon_core.package_identification:Package 'src/pylon_ros2_camera/pylon_ros2_camera_wrapper' with type 'ros.ament_cmake' and name 'pylon_ros2_camera_wrapper'
[0.495s] Level 1:colcon.colcon_core.package_discovery:discover_packages(recursive) using defaults
[0.495s] Level 1:colcon.colcon_core.package_discovery:discover_packages(ignore) discover
[0.495s] Level 1:colcon.colcon_core.package_discovery:discover_packages(ignore) using defaults
[0.495s] Level 1:colcon.colcon_core.package_discovery:discover_packages(path) discover
[0.495s] Level 1:colcon.colcon_core.package_discovery:discover_packages(path) using defaults
[0.522s] Level 1:colcon.colcon_core.package_discovery:discover_packages(prefix_path) check parameters
[0.522s] Level 1:colcon.colcon_core.package_discovery:discover_packages(prefix_path) discover
[0.524s] DEBUG:colcon.colcon_installed_package_information.package_discovery:Found 3 installed packages in /home/mcav/cam_dev_ws/install
[0.526s] DEBUG:colcon.colcon_installed_package_information.package_discovery:Found 371 installed packages in /opt/ros/humble
[0.527s] Level 1:colcon.colcon_core.package_discovery:discover_packages(prefix_path) using defaults
[0.589s] Level 5:colcon.colcon_core.verb:set package 'pylon_ros2_camera_interfaces' build argument 'cmake_args' from command line to 'None'
[0.589s] Level 5:colcon.colcon_core.verb:set package 'pylon_ros2_camera_interfaces' build argument 'cmake_target' from command line to 'None'
[0.589s] Level 5:colcon.colcon_core.verb:set package 'pylon_ros2_camera_interfaces' build argument 'cmake_target_skip_unavailable' from command line to 'False'
[0.589s] Level 5:colcon.colcon_core.verb:set package 'pylon_ros2_camera_interfaces' build argument 'cmake_clean_cache' from command line to 'False'
[0.589s] Level 5:colcon.colcon_core.verb:set package 'pylon_ros2_camera_interfaces' build argument 'cmake_clean_first' from command line to 'False'
[0.589s] Level 5:colcon.colcon_core.verb:set package 'pylon_ros2_camera_interfaces' build argument 'cmake_force_configure' from command line to 'False'
[0.589s] Level 5:colcon.colcon_core.verb:set package 'pylon_ros2_camera_interfaces' build argument 'ament_cmake_args' from command line to 'None'
[0.589s] Level 5:colcon.colcon_core.verb:set package 'pylon_ros2_camera_interfaces' build argument 'catkin_cmake_args' from command line to 'None'
[0.589s] Level 5:colcon.colcon_core.verb:set package 'pylon_ros2_camera_interfaces' build argument 'catkin_skip_building_tests' from command line to 'False'
[0.589s] DEBUG:colcon.colcon_core.verb:Building package 'pylon_ros2_camera_interfaces' with the following arguments: {'ament_cmake_args': None, 'build_base': '/home/mcav/cam_dev_ws/build/pylon_ros2_camera_interfaces', 'catkin_cmake_args': None, 'catkin_skip_building_tests': False, 'cmake_args': None, 'cmake_clean_cache': False, 'cmake_clean_first': False, 'cmake_force_configure': False, 'cmake_target': None, 'cmake_target_skip_unavailable': False, 'install_base': '/home/mcav/cam_dev_ws/install/pylon_ros2_camera_interfaces', 'merge_install': False, 'path': '/home/mcav/cam_dev_ws/src/pylon_ros2_camera/pylon_ros2_camera_interfaces', 'symlink_install': False, 'test_result_base': None}
[0.589s] Level 5:colcon.colcon_core.verb:set package 'pylon_ros2_camera_component' build argument 'cmake_args' from command line to 'None'
[0.589s] Level 5:colcon.colcon_core.verb:set package 'pylon_ros2_camera_component' build argument 'cmake_target' from command line to 'None'
[0.590s] Level 5:colcon.colcon_core.verb:set package 'pylon_ros2_camera_component' build argument 'cmake_target_skip_unavailable' from command line to 'False'
[0.590s] Level 5:colcon.colcon_core.verb:set package 'pylon_ros2_camera_component' build argument 'cmake_clean_cache' from command line to 'False'
[0.590s] Level 5:colcon.colcon_core.verb:set package 'pylon_ros2_camera_component' build argument 'cmake_clean_first' from command line to 'False'
[0.590s] Level 5:colcon.colcon_core.verb:set package 'pylon_ros2_camera_component' build argument 'cmake_force_configure' from command line to 'False'
[0.590s] Level 5:colcon.colcon_core.verb:set package 'pylon_ros2_camera_component' build argument 'ament_cmake_args' from command line to 'None'
[0.590s] Level 5:colcon.colcon_core.verb:set package 'pylon_ros2_camera_component' build argument 'catkin_cmake_args' from command line to 'None'
[0.590s] Level 5:colcon.colcon_core.verb:set package 'pylon_ros2_camera_component' build argument 'catkin_skip_building_tests' from command line to 'False'
[0.590s] DEBUG:colcon.colcon_core.verb:Building package 'pylon_ros2_camera_component' with the following arguments: {'ament_cmake_args': None, 'build_base': '/home/mcav/cam_dev_ws/build/pylon_ros2_camera_component', 'catkin_cmake_args': None, 'catkin_skip_building_tests': False, 'cmake_args': None, 'cmake_clean_cache': False, 'cmake_clean_first': False, 'cmake_force_configure': False, 'cmake_target': None, 'cmake_target_skip_unavailable': False, 'install_base': '/home/mcav/cam_dev_ws/install/pylon_ros2_camera_component', 'merge_install': False, 'path': '/home/mcav/cam_dev_ws/src/pylon_ros2_camera/pylon_ros2_camera_component', 'symlink_install': False, 'test_result_base': None}
[0.590s] Level 5:colcon.colcon_core.verb:set package 'pylon_ros2_camera_wrapper' build argument 'cmake_args' from command line to 'None'
[0.590s] Level 5:colcon.colcon_core.verb:set package 'pylon_ros2_camera_wrapper' build argument 'cmake_target' from command line to 'None'
[0.590s] Level 5:colcon.colcon_core.verb:set package 'pylon_ros2_camera_wrapper' build argument 'cmake_target_skip_unavailable' from command line to 'False'
[0.590s] Level 5:colcon.colcon_core.verb:set package 'pylon_ros2_camera_wrapper' build argument 'cmake_clean_cache' from command line to 'False'
[0.590s] Level 5:colcon.colcon_core.verb:set package 'pylon_ros2_camera_wrapper' build argument 'cmake_clean_first' from command line to 'False'
[0.590s] Level 5:colcon.colcon_core.verb:set package 'pylon_ros2_camera_wrapper' build argument 'cmake_force_configure' from command line to 'False'
[0.590s] Level 5:colcon.colcon_core.verb:set package 'pylon_ros2_camera_wrapper' build argument 'ament_cmake_args' from command line to 'None'
[0.590s] Level 5:colcon.colcon_core.verb:set package 'pylon_ros2_camera_wrapper' build argument 'catkin_cmake_args' from command line to 'None'
[0.590s] Level 5:colcon.colcon_core.verb:set package 'pylon_ros2_camera_wrapper' build argument 'catkin_skip_building_tests' from command line to 'False'
[0.590s] DEBUG:colcon.colcon_core.verb:Building package 'pylon_ros2_camera_wrapper' with the following arguments: {'ament_cmake_args': None, 'build_base': '/home/mcav/cam_dev_ws/build/pylon_ros2_camera_wrapper', 'catkin_cmake_args': None, 'catkin_skip_building_tests': False, 'cmake_args': None, 'cmake_clean_cache': False, 'cmake_clean_first': False, 'cmake_force_configure': False, 'cmake_target': None, 'cmake_target_skip_unavailable': False, 'install_base': '/home/mcav/cam_dev_ws/install/pylon_ros2_camera_wrapper', 'merge_install': False, 'path': '/home/mcav/cam_dev_ws/src/pylon_ros2_camera/pylon_ros2_camera_wrapper', 'symlink_install': False, 'test_result_base': None}
[0.591s] INFO:colcon.colcon_core.executor:Executing jobs using 'parallel' executor
[0.592s] DEBUG:colcon.colcon_parallel_executor.executor.parallel:run_until_complete
[0.592s] INFO:colcon.colcon_ros.task.ament_cmake.build:Building ROS package in '/home/mcav/cam_dev_ws/src/pylon_ros2_camera/pylon_ros2_camera_interfaces' with build type 'ament_cmake'
[0.592s] INFO:colcon.colcon_cmake.task.cmake.build:Building CMake package in '/home/mcav/cam_dev_ws/src/pylon_ros2_camera/pylon_ros2_camera_interfaces'
[0.594s] INFO:colcon.colcon_core.plugin_system:Skipping extension 'colcon_core.shell.bat': Not used on non-Windows systems
[0.594s] INFO:colcon.colcon_core.shell:Skip shell extension 'powershell' for command environment: Not usable outside of PowerShell
[0.594s] DEBUG:colcon.colcon_core.shell:Skip shell extension 'dsv' for command environment
[0.607s] DEBUG:colcon.colcon_core.event_handler.log_command:Invoking command in '/home/mcav/cam_dev_ws/build/pylon_ros2_camera_interfaces': CMAKE_PREFIX_PATH=${CMAKE_PREFIX_PATH}:/opt/ros/humble /usr/local/bin/cmake --build /home/mcav/cam_dev_ws/build/pylon_ros2_camera_interfaces -- -j8 -l8
[1.064s] DEBUG:colcon.colcon_core.event_handler.log_command:Invoked command in '/home/mcav/cam_dev_ws/build/pylon_ros2_camera_interfaces' returned '0': CMAKE_PREFIX_PATH=${CMAKE_PREFIX_PATH}:/opt/ros/humble /usr/local/bin/cmake --build /home/mcav/cam_dev_ws/build/pylon_ros2_camera_interfaces -- -j8 -l8
[1.069s] DEBUG:colcon.colcon_core.event_handler.log_command:Invoking command in '/home/mcav/cam_dev_ws/build/pylon_ros2_camera_interfaces': CMAKE_PREFIX_PATH=${CMAKE_PREFIX_PATH}:/opt/ros/humble /usr/local/bin/cmake --install /home/mcav/cam_dev_ws/build/pylon_ros2_camera_interfaces
[1.169s] Level 1:colcon.colcon_core.environment:create_environment_scripts_only(pylon_ros2_camera_interfaces)
[1.169s] DEBUG:colcon.colcon_core.event_handler.log_command:Invoked command in '/home/mcav/cam_dev_ws/build/pylon_ros2_camera_interfaces' returned '0': CMAKE_PREFIX_PATH=${CMAKE_PREFIX_PATH}:/opt/ros/humble /usr/local/bin/cmake --install /home/mcav/cam_dev_ws/build/pylon_ros2_camera_interfaces
[1.172s] Level 1:colcon.colcon_core.environment:checking '/home/mcav/cam_dev_ws/install/pylon_ros2_camera_interfaces' for CMake module files
[1.172s] Level 1:colcon.colcon_core.environment:checking '/home/mcav/cam_dev_ws/install/pylon_ros2_camera_interfaces' for CMake config files
[1.174s] Level 1:colcon.colcon_core.shell:create_environment_hook('pylon_ros2_camera_interfaces', 'cmake_prefix_path')
[1.175s] INFO:colcon.colcon_core.shell:Creating environment hook '/home/mcav/cam_dev_ws/install/pylon_ros2_camera_interfaces/share/pylon_ros2_camera_interfaces/hook/cmake_prefix_path.ps1'
[1.175s] INFO:colcon.colcon_core.shell:Creating environment descriptor '/home/mcav/cam_dev_ws/install/pylon_ros2_camera_interfaces/share/pylon_ros2_camera_interfaces/hook/cmake_prefix_path.dsv'
[1.176s] INFO:colcon.colcon_core.shell:Creating environment hook '/home/mcav/cam_dev_ws/install/pylon_ros2_camera_interfaces/share/pylon_ros2_camera_interfaces/hook/cmake_prefix_path.sh'
[1.177s] Level 1:colcon.colcon_core.environment:checking '/home/mcav/cam_dev_ws/install/pylon_ros2_camera_interfaces/lib'
[1.177s] Level 1:colcon.colcon_core.shell:create_environment_hook('pylon_ros2_camera_interfaces', 'ld_library_path_lib')
[1.178s] INFO:colcon.colcon_core.shell:Creating environment hook '/home/mcav/cam_dev_ws/install/pylon_ros2_camera_interfaces/share/pylon_ros2_camera_interfaces/hook/ld_library_path_lib.ps1'
[1.178s] INFO:colcon.colcon_core.shell:Creating environment descriptor '/home/mcav/cam_dev_ws/install/pylon_ros2_camera_interfaces/share/pylon_ros2_camera_interfaces/hook/ld_library_path_lib.dsv'
[1.179s] INFO:colcon.colcon_core.shell:Creating environment hook '/home/mcav/cam_dev_ws/install/pylon_ros2_camera_interfaces/share/pylon_ros2_camera_interfaces/hook/ld_library_path_lib.sh'
[1.179s] Level 1:colcon.colcon_core.environment:checking '/home/mcav/cam_dev_ws/install/pylon_ros2_camera_interfaces/bin'
[1.179s] Level 1:colcon.colcon_core.environment:checking '/home/mcav/cam_dev_ws/install/pylon_ros2_camera_interfaces/lib/pkgconfig/pylon_ros2_camera_interfaces.pc'
[1.179s] Level 1:colcon.colcon_core.environment:checking '/home/mcav/cam_dev_ws/install/pylon_ros2_camera_interfaces/lib/python3.10/site-packages'
[1.180s] Level 1:colcon.colcon_core.environment:checking '/home/mcav/cam_dev_ws/install/pylon_ros2_camera_interfaces/bin'
[1.180s] INFO:colcon.colcon_core.shell:Creating package script '/home/mcav/cam_dev_ws/install/pylon_ros2_camera_interfaces/share/pylon_ros2_camera_interfaces/package.ps1'
[1.181s] INFO:colcon.colcon_core.shell:Creating package descriptor '/home/mcav/cam_dev_ws/install/pylon_ros2_camera_interfaces/share/pylon_ros2_camera_interfaces/package.dsv'
[1.182s] INFO:colcon.colcon_core.shell:Creating package script '/home/mcav/cam_dev_ws/install/pylon_ros2_camera_interfaces/share/pylon_ros2_camera_interfaces/package.sh'
[1.183s] INFO:colcon.colcon_core.shell:Creating package script '/home/mcav/cam_dev_ws/install/pylon_ros2_camera_interfaces/share/pylon_ros2_camera_interfaces/package.bash'
[1.184s] INFO:colcon.colcon_core.shell:Creating package script '/home/mcav/cam_dev_ws/install/pylon_ros2_camera_interfaces/share/pylon_ros2_camera_interfaces/package.zsh'
[1.184s] Level 1:colcon.colcon_core.environment:create_file_with_runtime_dependencies(/home/mcav/cam_dev_ws/install/pylon_ros2_camera_interfaces/share/colcon-core/packages/pylon_ros2_camera_interfaces)
[1.185s] Level 1:colcon.colcon_core.environment:create_environment_scripts_only(pylon_ros2_camera_interfaces)
[1.185s] Level 1:colcon.colcon_core.environment:checking '/home/mcav/cam_dev_ws/install/pylon_ros2_camera_interfaces' for CMake module files
[1.186s] Level 1:colcon.colcon_core.environment:checking '/home/mcav/cam_dev_ws/install/pylon_ros2_camera_interfaces' for CMake config files
[1.187s] Level 1:colcon.colcon_core.shell:create_environment_hook('pylon_ros2_camera_interfaces', 'cmake_prefix_path')
[1.188s] INFO:colcon.colcon_core.shell:Creating environment hook '/home/mcav/cam_dev_ws/install/pylon_ros2_camera_interfaces/share/pylon_ros2_camera_interfaces/hook/cmake_prefix_path.ps1'
[1.188s] INFO:colcon.colcon_core.shell:Creating environment descriptor '/home/mcav/cam_dev_ws/install/pylon_ros2_camera_interfaces/share/pylon_ros2_camera_interfaces/hook/cmake_prefix_path.dsv'
[1.188s] INFO:colcon.colcon_core.shell:Creating environment hook '/home/mcav/cam_dev_ws/install/pylon_ros2_camera_interfaces/share/pylon_ros2_camera_interfaces/hook/cmake_prefix_path.sh'
[1.189s] Level 1:colcon.colcon_core.environment:checking '/home/mcav/cam_dev_ws/install/pylon_ros2_camera_interfaces/lib'
[1.189s] Level 1:colcon.colcon_core.shell:create_environment_hook('pylon_ros2_camera_interfaces', 'ld_library_path_lib')
[1.190s] INFO:colcon.colcon_core.shell:Creating environment hook '/home/mcav/cam_dev_ws/install/pylon_ros2_camera_interfaces/share/pylon_ros2_camera_interfaces/hook/ld_library_path_lib.ps1'
[1.191s] INFO:colcon.colcon_core.shell:Creating environment descriptor '/home/mcav/cam_dev_ws/install/pylon_ros2_camera_interfaces/share/pylon_ros2_camera_interfaces/hook/ld_library_path_lib.dsv'
[1.191s] INFO:colcon.colcon_core.shell:Creating environment hook '/home/mcav/cam_dev_ws/install/pylon_ros2_camera_interfaces/share/pylon_ros2_camera_interfaces/hook/ld_library_path_lib.sh'
[1.192s] Level 1:colcon.colcon_core.environment:checking '/home/mcav/cam_dev_ws/install/pylon_ros2_camera_interfaces/bin'
[1.192s] Level 1:colcon.colcon_core.environment:checking '/home/mcav/cam_dev_ws/install/pylon_ros2_camera_interfaces/lib/pkgconfig/pylon_ros2_camera_interfaces.pc'
[1.192s] Level 1:colcon.colcon_core.environment:checking '/home/mcav/cam_dev_ws/install/pylon_ros2_camera_interfaces/lib/python3.10/site-packages'
[1.193s] Level 1:colcon.colcon_core.environment:checking '/home/mcav/cam_dev_ws/install/pylon_ros2_camera_interfaces/bin'
[1.194s] INFO:colcon.colcon_core.shell:Creating package script '/home/mcav/cam_dev_ws/install/pylon_ros2_camera_interfaces/share/pylon_ros2_camera_interfaces/package.ps1'
[1.195s] INFO:colcon.colcon_core.shell:Creating package descriptor '/home/mcav/cam_dev_ws/install/pylon_ros2_camera_interfaces/share/pylon_ros2_camera_interfaces/package.dsv'
[1.196s] INFO:colcon.colcon_core.shell:Creating package script '/home/mcav/cam_dev_ws/install/pylon_ros2_camera_interfaces/share/pylon_ros2_camera_interfaces/package.sh'
[1.196s] INFO:colcon.colcon_core.shell:Creating package script '/home/mcav/cam_dev_ws/install/pylon_ros2_camera_interfaces/share/pylon_ros2_camera_interfaces/package.bash'
[1.197s] INFO:colcon.colcon_core.shell:Creating package script '/home/mcav/cam_dev_ws/install/pylon_ros2_camera_interfaces/share/pylon_ros2_camera_interfaces/package.zsh'
[1.198s] Level 1:colcon.colcon_core.environment:create_file_with_runtime_dependencies(/home/mcav/cam_dev_ws/install/pylon_ros2_camera_interfaces/share/colcon-core/packages/pylon_ros2_camera_interfaces)
[1.198s] INFO:colcon.colcon_ros.task.ament_cmake.build:Building ROS package in '/home/mcav/cam_dev_ws/src/pylon_ros2_camera/pylon_ros2_camera_component' with build type 'ament_cmake'
[1.198s] INFO:colcon.colcon_cmake.task.cmake.build:Building CMake package in '/home/mcav/cam_dev_ws/src/pylon_ros2_camera/pylon_ros2_camera_component'
[1.199s] INFO:colcon.colcon_core.shell:Skip shell extension 'powershell' for command environment: Not usable outside of PowerShell
[1.199s] DEBUG:colcon.colcon_core.shell:Skip shell extension 'dsv' for command environment
[1.214s] DEBUG:colcon.colcon_core.event_handler.log_command:Invoking command in '/home/mcav/cam_dev_ws/build/pylon_ros2_camera_component': CMAKE_PREFIX_PATH=/home/mcav/cam_dev_ws/install/pylon_ros2_camera_interfaces:/home/mcav/cam_dev_ws/install/pylon_ros2_camera_wrapper:/home/mcav/cam_dev_ws/install/pylon_ros2_camera_component:/opt/ros/humble LD_LIBRARY_PATH=/home/mcav/cam_dev_ws/install/pylon_ros2_camera_interfaces/lib:/home/mcav/cam_dev_ws/install/pylon_ros2_camera_wrapper/lib:/home/mcav/cam_dev_ws/install/pylon_ros2_camera_component/lib:/usr/local/cuda/lib64:/usr/local/cuda/lib64:/opt/ros/humble/opt/rviz_ogre_vendor/lib:/opt/ros/humble/lib/x86_64-linux-gnu:/opt/ros/humble/lib /usr/local/bin/cmake --build /home/mcav/cam_dev_ws/build/pylon_ros2_camera_component -- -j8 -l8
[39.596s] DEBUG:colcon.colcon_core.event_handler.log_command:Invoked command in '/home/mcav/cam_dev_ws/build/pylon_ros2_camera_component' returned '0': CMAKE_PREFIX_PATH=/home/mcav/cam_dev_ws/install/pylon_ros2_camera_interfaces:/home/mcav/cam_dev_ws/install/pylon_ros2_camera_wrapper:/home/mcav/cam_dev_ws/install/pylon_ros2_camera_component:/opt/ros/humble LD_LIBRARY_PATH=/home/mcav/cam_dev_ws/install/pylon_ros2_camera_interfaces/lib:/home/mcav/cam_dev_ws/install/pylon_ros2_camera_wrapper/lib:/home/mcav/cam_dev_ws/install/pylon_ros2_camera_component/lib:/usr/local/cuda/lib64:/usr/local/cuda/lib64:/opt/ros/humble/opt/rviz_ogre_vendor/lib:/opt/ros/humble/lib/x86_64-linux-gnu:/opt/ros/humble/lib /usr/local/bin/cmake --build /home/mcav/cam_dev_ws/build/pylon_ros2_camera_component -- -j8 -l8
[39.598s] DEBUG:colcon.colcon_core.event_handler.log_command:Invoking command in '/home/mcav/cam_dev_ws/build/pylon_ros2_camera_component': CMAKE_PREFIX_PATH=/home/mcav/cam_dev_ws/install/pylon_ros2_camera_interfaces:/home/mcav/cam_dev_ws/install/pylon_ros2_camera_wrapper:/home/mcav/cam_dev_ws/install/pylon_ros2_camera_component:/opt/ros/humble LD_LIBRARY_PATH=/home/mcav/cam_dev_ws/install/pylon_ros2_camera_interfaces/lib:/home/mcav/cam_dev_ws/install/pylon_ros2_camera_wrapper/lib:/home/mcav/cam_dev_ws/install/pylon_ros2_camera_component/lib:/usr/local/cuda/lib64:/usr/local/cuda/lib64:/opt/ros/humble/opt/rviz_ogre_vendor/lib:/opt/ros/humble/lib/x86_64-linux-gnu:/opt/ros/humble/lib /usr/local/bin/cmake --install /home/mcav/cam_dev_ws/build/pylon_ros2_camera_component
[39.613s] Level 1:colcon.colcon_core.environment:create_environment_scripts_only(pylon_ros2_camera_component)
[39.613s] Level 1:colcon.colcon_core.environment:checking '/home/mcav/cam_dev_ws/install/pylon_ros2_camera_component' for CMake module files
[39.615s] Level 1:colcon.colcon_core.environment:checking '/home/mcav/cam_dev_ws/install/pylon_ros2_camera_component' for CMake config files
[39.615s] DEBUG:colcon.colcon_core.event_handler.log_command:Invoked command in '/home/mcav/cam_dev_ws/build/pylon_ros2_camera_component' returned '0': CMAKE_PREFIX_PATH=/home/mcav/cam_dev_ws/install/pylon_ros2_camera_interfaces:/home/mcav/cam_dev_ws/install/pylon_ros2_camera_wrapper:/home/mcav/cam_dev_ws/install/pylon_ros2_camera_component:/opt/ros/humble LD_LIBRARY_PATH=/home/mcav/cam_dev_ws/install/pylon_ros2_camera_interfaces/lib:/home/mcav/cam_dev_ws/install/pylon_ros2_camera_wrapper/lib:/home/mcav/cam_dev_ws/install/pylon_ros2_camera_component/lib:/usr/local/cuda/lib64:/usr/local/cuda/lib64:/opt/ros/humble/opt/rviz_ogre_vendor/lib:/opt/ros/humble/lib/x86_64-linux-gnu:/opt/ros/humble/lib /usr/local/bin/cmake --install /home/mcav/cam_dev_ws/build/pylon_ros2_camera_component
[39.615s] Level 1:colcon.colcon_core.shell:create_environment_hook('pylon_ros2_camera_component', 'cmake_prefix_path')
[39.615s] INFO:colcon.colcon_core.shell:Creating environment hook '/home/mcav/cam_dev_ws/install/pylon_ros2_camera_component/share/pylon_ros2_camera_component/hook/cmake_prefix_path.ps1'
[39.616s] INFO:colcon.colcon_core.shell:Creating environment descriptor '/home/mcav/cam_dev_ws/install/pylon_ros2_camera_component/share/pylon_ros2_camera_component/hook/cmake_prefix_path.dsv'
[39.616s] INFO:colcon.colcon_core.shell:Creating environment hook '/home/mcav/cam_dev_ws/install/pylon_ros2_camera_component/share/pylon_ros2_camera_component/hook/cmake_prefix_path.sh'
[39.617s] Level 1:colcon.colcon_core.environment:checking '/home/mcav/cam_dev_ws/install/pylon_ros2_camera_component/lib'
[39.617s] Level 1:colcon.colcon_core.shell:create_environment_hook('pylon_ros2_camera_component', 'ld_library_path_lib')
[39.617s] INFO:colcon.colcon_core.shell:Creating environment hook '/home/mcav/cam_dev_ws/install/pylon_ros2_camera_component/share/pylon_ros2_camera_component/hook/ld_library_path_lib.ps1'
[39.618s] INFO:colcon.colcon_core.shell:Creating environment descriptor '/home/mcav/cam_dev_ws/install/pylon_ros2_camera_component/share/pylon_ros2_camera_component/hook/ld_library_path_lib.dsv'
[39.618s] INFO:colcon.colcon_core.shell:Creating environment hook '/home/mcav/cam_dev_ws/install/pylon_ros2_camera_component/share/pylon_ros2_camera_component/hook/ld_library_path_lib.sh'
[39.618s] Level 1:colcon.colcon_core.environment:checking '/home/mcav/cam_dev_ws/install/pylon_ros2_camera_component/bin'
[39.618s] Level 1:colcon.colcon_core.environment:checking '/home/mcav/cam_dev_ws/install/pylon_ros2_camera_component/lib/pkgconfig/pylon_ros2_camera_component.pc'
[39.618s] Level 1:colcon.colcon_core.environment:checking '/home/mcav/cam_dev_ws/install/pylon_ros2_camera_component/lib/python3.10/site-packages'
[39.619s] Level 1:colcon.colcon_core.environment:checking '/home/mcav/cam_dev_ws/install/pylon_ros2_camera_component/bin'
[39.619s] INFO:colcon.colcon_core.shell:Creating package script '/home/mcav/cam_dev_ws/install/pylon_ros2_camera_component/share/pylon_ros2_camera_component/package.ps1'
[39.620s] INFO:colcon.colcon_core.shell:Creating package descriptor '/home/mcav/cam_dev_ws/install/pylon_ros2_camera_component/share/pylon_ros2_camera_component/package.dsv'
[39.620s] INFO:colcon.colcon_core.shell:Creating package script '/home/mcav/cam_dev_ws/install/pylon_ros2_camera_component/share/pylon_ros2_camera_component/package.sh'
[39.621s] INFO:colcon.colcon_core.shell:Creating package script '/home/mcav/cam_dev_ws/install/pylon_ros2_camera_component/share/pylon_ros2_camera_component/package.bash'
[39.621s] INFO:colcon.colcon_core.shell:Creating package script '/home/mcav/cam_dev_ws/install/pylon_ros2_camera_component/share/pylon_ros2_camera_component/package.zsh'
[39.622s] Level 1:colcon.colcon_core.environment:create_file_with_runtime_dependencies(/home/mcav/cam_dev_ws/install/pylon_ros2_camera_component/share/colcon-core/packages/pylon_ros2_camera_component)
[39.623s] Level 1:colcon.colcon_core.environment:create_environment_scripts_only(pylon_ros2_camera_component)
[39.623s] Level 1:colcon.colcon_core.environment:checking '/home/mcav/cam_dev_ws/install/pylon_ros2_camera_component' for CMake module files
[39.624s] Level 1:colcon.colcon_core.environment:checking '/home/mcav/cam_dev_ws/install/pylon_ros2_camera_component' for CMake config files
[39.624s] Level 1:colcon.colcon_core.shell:create_environment_hook('pylon_ros2_camera_component', 'cmake_prefix_path')
[39.624s] INFO:colcon.colcon_core.shell:Creating environment hook '/home/mcav/cam_dev_ws/install/pylon_ros2_camera_component/share/pylon_ros2_camera_component/hook/cmake_prefix_path.ps1'
[39.625s] INFO:colcon.colcon_core.shell:Creating environment descriptor '/home/mcav/cam_dev_ws/install/pylon_ros2_camera_component/share/pylon_ros2_camera_component/hook/cmake_prefix_path.dsv'
[39.625s] INFO:colcon.colcon_core.shell:Creating environment hook '/home/mcav/cam_dev_ws/install/pylon_ros2_camera_component/share/pylon_ros2_camera_component/hook/cmake_prefix_path.sh'
[39.626s] Level 1:colcon.colcon_core.environment:checking '/home/mcav/cam_dev_ws/install/pylon_ros2_camera_component/lib'
[39.626s] Level 1:colcon.colcon_core.shell:create_environment_hook('pylon_ros2_camera_component', 'ld_library_path_lib')
[39.626s] INFO:colcon.colcon_core.shell:Creating environment hook '/home/mcav/cam_dev_ws/install/pylon_ros2_camera_component/share/pylon_ros2_camera_component/hook/ld_library_path_lib.ps1'
[39.626s] INFO:colcon.colcon_core.shell:Creating environment descriptor '/home/mcav/cam_dev_ws/install/pylon_ros2_camera_component/share/pylon_ros2_camera_component/hook/ld_library_path_lib.dsv'
[39.627s] INFO:colcon.colcon_core.shell:Creating environment hook '/home/mcav/cam_dev_ws/install/pylon_ros2_camera_component/share/pylon_ros2_camera_component/hook/ld_library_path_lib.sh'
[39.627s] Level 1:colcon.colcon_core.environment:checking '/home/mcav/cam_dev_ws/install/pylon_ros2_camera_component/bin'
[39.627s] Level 1:colcon.colcon_core.environment:checking '/home/mcav/cam_dev_ws/install/pylon_ros2_camera_component/lib/pkgconfig/pylon_ros2_camera_component.pc'
[39.627s] Level 1:colcon.colcon_core.environment:checking '/home/mcav/cam_dev_ws/install/pylon_ros2_camera_component/lib/python3.10/site-packages'
[39.628s] Level 1:colcon.colcon_core.environment:checking '/home/mcav/cam_dev_ws/install/pylon_ros2_camera_component/bin'
[39.628s] INFO:colcon.colcon_core.shell:Creating package script '/home/mcav/cam_dev_ws/install/pylon_ros2_camera_component/share/pylon_ros2_camera_component/package.ps1'
[39.629s] INFO:colcon.colcon_core.shell:Creating package descriptor '/home/mcav/cam_dev_ws/install/pylon_ros2_camera_component/share/pylon_ros2_camera_component/package.dsv'
[39.629s] INFO:colcon.colcon_core.shell:Creating package script '/home/mcav/cam_dev_ws/install/pylon_ros2_camera_component/share/pylon_ros2_camera_component/package.sh'
[39.630s] INFO:colcon.colcon_core.shell:Creating package script '/home/mcav/cam_dev_ws/install/pylon_ros2_camera_component/share/pylon_ros2_camera_component/package.bash'
[39.630s] INFO:colcon.colcon_core.shell:Creating package script '/home/mcav/cam_dev_ws/install/pylon_ros2_camera_component/share/pylon_ros2_camera_component/package.zsh'
[39.631s] Level 1:colcon.colcon_core.environment:create_file_with_runtime_dependencies(/home/mcav/cam_dev_ws/install/pylon_ros2_camera_component/share/colcon-core/packages/pylon_ros2_camera_component)
[39.631s] INFO:colcon.colcon_ros.task.ament_cmake.build:Building ROS package in '/home/mcav/cam_dev_ws/src/pylon_ros2_camera/pylon_ros2_camera_wrapper' with build type 'ament_cmake'
[39.631s] INFO:colcon.colcon_cmake.task.cmake.build:Building CMake package in '/home/mcav/cam_dev_ws/src/pylon_ros2_camera/pylon_ros2_camera_wrapper'
[39.631s] INFO:colcon.colcon_core.shell:Skip shell extension 'powershell' for command environment: Not usable outside of PowerShell
[39.631s] DEBUG:colcon.colcon_core.shell:Skip shell extension 'dsv' for command environment
[39.648s] DEBUG:colcon.colcon_core.event_handler.log_command:Invoking command in '/home/mcav/cam_dev_ws/build/pylon_ros2_camera_wrapper': CMAKE_PREFIX_PATH=/home/mcav/cam_dev_ws/install/pylon_ros2_camera_component:/home/mcav/cam_dev_ws/install/pylon_ros2_camera_interfaces:/home/mcav/cam_dev_ws/install/pylon_ros2_camera_wrapper:/opt/ros/humble LD_LIBRARY_PATH=/home/mcav/cam_dev_ws/install/pylon_ros2_camera_component/lib:/home/mcav/cam_dev_ws/install/pylon_ros2_camera_interfaces/lib:/home/mcav/cam_dev_ws/install/pylon_ros2_camera_wrapper/lib:/usr/local/cuda/lib64:/usr/local/cuda/lib64:/opt/ros/humble/opt/rviz_ogre_vendor/lib:/opt/ros/humble/lib/x86_64-linux-gnu:/opt/ros/humble/lib /usr/local/bin/cmake --build /home/mcav/cam_dev_ws/build/pylon_ros2_camera_wrapper -- -j8 -l8
[40.699s] DEBUG:colcon.colcon_core.event_handler.log_command:Invoked command in '/home/mcav/cam_dev_ws/build/pylon_ros2_camera_wrapper' returned '0': CMAKE_PREFIX_PATH=/home/mcav/cam_dev_ws/install/pylon_ros2_camera_component:/home/mcav/cam_dev_ws/install/pylon_ros2_camera_interfaces:/home/mcav/cam_dev_ws/install/pylon_ros2_camera_wrapper:/opt/ros/humble LD_LIBRARY_PATH=/home/mcav/cam_dev_ws/install/pylon_ros2_camera_component/lib:/home/mcav/cam_dev_ws/install/pylon_ros2_camera_interfaces/lib:/home/mcav/cam_dev_ws/install/pylon_ros2_camera_wrapper/lib:/usr/local/cuda/lib64:/usr/local/cuda/lib64:/opt/ros/humble/opt/rviz_ogre_vendor/lib:/opt/ros/humble/lib/x86_64-linux-gnu:/opt/ros/humble/lib /usr/local/bin/cmake --build /home/mcav/cam_dev_ws/build/pylon_ros2_camera_wrapper -- -j8 -l8
[40.701s] DEBUG:colcon.colcon_core.event_handler.log_command:Invoking command in '/home/mcav/cam_dev_ws/build/pylon_ros2_camera_wrapper': CMAKE_PREFIX_PATH=/home/mcav/cam_dev_ws/install/pylon_ros2_camera_component:/home/mcav/cam_dev_ws/install/pylon_ros2_camera_interfaces:/home/mcav/cam_dev_ws/install/pylon_ros2_camera_wrapper:/opt/ros/humble LD_LIBRARY_PATH=/home/mcav/cam_dev_ws/install/pylon_ros2_camera_component/lib:/home/mcav/cam_dev_ws/install/pylon_ros2_camera_interfaces/lib:/home/mcav/cam_dev_ws/install/pylon_ros2_camera_wrapper/lib:/usr/local/cuda/lib64:/usr/local/cuda/lib64:/opt/ros/humble/opt/rviz_ogre_vendor/lib:/opt/ros/humble/lib/x86_64-linux-gnu:/opt/ros/humble/lib /usr/local/bin/cmake --install /home/mcav/cam_dev_ws/build/pylon_ros2_camera_wrapper
[40.712s] Level 1:colcon.colcon_core.environment:create_environment_scripts_only(pylon_ros2_camera_wrapper)
[40.713s] Level 1:colcon.colcon_core.environment:checking '/home/mcav/cam_dev_ws/install/pylon_ros2_camera_wrapper' for CMake module files
[40.715s] Level 1:colcon.colcon_core.environment:checking '/home/mcav/cam_dev_ws/install/pylon_ros2_camera_wrapper' for CMake config files
[40.717s] DEBUG:colcon.colcon_core.event_handler.log_command:Invoked command in '/home/mcav/cam_dev_ws/build/pylon_ros2_camera_wrapper' returned '0': CMAKE_PREFIX_PATH=/home/mcav/cam_dev_ws/install/pylon_ros2_camera_component:/home/mcav/cam_dev_ws/install/pylon_ros2_camera_interfaces:/home/mcav/cam_dev_ws/install/pylon_ros2_camera_wrapper:/opt/ros/humble LD_LIBRARY_PATH=/home/mcav/cam_dev_ws/install/pylon_ros2_camera_component/lib:/home/mcav/cam_dev_ws/install/pylon_ros2_camera_interfaces/lib:/home/mcav/cam_dev_ws/install/pylon_ros2_camera_wrapper/lib:/usr/local/cuda/lib64:/usr/local/cuda/lib64:/opt/ros/humble/opt/rviz_ogre_vendor/lib:/opt/ros/humble/lib/x86_64-linux-gnu:/opt/ros/humble/lib /usr/local/bin/cmake --install /home/mcav/cam_dev_ws/build/pylon_ros2_camera_wrapper
[40.717s] Level 1:colcon.colcon_core.shell:create_environment_hook('pylon_ros2_camera_wrapper', 'cmake_prefix_path')
[40.718s] INFO:colcon.colcon_core.shell:Creating environment hook '/home/mcav/cam_dev_ws/install/pylon_ros2_camera_wrapper/share/pylon_ros2_camera_wrapper/hook/cmake_prefix_path.ps1'
[40.719s] INFO:colcon.colcon_core.shell:Creating environment descriptor '/home/mcav/cam_dev_ws/install/pylon_ros2_camera_wrapper/share/pylon_ros2_camera_wrapper/hook/cmake_prefix_path.dsv'
[40.719s] INFO:colcon.colcon_core.shell:Creating environment hook '/home/mcav/cam_dev_ws/install/pylon_ros2_camera_wrapper/share/pylon_ros2_camera_wrapper/hook/cmake_prefix_path.sh'
[40.720s] Level 1:colcon.colcon_core.environment:checking '/home/mcav/cam_dev_ws/install/pylon_ros2_camera_wrapper/lib'
[40.720s] Level 1:colcon.colcon_core.shell:create_environment_hook('pylon_ros2_camera_wrapper', 'ld_library_path_lib')
[40.720s] INFO:colcon.colcon_core.shell:Creating environment hook '/home/mcav/cam_dev_ws/install/pylon_ros2_camera_wrapper/share/pylon_ros2_camera_wrapper/hook/ld_library_path_lib.ps1'
[40.720s] INFO:colcon.colcon_core.shell:Creating environment descriptor '/home/mcav/cam_dev_ws/install/pylon_ros2_camera_wrapper/share/pylon_ros2_camera_wrapper/hook/ld_library_path_lib.dsv'
[40.721s] INFO:colcon.colcon_core.shell:Creating environment hook '/home/mcav/cam_dev_ws/install/pylon_ros2_camera_wrapper/share/pylon_ros2_camera_wrapper/hook/ld_library_path_lib.sh'
[40.721s] Level 1:colcon.colcon_core.environment:checking '/home/mcav/cam_dev_ws/install/pylon_ros2_camera_wrapper/bin'
[40.721s] Level 1:colcon.colcon_core.environment:checking '/home/mcav/cam_dev_ws/install/pylon_ros2_camera_wrapper/lib/pkgconfig/pylon_ros2_camera_wrapper.pc'
[40.721s] Level 1:colcon.colcon_core.environment:checking '/home/mcav/cam_dev_ws/install/pylon_ros2_camera_wrapper/lib/python3.10/site-packages'
[40.722s] Level 1:colcon.colcon_core.environment:checking '/home/mcav/cam_dev_ws/install/pylon_ros2_camera_wrapper/bin'
[40.722s] INFO:colcon.colcon_core.shell:Creating package script '/home/mcav/cam_dev_ws/install/pylon_ros2_camera_wrapper/share/pylon_ros2_camera_wrapper/package.ps1'
[40.723s] INFO:colcon.colcon_core.shell:Creating package descriptor '/home/mcav/cam_dev_ws/install/pylon_ros2_camera_wrapper/share/pylon_ros2_camera_wrapper/package.dsv'
[40.723s] INFO:colcon.colcon_core.shell:Creating package script '/home/mcav/cam_dev_ws/install/pylon_ros2_camera_wrapper/share/pylon_ros2_camera_wrapper/package.sh'
[40.723s] INFO:colcon.colcon_core.shell:Creating package script '/home/mcav/cam_dev_ws/install/pylon_ros2_camera_wrapper/share/pylon_ros2_camera_wrapper/package.bash'
[40.724s] INFO:colcon.colcon_core.shell:Creating package script '/home/mcav/cam_dev_ws/install/pylon_ros2_camera_wrapper/share/pylon_ros2_camera_wrapper/package.zsh'
[40.724s] Level 1:colcon.colcon_core.environment:create_file_with_runtime_dependencies(/home/mcav/cam_dev_ws/install/pylon_ros2_camera_wrapper/share/colcon-core/packages/pylon_ros2_camera_wrapper)
[40.725s] Level 1:colcon.colcon_core.environment:create_environment_scripts_only(pylon_ros2_camera_wrapper)
[40.725s] Level 1:colcon.colcon_core.environment:checking '/home/mcav/cam_dev_ws/install/pylon_ros2_camera_wrapper' for CMake module files
[40.726s] Level 1:colcon.colcon_core.environment:checking '/home/mcav/cam_dev_ws/install/pylon_ros2_camera_wrapper' for CMake config files
[40.726s] Level 1:colcon.colcon_core.shell:create_environment_hook('pylon_ros2_camera_wrapper', 'cmake_prefix_path')
[40.726s] INFO:colcon.colcon_core.shell:Creating environment hook '/home/mcav/cam_dev_ws/install/pylon_ros2_camera_wrapper/share/pylon_ros2_camera_wrapper/hook/cmake_prefix_path.ps1'
[40.726s] INFO:colcon.colcon_core.shell:Creating environment descriptor '/home/mcav/cam_dev_ws/install/pylon_ros2_camera_wrapper/share/pylon_ros2_camera_wrapper/hook/cmake_prefix_path.dsv'
[40.727s] INFO:colcon.colcon_core.shell:Creating environment hook '/home/mcav/cam_dev_ws/install/pylon_ros2_camera_wrapper/share/pylon_ros2_camera_wrapper/hook/cmake_prefix_path.sh'
[40.727s] Level 1:colcon.colcon_core.environment:checking '/home/mcav/cam_dev_ws/install/pylon_ros2_camera_wrapper/lib'
[40.727s] Level 1:colcon.colcon_core.shell:create_environment_hook('pylon_ros2_camera_wrapper', 'ld_library_path_lib')
[40.728s] INFO:colcon.colcon_core.shell:Creating environment hook '/home/mcav/cam_dev_ws/install/pylon_ros2_camera_wrapper/share/pylon_ros2_camera_wrapper/hook/ld_library_path_lib.ps1'
[40.728s] INFO:colcon.colcon_core.shell:Creating environment descriptor '/home/mcav/cam_dev_ws/install/pylon_ros2_camera_wrapper/share/pylon_ros2_camera_wrapper/hook/ld_library_path_lib.dsv'
[40.728s] INFO:colcon.colcon_core.shell:Creating environment hook '/home/mcav/cam_dev_ws/install/pylon_ros2_camera_wrapper/share/pylon_ros2_camera_wrapper/hook/ld_library_path_lib.sh'
[40.729s] Level 1:colcon.colcon_core.environment:checking '/home/mcav/cam_dev_ws/install/pylon_ros2_camera_wrapper/bin'
[40.729s] Level 1:colcon.colcon_core.environment:checking '/home/mcav/cam_dev_ws/install/pylon_ros2_camera_wrapper/lib/pkgconfig/pylon_ros2_camera_wrapper.pc'
[40.729s] Level 1:colcon.colcon_core.environment:checking '/home/mcav/cam_dev_ws/install/pylon_ros2_camera_wrapper/lib/python3.10/site-packages'
[40.729s] Level 1:colcon.colcon_core.environment:checking '/home/mcav/cam_dev_ws/install/pylon_ros2_camera_wrapper/bin'
[40.730s] INFO:colcon.colcon_core.shell:Creating package script '/home/mcav/cam_dev_ws/install/pylon_ros2_camera_wrapper/share/pylon_ros2_camera_wrapper/package.ps1'
[40.731s] INFO:colcon.colcon_core.shell:Creating package descriptor '/home/mcav/cam_dev_ws/install/pylon_ros2_camera_wrapper/share/pylon_ros2_camera_wrapper/package.dsv'
[40.731s] INFO:colcon.colcon_core.shell:Creating package script '/home/mcav/cam_dev_ws/install/pylon_ros2_camera_wrapper/share/pylon_ros2_camera_wrapper/package.sh'
[40.732s] INFO:colcon.colcon_core.shell:Creating package script '/home/mcav/cam_dev_ws/install/pylon_ros2_camera_wrapper/share/pylon_ros2_camera_wrapper/package.bash'
[40.732s] INFO:colcon.colcon_core.shell:Creating package script '/home/mcav/cam_dev_ws/install/pylon_ros2_camera_wrapper/share/pylon_ros2_camera_wrapper/package.zsh'
[40.732s] Level 1:colcon.colcon_core.environment:create_file_with_runtime_dependencies(/home/mcav/cam_dev_ws/install/pylon_ros2_camera_wrapper/share/colcon-core/packages/pylon_ros2_camera_wrapper)
[40.733s] DEBUG:colcon.colcon_parallel_executor.executor.parallel:closing loop
[40.733s] DEBUG:colcon.colcon_parallel_executor.executor.parallel:loop closed
[40.733s] DEBUG:colcon.colcon_parallel_executor.executor.parallel:run_until_complete finished with '0'
[40.733s] DEBUG:colcon.colcon_core.event_reactor:joining thread
[40.739s] INFO:colcon.colcon_core.plugin_system:Skipping extension 'colcon_notification.desktop_notification.terminal_notifier': Not used on non-Darwin systems
[40.739s] INFO:colcon.colcon_core.plugin_system:Skipping extension 'colcon_notification.desktop_notification.win32': Not used on non-Windows systems
[40.739s] INFO:colcon.colcon_notification.desktop_notification:Sending desktop notification using 'notify2'
[40.756s] DEBUG:colcon.colcon_core.event_reactor:joined thread
[40.757s] INFO:colcon.colcon_core.shell:Creating prefix script '/home/mcav/cam_dev_ws/install/local_setup.ps1'
[40.758s] INFO:colcon.colcon_core.shell:Creating prefix util module '/home/mcav/cam_dev_ws/install/_local_setup_util_ps1.py'
[40.761s] INFO:colcon.colcon_core.shell:Creating prefix chain script '/home/mcav/cam_dev_ws/install/setup.ps1'
[40.763s] INFO:colcon.colcon_core.shell:Creating prefix script '/home/mcav/cam_dev_ws/install/local_setup.sh'
[40.763s] INFO:colcon.colcon_core.shell:Creating prefix util module '/home/mcav/cam_dev_ws/install/_local_setup_util_sh.py'
[40.764s] INFO:colcon.colcon_core.shell:Creating prefix chain script '/home/mcav/cam_dev_ws/install/setup.sh'
[40.765s] INFO:colcon.colcon_core.shell:Creating prefix script '/home/mcav/cam_dev_ws/install/local_setup.bash'
[40.766s] INFO:colcon.colcon_core.shell:Creating prefix chain script '/home/mcav/cam_dev_ws/install/setup.bash'
[40.767s] INFO:colcon.colcon_core.shell:Creating prefix script '/home/mcav/cam_dev_ws/install/local_setup.zsh'
[40.767s] INFO:colcon.colcon_core.shell:Creating prefix chain script '/home/mcav/cam_dev_ws/install/setup.zsh'
