-- The C compiler identification is GNU 11.4.0
-- The CXX compiler identification is GNU 11.4.0
-- Detecting C compiler ABI info
-- Detecting C compiler ABI info - done
-- Check for working C compiler: /usr/lib/ccache/gcc - skipped
-- Detecting C compile features
-- Detecting C compile features - done
-- Detecting CXX compiler ABI info
-- Detecting CXX compiler ABI info - done
-- Check for working CXX compiler: /usr/lib/ccache/g++ - skipped
-- Detecting CXX compile features
-- Detecting CXX compile features - done
-- Pylon blaze support: DISABLED (pylon/BlazeInstantCamera.h not found)
-- Found ament_cmake: 1.3.14 (/opt/ros/humble/share/ament_cmake/cmake)
-- Found Python3: /usr/bin/python3 (found version "3.10.12") found components: Interpreter 
-- Found pylon_ros2_camera_interfaces: 1.1.0 (/home/mcav/cam_dev_ws/install/pylon_ros2_camera_interfaces/share/pylon_ros2_camera_interfaces/cmake)
-- Found rosidl_generator_c: 3.1.9 (/opt/ros/humble/share/rosidl_generator_c/cmake)
-- Found rosidl_adapter: 3.1.9 (/opt/ros/humble/share/rosidl_adapter/cmake)
-- Found rosidl_generator_cpp: 3.1.9 (/opt/ros/humble/share/rosidl_generator_cpp/cmake)
-- Using all available rosidl_typesupport_c: rosidl_typesupport_fastrtps_c;rosidl_typesupport_introspection_c
-- Using all available rosidl_typesupport_cpp: rosidl_typesupport_fastrtps_cpp;rosidl_typesupport_introspection_cpp
-- Found rclcpp: 16.0.19 (/opt/ros/humble/share/rclcpp/cmake)
-- Found rmw_implementation_cmake: 6.1.2 (/opt/ros/humble/share/rmw_implementation_cmake/cmake)
-- Found rmw_cyclonedds_cpp: 1.3.4 (/opt/ros/humble/share/rmw_cyclonedds_cpp/cmake)
-- Using RMW implementation 'rmw_cyclonedds_cpp' as default
-- Performing Test CMAKE_HAVE_LIBC_PTHREAD
-- Performing Test CMAKE_HAVE_LIBC_PTHREAD - Success
-- Found Threads: TRUE  
-- Found rclcpp_action: 16.0.19 (/opt/ros/humble/share/rclcpp_action/cmake)
-- Found rclcpp_components: 16.0.19 (/opt/ros/humble/share/rclcpp_components/cmake)
-- Found cv_bridge: 3.2.1 (/opt/ros/humble/share/cv_bridge/cmake)
-- Found pcl_ros: 2.4.5 (/opt/ros/humble/share/pcl_ros/cmake)
CMake Warning (dev) at /usr/lib/x86_64-linux-gnu/cmake/pcl/PCLConfig.cmake:146 (find_package):
  Policy CMP0144 is not set: find_package uses upper-case <PACKAGENAME>_ROOT
  variables.  Run "cmake --help-policy CMP0144" for policy details.  Use the
  cmake_policy command to set the policy and suppress this warning.

  CMake variable EIGEN_ROOT is set to:

    /usr/include/eigen3

  For compatibility, find_package is ignoring the variable, but code in a
  .cmake module might still use it.
Call Stack (most recent call first):
  /usr/lib/x86_64-linux-gnu/cmake/pcl/PCLConfig.cmake:299 (find_eigen)
  /usr/lib/x86_64-linux-gnu/cmake/pcl/PCLConfig.cmake:543 (find_external_library)
  /opt/ros/humble/share/pcl_conversions/cmake/ament_cmake_export_dependencies-extras.cmake:21 (find_package)
  /opt/ros/humble/share/pcl_conversions/cmake/pcl_conversionsConfig.cmake:41 (include)
  /opt/ros/humble/share/pcl_ros/cmake/ament_cmake_export_dependencies-extras.cmake:21 (find_package)
  /opt/ros/humble/share/pcl_ros/cmake/pcl_rosConfig.cmake:41 (include)
  CMakeLists.txt:63 (find_package)
This warning is for project developers.  Use -Wno-dev to suppress it.

-- Checking for module 'eigen3'
--   Found eigen3, version 3.4.0
-- Found Eigen: /usr/include/eigen3 (Required is at least version "3.1") 
-- Eigen found (include: /usr/include/eigen3, version: 3.4.0)
CMake Warning (dev) at /usr/lib/x86_64-linux-gnu/cmake/pcl/Modules/FindFLANN.cmake:44 (find_package):
  Policy CMP0144 is not set: find_package uses upper-case <PACKAGENAME>_ROOT
  variables.  Run "cmake --help-policy CMP0144" for policy details.  Use the
  cmake_policy command to set the policy and suppress this warning.

  CMake variable FLANN_ROOT is set to:

    /usr

  For compatibility, find_package is ignoring the variable, but code in a
  .cmake module might still use it.
Call Stack (most recent call first):
  /usr/lib/x86_64-linux-gnu/cmake/pcl/PCLConfig.cmake:256 (find_package)
  /usr/lib/x86_64-linux-gnu/cmake/pcl/PCLConfig.cmake:301 (find_flann)
  /usr/lib/x86_64-linux-gnu/cmake/pcl/PCLConfig.cmake:543 (find_external_library)
  /opt/ros/humble/share/pcl_conversions/cmake/ament_cmake_export_dependencies-extras.cmake:21 (find_package)
  /opt/ros/humble/share/pcl_conversions/cmake/pcl_conversionsConfig.cmake:41 (include)
  /opt/ros/humble/share/pcl_ros/cmake/ament_cmake_export_dependencies-extras.cmake:21 (find_package)
  /opt/ros/humble/share/pcl_ros/cmake/pcl_rosConfig.cmake:41 (include)
  CMakeLists.txt:63 (find_package)
This warning is for project developers.  Use -Wno-dev to suppress it.

-- Checking for module 'flann'
--   Found flann, version 1.9.1
-- Found FLANN: /usr/lib/x86_64-linux-gnu/libflann_cpp.so  
-- FLANN found (include: /usr/include, lib: /usr/lib/x86_64-linux-gnu/libflann_cpp.so)
-- Checking for module 'libusb-1.0'
--   Found libusb-1.0, version 1.0.25
-- Found libusb: /usr/lib/x86_64-linux-gnu/libusb-1.0.so  
-- OpenNI found (version: 1.5.4.0, include: /usr/include/ni, lib: /usr/lib/libOpenNI.so;libusb::libusb)
-- OpenNI2 found (version: 2.2.0.33, include: /usr/include/openni2, lib: /usr/lib/x86_64-linux-gnu/libOpenNI2.so;libusb::libusb)
-- Eigen found (include: /usr/include/eigen3, version: 3.4.0)
-- OpenNI found (version: 1.5.4.0, include: /usr/include/ni, lib: /usr/lib/libOpenNI.so;libusb::libusb)
-- OpenNI2 found (version: 2.2.0.33, include: /usr/include/openni2, lib: /usr/lib/x86_64-linux-gnu/libOpenNI2.so;libusb::libusb)
-- Found Qhull version 8.0.2
-- OpenNI found (version: 1.5.4.0, include: /usr/include/ni, lib: /usr/lib/libOpenNI.so;libusb::libusb)
-- Found PCL_COMMON: /usr/lib/x86_64-linux-gnu/libpcl_common.so  
-- Found PCL_KDTREE: /usr/lib/x86_64-linux-gnu/libpcl_kdtree.so  
-- Found PCL_OCTREE: /usr/lib/x86_64-linux-gnu/libpcl_octree.so  
-- Found PCL_SEARCH: /usr/lib/x86_64-linux-gnu/libpcl_search.so  
-- Found PCL_SAMPLE_CONSENSUS: /usr/lib/x86_64-linux-gnu/libpcl_sample_consensus.so  
-- Found PCL_FILTERS: /usr/lib/x86_64-linux-gnu/libpcl_filters.so  
-- Found PCL_2D: /usr/include/pcl-1.12  
-- Found PCL_GEOMETRY: /usr/include/pcl-1.12  
-- Found PCL_IO: /usr/lib/x86_64-linux-gnu/libpcl_io.so  
-- Found PCL_FEATURES: /usr/lib/x86_64-linux-gnu/libpcl_features.so  
-- Found PCL_ML: /usr/lib/x86_64-linux-gnu/libpcl_ml.so  
-- Found PCL_SEGMENTATION: /usr/lib/x86_64-linux-gnu/libpcl_segmentation.so  
-- Found PCL_VISUALIZATION: /usr/lib/x86_64-linux-gnu/libpcl_visualization.so  
-- Found PCL_SURFACE: /usr/lib/x86_64-linux-gnu/libpcl_surface.so  
-- Found PCL_REGISTRATION: /usr/lib/x86_64-linux-gnu/libpcl_registration.so  
-- Found PCL_KEYPOINTS: /usr/lib/x86_64-linux-gnu/libpcl_keypoints.so  
-- Found PCL_TRACKING: /usr/lib/x86_64-linux-gnu/libpcl_tracking.so  
-- Found PCL_RECOGNITION: /usr/lib/x86_64-linux-gnu/libpcl_recognition.so  
-- Found PCL_STEREO: /usr/lib/x86_64-linux-gnu/libpcl_stereo.so  
-- Found PCL_APPS: /usr/lib/x86_64-linux-gnu/libpcl_apps.so  
-- Found PCL_IN_HAND_SCANNER: /usr/include/pcl-1.12  
-- Found PCL_MODELER: /usr/include/pcl-1.12  
-- Found PCL_POINT_CLOUD_EDITOR: /usr/include/pcl-1.12  
-- Found PCL_OUTOFCORE: /usr/lib/x86_64-linux-gnu/libpcl_outofcore.so  
-- Found PCL_PEOPLE: /usr/lib/x86_64-linux-gnu/libpcl_people.so  
-- Found eigen3_cmake_module: 0.1.1 (/opt/ros/humble/share/eigen3_cmake_module/cmake)
-- Found Eigen3: TRUE (found version "3.4.0") 
-- Ensuring Eigen3 include directory is part of orocos-kdl CMake target
-- Found camera_info_manager: 3.1.13 (/opt/ros/humble/share/camera_info_manager/cmake)
-- Found image_geometry: 3.2.1 (/opt/ros/humble/share/image_geometry/cmake)
-- Found image_transport: 3.1.13 (/opt/ros/humble/share/image_transport/cmake)
-- Found diagnostic_updater: 4.0.7 (/opt/ros/humble/share/diagnostic_updater/cmake)
-- Found Boost: /usr/lib/x86_64-linux-gnu/cmake/Boost-1.74.0/BoostConfig.cmake (found version "1.74.0") found components: date_time 
-- Found ament_lint_auto: 0.12.15 (/opt/ros/humble/share/ament_lint_auto/cmake)
-- Found python_cmake_module: 0.10.0 (/opt/ros/humble/share/python_cmake_module/cmake)
CMake Warning (dev) at /opt/ros/humble/share/python_cmake_module/cmake/Modules/FindPythonExtra.cmake:52 (find_package):
  Policy CMP0148 is not set: The FindPythonInterp and FindPythonLibs modules
  are removed.  Run "cmake --help-policy CMP0148" for policy details.  Use
  the cmake_policy command to set the policy and suppress this warning.

Call Stack (most recent call first):
  /opt/ros/humble/share/launch_testing_ament_cmake/cmake/launch_testing_ament_cmake-extras.cmake:18 (find_package)
  /opt/ros/humble/share/launch_testing_ament_cmake/cmake/launch_testing_ament_cmakeConfig.cmake:41 (include)
  /opt/ros/humble/share/ament_lint_auto/cmake/ament_lint_auto_find_test_dependencies.cmake:36 (find_package)
  CMakeLists.txt:193 (ament_lint_auto_find_test_dependencies)
This warning is for project developers.  Use -Wno-dev to suppress it.

-- Found PythonInterp: /usr/bin/python3 (found suitable version "3.10.12", minimum required is "3.6") 
CMake Warning (dev) at /opt/ros/humble/share/python_cmake_module/cmake/Modules/FindPythonExtra.cmake:140 (find_package):
  Policy CMP0148 is not set: The FindPythonInterp and FindPythonLibs modules
  are removed.  Run "cmake --help-policy CMP0148" for policy details.  Use
  the cmake_policy command to set the policy and suppress this warning.

Call Stack (most recent call first):
  /opt/ros/humble/share/launch_testing_ament_cmake/cmake/launch_testing_ament_cmake-extras.cmake:18 (find_package)
  /opt/ros/humble/share/launch_testing_ament_cmake/cmake/launch_testing_ament_cmakeConfig.cmake:41 (include)
  /opt/ros/humble/share/ament_lint_auto/cmake/ament_lint_auto_find_test_dependencies.cmake:36 (find_package)
  CMakeLists.txt:193 (ament_lint_auto_find_test_dependencies)
This warning is for project developers.  Use -Wno-dev to suppress it.

-- Found PythonLibs: /usr/lib/x86_64-linux-gnu/libpython3.10.so (found suitable version "3.10.12", minimum required is "3.5") 
-- Using PYTHON_EXECUTABLE: /usr/bin/python3
-- Using PYTHON_INCLUDE_DIRS: /usr/include/python3.10
-- Using PYTHON_LIBRARIES: /usr/lib/x86_64-linux-gnu/libpython3.10.so
-- Found PythonExtra: .so  
-- Added test 'copyright' to check source files copyright and LICENSE
-- Added test 'cppcheck' to perform static code analysis on C / C++ code
-- Configured cppcheck include dirs: $<BUILD_INTERFACE:/home/mcav/cam_dev_ws/src/pylon_ros2_camera/pylon_ros2_camera_component/include>
-- Configured cppcheck exclude dirs and/or files: 
-- Added test 'cpplint' to check C / C++ code against the Google style
-- Configured cpplint exclude dirs and/or files: 
-- Added test 'lint_cmake' to check CMake code style
-- Added test 'uncrustify' to check C / C++ code style
-- Configured uncrustify additional arguments: 
-- Added test 'xmllint' to check XML markup files
-- Configuring done (6.6s)
-- Generating done (0.1s)
-- Build files have been written to: /home/mcav/cam_dev_ws/build/pylon_ros2_camera_component
[ 20%] [32mBuilding CXX object CMakeFiles/set_device_user_id.dir/src/tools/set_device_user_id.cpp.o[0m
[ 20%] [32mBuilding CXX object CMakeFiles/ip_auto_config.dir/src/tools/ip_auto_config.cpp.o[0m
[ 30%] [32mBuilding CXX object CMakeFiles/pylon_ros2_camera_component.dir/src/binary_exposure_search.cpp.o[0m
[ 40%] [32mBuilding CXX object CMakeFiles/pylon_ros2_camera_component.dir/src/pylon_ros2_camera_node.cpp.o[0m
[ 50%] [32mBuilding CXX object CMakeFiles/pylon_ros2_camera_component.dir/src/pylon_ros2_camera_parameter.cpp.o[0m
[ 70%] [32mBuilding CXX object CMakeFiles/pylon_ros2_camera_component.dir/src/encoding_conversions.cpp.o[0m
[ 70%] [32mBuilding CXX object CMakeFiles/pylon_ros2_camera_component.dir/src/pylon_ros2_camera.cpp.o[0m
[01m[K/home/mcav/cam_dev_ws/src/pylon_ros2_camera/pylon_ros2_camera_component/src/tools/set_device_user_id.cpp:[m[K In function ‘[01m[Kint main(int, char**)[m[K’:
[01m[K/home/mcav/cam_dev_ws/src/pylon_ros2_camera/pylon_ros2_camera_component/src/tools/set_device_user_id.cpp:165:18:[m[K [01;35m[Kwarning: [m[Kstatement has no effect [[01;35m[K-Wunused-value[m[K]
  165 |             for ([01;35m[Ki[m[K; i < devices.size(); i++)
      |                  [01;35m[K^[m[K
[ 80%] [32m[1mLinking CXX executable set_device_user_id[0m
[ 80%] Built target set_device_user_id
In file included from [01m[K/home/mcav/cam_dev_ws/src/pylon_ros2_camera/pylon_ros2_camera_component/include/internal/pylon_ros2_camera_impl.hpp:474[m[K,
                 from [01m[K/home/mcav/cam_dev_ws/src/pylon_ros2_camera/pylon_ros2_camera_component/src/pylon_ros2_camera.cpp:29[m[K:
/home/mcav/cam_dev_ws/src/pylon_ros2_camera/pylon_ros2_camera_component/include/internal/impl/pylon_ros2_camera_base.hpp: In instantiation of ‘[01m[Kbool pylon_ros2_camera::PylonROS2CameraImpl<CameraTraitT>::setExtendedBrightness(const int&, const float&) [with CameraTraitT = pylon_ros2_camera::GigECameraTrait][m[K’:
[01m[K/home/mcav/cam_dev_ws/src/pylon_ros2_camera/pylon_ros2_camera_component/include/internal/impl/pylon_ros2_camera_base.hpp:1327:6:[m[K   required from here
[01m[K/home/mcav/cam_dev_ws/src/pylon_ros2_camera/pylon_ros2_camera_component/include/internal/impl/pylon_ros2_camera_base.hpp:1331:11:[m[K [01;35m[Kwarning: [m[Kvariable ‘[01m[KautoTargetBrightnessMax[m[K’ set but not used [[01;35m[K-Wunused-but-set-variable[m[K]
 1331 |     float [01;35m[KautoTargetBrightnessMax[m[K = 0.0;
      |           [01;35m[K^~~~~~~~~~~~~~~~~~~~~~~[m[K
/home/mcav/cam_dev_ws/src/pylon_ros2_camera/pylon_ros2_camera_component/include/internal/impl/pylon_ros2_camera_base.hpp: In instantiation of ‘[01m[Kbool pylon_ros2_camera::PylonROS2CameraImpl<CameraTraitT>::setExtendedBrightness(const int&, const float&) [with CameraTraitT = pylon_ros2_camera::USBCameraTrait][m[K’:
[01m[K/home/mcav/cam_dev_ws/src/pylon_ros2_camera/pylon_ros2_camera_component/include/internal/impl/pylon_ros2_camera_base.hpp:1327:6:[m[K   required from here
[01m[K/home/mcav/cam_dev_ws/src/pylon_ros2_camera/pylon_ros2_camera_component/include/internal/impl/pylon_ros2_camera_base.hpp:1331:11:[m[K [01;35m[Kwarning: [m[Kvariable ‘[01m[KautoTargetBrightnessMax[m[K’ set but not used [[01;35m[K-Wunused-but-set-variable[m[K]
In file included from [01m[K/opt/pylon/include/pylon/BaslerUniversalInstantCamera.h:25[m[K,
                 from [01m[K/home/mcav/cam_dev_ws/src/pylon_ros2_camera/pylon_ros2_camera_component/include/internal/impl/pylon_ros2_camera_base.hpp:41[m[K,
                 from [01m[K/home/mcav/cam_dev_ws/src/pylon_ros2_camera/pylon_ros2_camera_component/include/internal/pylon_ros2_camera_impl.hpp:474[m[K,
                 from [01m[K/home/mcav/cam_dev_ws/src/pylon_ros2_camera/pylon_ros2_camera_component/src/pylon_ros2_camera.cpp:29[m[K:
/opt/pylon/include/pylon/private/DeviceSpecificInstantCamera.h: In instantiation of ‘[01m[Kbool Pylon::CDeviceSpecificInstantCameraT<CameraTraitsT>::RetrieveResult(unsigned int, typename CameraTraitsT::GrabResultPtr_t&, Pylon::ETimeoutHandling) [with CameraTraitsT = Pylon::CBaslerUniversalInstantCameraTraits; typename CameraTraitsT::GrabResultPtr_t = Pylon::CBaslerUniversalGrabResultPtr][m[K’:
[01m[K/opt/pylon/include/pylon/private/DeviceSpecificInstantCamera.h:402:14:[m[K   required from here
[01m[K/opt/pylon/include/pylon/private/DeviceSpecificInstantCamera.h:411:24:[m[K [01;35m[Kwarning: [m[Kimplicitly-declared ‘[01m[KPylon::CBaslerUniversalGrabResultPtr& Pylon::CBaslerUniversalGrabResultPtr::operator=(const Pylon::CBaslerUniversalGrabResultPtr&)[m[K’ is deprecated [[01;35m[K-Wdeprecated-copy[m[K]
  411 |             [01;35m[KgrabResult = grabResultLocal[m[K;
      |             [01;35m[K~~~~~~~~~~~^~~~~~~~~~~~~~~~~[m[K
In file included from [01m[K/opt/pylon/include/pylon/BaslerUniversalGrabResultPtr.h:18[m[K,
                 from [01m[K/home/mcav/cam_dev_ws/src/pylon_ros2_camera/pylon_ros2_camera_component/include/internal/pylon_ros2_camera_impl.hpp:34[m[K,
                 from [01m[K/home/mcav/cam_dev_ws/src/pylon_ros2_camera/pylon_ros2_camera_component/src/pylon_ros2_camera.cpp:29[m[K:
[01m[K/opt/pylon/include/pylon/BaslerUniversalGrabResultPtr.h:27:51:[m[K [01;36m[Knote: [m[Kbecause ‘[01m[KPylon::CBaslerUniversalGrabResultPtr[m[K’ has user-provided ‘[01m[KPylon::CBaslerUniversalGrabResultPtr::CBaslerUniversalGrabResultPtr(const Pylon::CBaslerUniversalGrabResultPtr&)[m[K’
   27 |     PYLON_DEFINE_DEVICE_SPECIFIC_GRAB_RESULT_PTR( [01;36m[KCBaslerUniversalGrabResultPtr[m[K, CBaslerUniversalGrabResultData )
      |                                                   [01;36m[K^~~~~~~~~~~~~~~~~~~~~~~~~~~~~[m[K
[01m[K/opt/pylon/include/pylon/private/DeviceSpecificGrabResultPtr.h:40:13:[m[K [01;36m[Knote: [m[Kin definition of macro ‘[01m[KPYLON_DEFINE_DEVICE_SPECIFIC_GRAB_RESULT_PTR[m[K’
   40 |             [01;36m[KClassName[m[K( const ClassName& rhs ) \
      |             [01;36m[K^~~~~~~~~[m[K
In file included from [01m[K/opt/pylon/include/pylon/BaslerUniversalInstantCamera.h:25[m[K,
                 from [01m[K/home/mcav/cam_dev_ws/src/pylon_ros2_camera/pylon_ros2_camera_component/include/internal/impl/pylon_ros2_camera_base.hpp:41[m[K,
                 from [01m[K/home/mcav/cam_dev_ws/src/pylon_ros2_camera/pylon_ros2_camera_component/include/internal/pylon_ros2_camera_impl.hpp:474[m[K,
                 from [01m[K/home/mcav/cam_dev_ws/src/pylon_ros2_camera/pylon_ros2_camera_component/src/pylon_ros2_camera.cpp:29[m[K:
/opt/pylon/include/pylon/private/DeviceSpecificInstantCamera.h: In instantiation of ‘[01m[Kbool Pylon::CDeviceSpecificInstantCameraT<CameraTraitsT>::GrabOne(unsigned int, typename CameraTraitsT::GrabResultPtr_t&, Pylon::ETimeoutHandling) [with CameraTraitsT = Pylon::CBaslerUniversalInstantCameraTraits; typename CameraTraitsT::GrabResultPtr_t = Pylon::CBaslerUniversalGrabResultPtr][m[K’:
[01m[K/opt/pylon/include/pylon/private/DeviceSpecificInstantCamera.h:418:14:[m[K   required from here
[01m[K/opt/pylon/include/pylon/private/DeviceSpecificInstantCamera.h:427:24:[m[K [01;35m[Kwarning: [m[Kimplicitly-declared ‘[01m[KPylon::CBaslerUniversalGrabResultPtr& Pylon::CBaslerUniversalGrabResultPtr::operator=(const Pylon::CBaslerUniversalGrabResultPtr&)[m[K’ is deprecated [[01;35m[K-Wdeprecated-copy[m[K]
  427 |             [01;35m[KgrabResult = grabResultLocal[m[K;
      |             [01;35m[K~~~~~~~~~~~^~~~~~~~~~~~~~~~~[m[K
In file included from [01m[K/opt/pylon/include/pylon/BaslerUniversalGrabResultPtr.h:18[m[K,
                 from [01m[K/home/mcav/cam_dev_ws/src/pylon_ros2_camera/pylon_ros2_camera_component/include/internal/pylon_ros2_camera_impl.hpp:34[m[K,
                 from [01m[K/home/mcav/cam_dev_ws/src/pylon_ros2_camera/pylon_ros2_camera_component/src/pylon_ros2_camera.cpp:29[m[K:
[01m[K/opt/pylon/include/pylon/BaslerUniversalGrabResultPtr.h:27:51:[m[K [01;36m[Knote: [m[Kbecause ‘[01m[KPylon::CBaslerUniversalGrabResultPtr[m[K’ has user-provided ‘[01m[KPylon::CBaslerUniversalGrabResultPtr::CBaslerUniversalGrabResultPtr(const Pylon::CBaslerUniversalGrabResultPtr&)[m[K’
   27 |     PYLON_DEFINE_DEVICE_SPECIFIC_GRAB_RESULT_PTR( [01;36m[KCBaslerUniversalGrabResultPtr[m[K, CBaslerUniversalGrabResultData )
      |                                                   [01;36m[K^~~~~~~~~~~~~~~~~~~~~~~~~~~~~[m[K
[01m[K/opt/pylon/include/pylon/private/DeviceSpecificGrabResultPtr.h:40:13:[m[K [01;36m[Knote: [m[Kin definition of macro ‘[01m[KPYLON_DEFINE_DEVICE_SPECIFIC_GRAB_RESULT_PTR[m[K’
   40 |             [01;36m[KClassName[m[K( const ClassName& rhs ) \
      |             [01;36m[K^~~~~~~~~[m[K
In file included from [01m[K/opt/pylon/include/pylon/gige/BaslerGigEInstantCamera.h:26[m[K,
                 from [01m[K/home/mcav/cam_dev_ws/src/pylon_ros2_camera/pylon_ros2_camera_component/src/tools/ip_auto_config.cpp:30[m[K:
/opt/pylon/include/pylon/private/DeviceSpecificInstantCamera.h: In instantiation of ‘[01m[Kbool Pylon::CDeviceSpecificInstantCameraT<CameraTraitsT>::RetrieveResult(unsigned int, typename CameraTraitsT::GrabResultPtr_t&, Pylon::ETimeoutHandling) [with CameraTraitsT = Pylon::CBaslerGigEInstantCameraTraits; typename CameraTraitsT::GrabResultPtr_t = Pylon::CBaslerGigEGrabResultPtr][m[K’:
[01m[K/opt/pylon/include/pylon/private/DeviceSpecificInstantCamera.h:402:14:[m[K   required from here
[01m[K/opt/pylon/include/pylon/private/DeviceSpecificInstantCamera.h:411:24:[m[K [01;35m[Kwarning: [m[Kimplicitly-declared ‘[01m[KPylon::CBaslerGigEGrabResultPtr& Pylon::CBaslerGigEGrabResultPtr::operator=(const Pylon::CBaslerGigEGrabResultPtr&)[m[K’ is deprecated [[01;35m[K-Wdeprecated-copy[m[K]
  411 |             [01;35m[KgrabResult = grabResultLocal[m[K;
      |             [01;35m[K~~~~~~~~~~~^~~~~~~~~~~~~~~~~[m[K
In file included from [01m[K/opt/pylon/include/pylon/gige/BaslerGigEGrabResultPtr.h:16[m[K,
                 from [01m[K/opt/pylon/include/pylon/gige/BaslerGigEImageEventHandler.h:21[m[K,
                 from [01m[K/opt/pylon/include/pylon/gige/BaslerGigEInstantCamera.h:23[m[K,
                 from [01m[K/home/mcav/cam_dev_ws/src/pylon_ros2_camera/pylon_ros2_camera_component/src/tools/ip_auto_config.cpp:30[m[K:
[01m[K/opt/pylon/include/pylon/gige/BaslerGigEGrabResultPtr.h:25:51:[m[K [01;36m[Knote: [m[Kbecause ‘[01m[KPylon::CBaslerGigEGrabResultPtr[m[K’ has user-provided ‘[01m[KPylon::CBaslerGigEGrabResultPtr::CBaslerGigEGrabResultPtr(const Pylon::CBaslerGigEGrabResultPtr&)[m[K’
   25 |     PYLON_DEFINE_DEVICE_SPECIFIC_GRAB_RESULT_PTR( [01;36m[KCBaslerGigEGrabResultPtr[m[K, CBaslerGigEGrabResultData )
      |                                                   [01;36m[K^~~~~~~~~~~~~~~~~~~~~~~~[m[K
[01m[K/opt/pylon/include/pylon/private/DeviceSpecificGrabResultPtr.h:40:13:[m[K [01;36m[Knote: [m[Kin definition of macro ‘[01m[KPYLON_DEFINE_DEVICE_SPECIFIC_GRAB_RESULT_PTR[m[K’
   40 |             [01;36m[KClassName[m[K( const ClassName& rhs ) \
      |             [01;36m[K^~~~~~~~~[m[K
In file included from [01m[K/opt/pylon/include/pylon/gige/BaslerGigEInstantCamera.h:26[m[K,
                 from [01m[K/home/mcav/cam_dev_ws/src/pylon_ros2_camera/pylon_ros2_camera_component/src/tools/ip_auto_config.cpp:30[m[K:
/opt/pylon/include/pylon/private/DeviceSpecificInstantCamera.h: In instantiation of ‘[01m[Kbool Pylon::CDeviceSpecificInstantCameraT<CameraTraitsT>::GrabOne(unsigned int, typename CameraTraitsT::GrabResultPtr_t&, Pylon::ETimeoutHandling) [with CameraTraitsT = Pylon::CBaslerGigEInstantCameraTraits; typename CameraTraitsT::GrabResultPtr_t = Pylon::CBaslerGigEGrabResultPtr][m[K’:
[01m[K/opt/pylon/include/pylon/private/DeviceSpecificInstantCamera.h:418:14:[m[K   required from here
[01m[K/opt/pylon/include/pylon/private/DeviceSpecificInstantCamera.h:427:24:[m[K [01;35m[Kwarning: [m[Kimplicitly-declared ‘[01m[KPylon::CBaslerGigEGrabResultPtr& Pylon::CBaslerGigEGrabResultPtr::operator=(const Pylon::CBaslerGigEGrabResultPtr&)[m[K’ is deprecated [[01;35m[K-Wdeprecated-copy[m[K]
  427 |             [01;35m[KgrabResult = grabResultLocal[m[K;
      |             [01;35m[K~~~~~~~~~~~^~~~~~~~~~~~~~~~~[m[K
In file included from [01m[K/opt/pylon/include/pylon/gige/BaslerGigEGrabResultPtr.h:16[m[K,
                 from [01m[K/opt/pylon/include/pylon/gige/BaslerGigEImageEventHandler.h:21[m[K,
                 from [01m[K/opt/pylon/include/pylon/gige/BaslerGigEInstantCamera.h:23[m[K,
                 from [01m[K/home/mcav/cam_dev_ws/src/pylon_ros2_camera/pylon_ros2_camera_component/src/tools/ip_auto_config.cpp:30[m[K:
[01m[K/opt/pylon/include/pylon/gige/BaslerGigEGrabResultPtr.h:25:51:[m[K [01;36m[Knote: [m[Kbecause ‘[01m[KPylon::CBaslerGigEGrabResultPtr[m[K’ has user-provided ‘[01m[KPylon::CBaslerGigEGrabResultPtr::CBaslerGigEGrabResultPtr(const Pylon::CBaslerGigEGrabResultPtr&)[m[K’
   25 |     PYLON_DEFINE_DEVICE_SPECIFIC_GRAB_RESULT_PTR( [01;36m[KCBaslerGigEGrabResultPtr[m[K, CBaslerGigEGrabResultData )
      |                                                   [01;36m[K^~~~~~~~~~~~~~~~~~~~~~~~[m[K
[01m[K/opt/pylon/include/pylon/private/DeviceSpecificGrabResultPtr.h:40:13:[m[K [01;36m[Knote: [m[Kin definition of macro ‘[01m[KPYLON_DEFINE_DEVICE_SPECIFIC_GRAB_RESULT_PTR[m[K’
   40 |             [01;36m[KClassName[m[K( const ClassName& rhs ) \
      |             [01;36m[K^~~~~~~~~[m[K
[ 90%] [32m[1mLinking CXX executable ip_auto_config[0m
[ 90%] Built target ip_auto_config
[100%] [32m[1mLinking CXX shared library libpylon_ros2_camera_component.so[0m
[100%] Built target pylon_ros2_camera_component
-- Install configuration: "Release"
-- Installing: /home/mcav/cam_dev_ws/install/pylon_ros2_camera_component/lib/libpylon_ros2_camera_component.so
-- Set runtime path of "/home/mcav/cam_dev_ws/install/pylon_ros2_camera_component/lib/libpylon_ros2_camera_component.so" to "/home/mcav/lib:/opt/pylon/lib:/home/mcav/cam_dev_ws/install/pylon_ros2_camera_interfaces/lib:/opt/ros/humble/lib/x86_64-linux-gnu:/opt/ros/humble/lib"
-- Installing: /home/mcav/cam_dev_ws/install/pylon_ros2_camera_component/lib/pylon_ros2_camera_component/ip_auto_config
-- Set runtime path of "/home/mcav/cam_dev_ws/install/pylon_ros2_camera_component/lib/pylon_ros2_camera_component/ip_auto_config" to "/home/mcav/lib:/opt/pylon/lib"
-- Installing: /home/mcav/cam_dev_ws/install/pylon_ros2_camera_component/lib/pylon_ros2_camera_component/set_device_user_id
-- Set runtime path of "/home/mcav/cam_dev_ws/install/pylon_ros2_camera_component/lib/pylon_ros2_camera_component/set_device_user_id" to "/home/mcav/lib:/opt/pylon/lib"
-- Installing: /home/mcav/cam_dev_ws/install/pylon_ros2_camera_component/include/pylon_ros2_camera_component/
-- Installing: /home/mcav/cam_dev_ws/install/pylon_ros2_camera_component/include/pylon_ros2_camera_component//pylon_ros2_camera_node.hpp
-- Installing: /home/mcav/cam_dev_ws/install/pylon_ros2_camera_component/include/pylon_ros2_camera_component//pylon_ros2_camera_parameter.hpp
-- Installing: /home/mcav/cam_dev_ws/install/pylon_ros2_camera_component/include/pylon_ros2_camera_component//visibility_control.hpp
-- Installing: /home/mcav/cam_dev_ws/install/pylon_ros2_camera_component/include/pylon_ros2_camera_component//binary_exposure_search.hpp
-- Installing: /home/mcav/cam_dev_ws/install/pylon_ros2_camera_component/include/pylon_ros2_camera_component//pylon_ros2_camera.hpp
-- Installing: /home/mcav/cam_dev_ws/install/pylon_ros2_camera_component/include/pylon_ros2_camera_component//encoding_conversions.hpp
-- Installing: /home/mcav/cam_dev_ws/install/pylon_ros2_camera_component/share/pylon_ros2_camera_component/environment/library_path.sh
-- Installing: /home/mcav/cam_dev_ws/install/pylon_ros2_camera_component/share/pylon_ros2_camera_component/environment/library_path.dsv
-- Installing: /home/mcav/cam_dev_ws/install/pylon_ros2_camera_component/share/ament_index/resource_index/package_run_dependencies/pylon_ros2_camera_component
-- Installing: /home/mcav/cam_dev_ws/install/pylon_ros2_camera_component/share/ament_index/resource_index/parent_prefix_path/pylon_ros2_camera_component
-- Installing: /home/mcav/cam_dev_ws/install/pylon_ros2_camera_component/share/pylon_ros2_camera_component/environment/ament_prefix_path.sh
-- Installing: /home/mcav/cam_dev_ws/install/pylon_ros2_camera_component/share/pylon_ros2_camera_component/environment/ament_prefix_path.dsv
-- Installing: /home/mcav/cam_dev_ws/install/pylon_ros2_camera_component/share/pylon_ros2_camera_component/environment/path.sh
-- Installing: /home/mcav/cam_dev_ws/install/pylon_ros2_camera_component/share/pylon_ros2_camera_component/environment/path.dsv
-- Installing: /home/mcav/cam_dev_ws/install/pylon_ros2_camera_component/share/pylon_ros2_camera_component/local_setup.bash
-- Installing: /home/mcav/cam_dev_ws/install/pylon_ros2_camera_component/share/pylon_ros2_camera_component/local_setup.sh
-- Installing: /home/mcav/cam_dev_ws/install/pylon_ros2_camera_component/share/pylon_ros2_camera_component/local_setup.zsh
-- Installing: /home/mcav/cam_dev_ws/install/pylon_ros2_camera_component/share/pylon_ros2_camera_component/local_setup.dsv
-- Installing: /home/mcav/cam_dev_ws/install/pylon_ros2_camera_component/share/pylon_ros2_camera_component/package.dsv
-- Installing: /home/mcav/cam_dev_ws/install/pylon_ros2_camera_component/share/ament_index/resource_index/packages/pylon_ros2_camera_component
-- Installing: /home/mcav/cam_dev_ws/install/pylon_ros2_camera_component/share/ament_index/resource_index/rclcpp_components/pylon_ros2_camera_component
-- Installing: /home/mcav/cam_dev_ws/install/pylon_ros2_camera_component/share/pylon_ros2_camera_component/cmake/ament_cmake_export_include_directories-extras.cmake
-- Installing: /home/mcav/cam_dev_ws/install/pylon_ros2_camera_component/share/pylon_ros2_camera_component/cmake/ament_cmake_export_libraries-extras.cmake
-- Installing: /home/mcav/cam_dev_ws/install/pylon_ros2_camera_component/share/pylon_ros2_camera_component/cmake/ament_cmake_export_dependencies-extras.cmake
-- Installing: /home/mcav/cam_dev_ws/install/pylon_ros2_camera_component/share/pylon_ros2_camera_component/cmake/pylon_ros2_camera_componentConfig.cmake
-- Installing: /home/mcav/cam_dev_ws/install/pylon_ros2_camera_component/share/pylon_ros2_camera_component/cmake/pylon_ros2_camera_componentConfig-version.cmake
-- Installing: /home/mcav/cam_dev_ws/install/pylon_ros2_camera_component/share/pylon_ros2_camera_component/package.xml
