[0.126s] DEBUG:colcon:Command line arguments: ['/usr/bin/colcon', 'build']
[0.126s] DEBUG:colcon:Parsed command line arguments: Namespace(log_base=None, log_level=None, verb_name='build', build_base='build', install_base='install', merge_install=False, symlink_install=False, test_result_base=None, continue_on_error=False, executor='parallel', parallel_workers=8, event_handlers=None, ignore_user_meta=False, metas=['./colcon.meta'], base_paths=['.'], packages_ignore=None, packages_ignore_regex=None, paths=None, packages_up_to=None, packages_up_to_regex=None, packages_above=None, packages_above_and_dependencies=None, packages_above_depth=None, packages_select_by_dep=None, packages_skip_by_dep=None, packages_skip_up_to=None, packages_select_build_failed=False, packages_skip_build_finished=False, packages_select_test_failures=False, packages_skip_test_passed=False, packages_select=None, packages_skip=None, packages_select_regex=None, packages_skip_regex=None, packages_start=None, packages_end=None, allow_overriding=[], cmake_args=None, cmake_target=None, cmake_target_skip_unavailable=False, cmake_clean_cache=False, cmake_clean_first=False, cmake_force_configure=False, ament_cmake_args=None, catkin_cmake_args=None, catkin_skip_building_tests=False, mixin_files=None, mixin=None, verb_parser=<colcon_mixin.mixin.mixin_argument.MixinArgumentDecorator object at 0x7f8aa8c93d90>, verb_extension=<colcon_core.verb.build.BuildVerb object at 0x7f8aa8c49870>, main=<bound method BuildVerb.main of <colcon_core.verb.build.BuildVerb object at 0x7f8aa8c49870>>, mixin_verb=('build',))
[0.383s] Level 1:colcon.colcon_core.package_discovery:discover_packages(colcon_meta) check parameters
[0.383s] Level 1:colcon.colcon_core.package_discovery:discover_packages(recursive) check parameters
[0.383s] Level 1:colcon.colcon_core.package_discovery:discover_packages(ignore) check parameters
[0.383s] Level 1:colcon.colcon_core.package_discovery:discover_packages(path) check parameters
[0.383s] Level 1:colcon.colcon_core.package_discovery:discover_packages(colcon_meta) discover
[0.384s] Level 1:colcon.colcon_core.package_discovery:discover_packages(recursive) discover
[0.384s] INFO:colcon.colcon_core.package_discovery:Crawling recursively for packages in '/home/mcav/cam_dev_ws'
[0.384s] Level 1:colcon.colcon_core.package_identification:_identify(.) by extensions ['ignore', 'ignore_ament_install']
[0.384s] Level 1:colcon.colcon_core.package_identification:_identify(.) by extension 'ignore'
[0.384s] Level 1:colcon.colcon_core.package_identification:_identify(.) by extension 'ignore_ament_install'
[0.384s] Level 1:colcon.colcon_core.package_identification:_identify(.) by extensions ['colcon_pkg']
[0.384s] Level 1:colcon.colcon_core.package_identification:_identify(.) by extension 'colcon_pkg'
[0.384s] Level 1:colcon.colcon_core.package_identification:_identify(.) by extensions ['colcon_meta']
[0.384s] Level 1:colcon.colcon_core.package_identification:_identify(.) by extension 'colcon_meta'
[0.384s] Level 1:colcon.colcon_core.package_identification:_identify(.) by extensions ['ros']
[0.384s] Level 1:colcon.colcon_core.package_identification:_identify(.) by extension 'ros'
[0.404s] Level 1:colcon.colcon_core.package_identification:_identify(.) by extensions ['cmake', 'python']
[0.404s] Level 1:colcon.colcon_core.package_identification:_identify(.) by extension 'cmake'
[0.405s] Level 1:colcon.colcon_core.package_identification:_identify(.) by extension 'python'
[0.405s] Level 1:colcon.colcon_core.package_identification:_identify(.) by extensions ['python_setup_py']
[0.405s] Level 1:colcon.colcon_core.package_identification:_identify(.) by extension 'python_setup_py'
[0.405s] Level 1:colcon.colcon_core.package_identification:_identify(build) by extensions ['ignore', 'ignore_ament_install']
[0.405s] Level 1:colcon.colcon_core.package_identification:_identify(build) by extension 'ignore'
[0.405s] Level 1:colcon.colcon_core.package_identification:_identify(build) ignored
[0.405s] Level 1:colcon.colcon_core.package_identification:_identify(install) by extensions ['ignore', 'ignore_ament_install']
[0.405s] Level 1:colcon.colcon_core.package_identification:_identify(install) by extension 'ignore'
[0.405s] Level 1:colcon.colcon_core.package_identification:_identify(install) ignored
[0.406s] Level 1:colcon.colcon_core.package_identification:_identify(log) by extensions ['ignore', 'ignore_ament_install']
[0.406s] Level 1:colcon.colcon_core.package_identification:_identify(log) by extension 'ignore'
[0.406s] Level 1:colcon.colcon_core.package_identification:_identify(log) ignored
[0.406s] Level 1:colcon.colcon_core.package_identification:_identify(src) by extensions ['ignore', 'ignore_ament_install']
[0.406s] Level 1:colcon.colcon_core.package_identification:_identify(src) by extension 'ignore'
[0.406s] Level 1:colcon.colcon_core.package_identification:_identify(src) by extension 'ignore_ament_install'
[0.406s] Level 1:colcon.colcon_core.package_identification:_identify(src) by extensions ['colcon_pkg']
[0.406s] Level 1:colcon.colcon_core.package_identification:_identify(src) by extension 'colcon_pkg'
[0.406s] Level 1:colcon.colcon_core.package_identification:_identify(src) by extensions ['colcon_meta']
[0.406s] Level 1:colcon.colcon_core.package_identification:_identify(src) by extension 'colcon_meta'
[0.406s] Level 1:colcon.colcon_core.package_identification:_identify(src) by extensions ['ros']
[0.406s] Level 1:colcon.colcon_core.package_identification:_identify(src) by extension 'ros'
[0.406s] Level 1:colcon.colcon_core.package_identification:_identify(src) by extensions ['cmake', 'python']
[0.406s] Level 1:colcon.colcon_core.package_identification:_identify(src) by extension 'cmake'
[0.406s] Level 1:colcon.colcon_core.package_identification:_identify(src) by extension 'python'
[0.406s] Level 1:colcon.colcon_core.package_identification:_identify(src) by extensions ['python_setup_py']
[0.406s] Level 1:colcon.colcon_core.package_identification:_identify(src) by extension 'python_setup_py'
[0.407s] Level 1:colcon.colcon_core.package_identification:_identify(src/pylon_ros2_camera) by extensions ['ignore', 'ignore_ament_install']
[0.407s] Level 1:colcon.colcon_core.package_identification:_identify(src/pylon_ros2_camera) by extension 'ignore'
[0.407s] Level 1:colcon.colcon_core.package_identification:_identify(src/pylon_ros2_camera) by extension 'ignore_ament_install'
[0.407s] Level 1:colcon.colcon_core.package_identification:_identify(src/pylon_ros2_camera) by extensions ['colcon_pkg']
[0.407s] Level 1:colcon.colcon_core.package_identification:_identify(src/pylon_ros2_camera) by extension 'colcon_pkg'
[0.407s] Level 1:colcon.colcon_core.package_identification:_identify(src/pylon_ros2_camera) by extensions ['colcon_meta']
[0.407s] Level 1:colcon.colcon_core.package_identification:_identify(src/pylon_ros2_camera) by extension 'colcon_meta'
[0.407s] Level 1:colcon.colcon_core.package_identification:_identify(src/pylon_ros2_camera) by extensions ['ros']
[0.407s] Level 1:colcon.colcon_core.package_identification:_identify(src/pylon_ros2_camera) by extension 'ros'
[0.407s] Level 1:colcon.colcon_core.package_identification:_identify(src/pylon_ros2_camera) by extensions ['cmake', 'python']
[0.407s] Level 1:colcon.colcon_core.package_identification:_identify(src/pylon_ros2_camera) by extension 'cmake'
[0.407s] Level 1:colcon.colcon_core.package_identification:_identify(src/pylon_ros2_camera) by extension 'python'
[0.407s] Level 1:colcon.colcon_core.package_identification:_identify(src/pylon_ros2_camera) by extensions ['python_setup_py']
[0.407s] Level 1:colcon.colcon_core.package_identification:_identify(src/pylon_ros2_camera) by extension 'python_setup_py'
[0.407s] Level 1:colcon.colcon_core.package_identification:_identify(src/pylon_ros2_camera/docker) by extensions ['ignore', 'ignore_ament_install']
[0.407s] Level 1:colcon.colcon_core.package_identification:_identify(src/pylon_ros2_camera/docker) by extension 'ignore'
[0.407s] Level 1:colcon.colcon_core.package_identification:_identify(src/pylon_ros2_camera/docker) by extension 'ignore_ament_install'
[0.407s] Level 1:colcon.colcon_core.package_identification:_identify(src/pylon_ros2_camera/docker) by extensions ['colcon_pkg']
[0.408s] Level 1:colcon.colcon_core.package_identification:_identify(src/pylon_ros2_camera/docker) by extension 'colcon_pkg'
[0.408s] Level 1:colcon.colcon_core.package_identification:_identify(src/pylon_ros2_camera/docker) by extensions ['colcon_meta']
[0.408s] Level 1:colcon.colcon_core.package_identification:_identify(src/pylon_ros2_camera/docker) by extension 'colcon_meta'
[0.408s] Level 1:colcon.colcon_core.package_identification:_identify(src/pylon_ros2_camera/docker) by extensions ['ros']
[0.408s] Level 1:colcon.colcon_core.package_identification:_identify(src/pylon_ros2_camera/docker) by extension 'ros'
[0.408s] Level 1:colcon.colcon_core.package_identification:_identify(src/pylon_ros2_camera/docker) by extensions ['cmake', 'python']
[0.408s] Level 1:colcon.colcon_core.package_identification:_identify(src/pylon_ros2_camera/docker) by extension 'cmake'
[0.408s] Level 1:colcon.colcon_core.package_identification:_identify(src/pylon_ros2_camera/docker) by extension 'python'
[0.408s] Level 1:colcon.colcon_core.package_identification:_identify(src/pylon_ros2_camera/docker) by extensions ['python_setup_py']
[0.408s] Level 1:colcon.colcon_core.package_identification:_identify(src/pylon_ros2_camera/docker) by extension 'python_setup_py'
[0.408s] Level 1:colcon.colcon_core.package_identification:_identify(src/pylon_ros2_camera/pylon_ros2_camera_component) by extensions ['ignore', 'ignore_ament_install']
[0.408s] Level 1:colcon.colcon_core.package_identification:_identify(src/pylon_ros2_camera/pylon_ros2_camera_component) by extension 'ignore'
[0.408s] Level 1:colcon.colcon_core.package_identification:_identify(src/pylon_ros2_camera/pylon_ros2_camera_component) by extension 'ignore_ament_install'
[0.408s] Level 1:colcon.colcon_core.package_identification:_identify(src/pylon_ros2_camera/pylon_ros2_camera_component) by extensions ['colcon_pkg']
[0.408s] Level 1:colcon.colcon_core.package_identification:_identify(src/pylon_ros2_camera/pylon_ros2_camera_component) by extension 'colcon_pkg'
[0.408s] Level 1:colcon.colcon_core.package_identification:_identify(src/pylon_ros2_camera/pylon_ros2_camera_component) by extensions ['colcon_meta']
[0.408s] Level 1:colcon.colcon_core.package_identification:_identify(src/pylon_ros2_camera/pylon_ros2_camera_component) by extension 'colcon_meta'
[0.408s] Level 1:colcon.colcon_core.package_identification:_identify(src/pylon_ros2_camera/pylon_ros2_camera_component) by extensions ['ros']
[0.408s] Level 1:colcon.colcon_core.package_identification:_identify(src/pylon_ros2_camera/pylon_ros2_camera_component) by extension 'ros'
[0.411s] DEBUG:colcon.colcon_core.package_identification:Package 'src/pylon_ros2_camera/pylon_ros2_camera_component' with type 'ros.ament_cmake' and name 'pylon_ros2_camera_component'
[0.411s] Level 1:colcon.colcon_core.package_identification:_identify(src/pylon_ros2_camera/pylon_ros2_camera_interfaces) by extensions ['ignore', 'ignore_ament_install']
[0.412s] Level 1:colcon.colcon_core.package_identification:_identify(src/pylon_ros2_camera/pylon_ros2_camera_interfaces) by extension 'ignore'
[0.412s] Level 1:colcon.colcon_core.package_identification:_identify(src/pylon_ros2_camera/pylon_ros2_camera_interfaces) by extension 'ignore_ament_install'
[0.412s] Level 1:colcon.colcon_core.package_identification:_identify(src/pylon_ros2_camera/pylon_ros2_camera_interfaces) by extensions ['colcon_pkg']
[0.412s] Level 1:colcon.colcon_core.package_identification:_identify(src/pylon_ros2_camera/pylon_ros2_camera_interfaces) by extension 'colcon_pkg'
[0.412s] Level 1:colcon.colcon_core.package_identification:_identify(src/pylon_ros2_camera/pylon_ros2_camera_interfaces) by extensions ['colcon_meta']
[0.412s] Level 1:colcon.colcon_core.package_identification:_identify(src/pylon_ros2_camera/pylon_ros2_camera_interfaces) by extension 'colcon_meta'
[0.412s] Level 1:colcon.colcon_core.package_identification:_identify(src/pylon_ros2_camera/pylon_ros2_camera_interfaces) by extensions ['ros']
[0.412s] Level 1:colcon.colcon_core.package_identification:_identify(src/pylon_ros2_camera/pylon_ros2_camera_interfaces) by extension 'ros'
[0.413s] DEBUG:colcon.colcon_core.package_identification:Package 'src/pylon_ros2_camera/pylon_ros2_camera_interfaces' with type 'ros.ament_cmake' and name 'pylon_ros2_camera_interfaces'
[0.413s] Level 1:colcon.colcon_core.package_identification:_identify(src/pylon_ros2_camera/pylon_ros2_camera_wrapper) by extensions ['ignore', 'ignore_ament_install']
[0.413s] Level 1:colcon.colcon_core.package_identification:_identify(src/pylon_ros2_camera/pylon_ros2_camera_wrapper) by extension 'ignore'
[0.413s] Level 1:colcon.colcon_core.package_identification:_identify(src/pylon_ros2_camera/pylon_ros2_camera_wrapper) by extension 'ignore_ament_install'
[0.413s] Level 1:colcon.colcon_core.package_identification:_identify(src/pylon_ros2_camera/pylon_ros2_camera_wrapper) by extensions ['colcon_pkg']
[0.413s] Level 1:colcon.colcon_core.package_identification:_identify(src/pylon_ros2_camera/pylon_ros2_camera_wrapper) by extension 'colcon_pkg'
[0.413s] Level 1:colcon.colcon_core.package_identification:_identify(src/pylon_ros2_camera/pylon_ros2_camera_wrapper) by extensions ['colcon_meta']
[0.413s] Level 1:colcon.colcon_core.package_identification:_identify(src/pylon_ros2_camera/pylon_ros2_camera_wrapper) by extension 'colcon_meta'
[0.413s] Level 1:colcon.colcon_core.package_identification:_identify(src/pylon_ros2_camera/pylon_ros2_camera_wrapper) by extensions ['ros']
[0.413s] Level 1:colcon.colcon_core.package_identification:_identify(src/pylon_ros2_camera/pylon_ros2_camera_wrapper) by extension 'ros'
[0.414s] DEBUG:colcon.colcon_core.package_identification:Package 'src/pylon_ros2_camera/pylon_ros2_camera_wrapper' with type 'ros.ament_cmake' and name 'pylon_ros2_camera_wrapper'
[0.414s] Level 1:colcon.colcon_core.package_discovery:discover_packages(recursive) using defaults
[0.414s] Level 1:colcon.colcon_core.package_discovery:discover_packages(ignore) discover
[0.414s] Level 1:colcon.colcon_core.package_discovery:discover_packages(ignore) using defaults
[0.414s] Level 1:colcon.colcon_core.package_discovery:discover_packages(path) discover
[0.414s] Level 1:colcon.colcon_core.package_discovery:discover_packages(path) using defaults
[0.437s] Level 1:colcon.colcon_core.package_discovery:discover_packages(prefix_path) check parameters
[0.437s] Level 1:colcon.colcon_core.package_discovery:discover_packages(prefix_path) discover
[0.440s] DEBUG:colcon.colcon_installed_package_information.package_discovery:Found 371 installed packages in /opt/ros/humble
[0.441s] Level 1:colcon.colcon_core.package_discovery:discover_packages(prefix_path) using defaults
[0.493s] Level 5:colcon.colcon_core.verb:set package 'pylon_ros2_camera_interfaces' build argument 'cmake_args' from command line to 'None'
[0.493s] Level 5:colcon.colcon_core.verb:set package 'pylon_ros2_camera_interfaces' build argument 'cmake_target' from command line to 'None'
[0.493s] Level 5:colcon.colcon_core.verb:set package 'pylon_ros2_camera_interfaces' build argument 'cmake_target_skip_unavailable' from command line to 'False'
[0.493s] Level 5:colcon.colcon_core.verb:set package 'pylon_ros2_camera_interfaces' build argument 'cmake_clean_cache' from command line to 'False'
[0.493s] Level 5:colcon.colcon_core.verb:set package 'pylon_ros2_camera_interfaces' build argument 'cmake_clean_first' from command line to 'False'
[0.493s] Level 5:colcon.colcon_core.verb:set package 'pylon_ros2_camera_interfaces' build argument 'cmake_force_configure' from command line to 'False'
[0.493s] Level 5:colcon.colcon_core.verb:set package 'pylon_ros2_camera_interfaces' build argument 'ament_cmake_args' from command line to 'None'
[0.493s] Level 5:colcon.colcon_core.verb:set package 'pylon_ros2_camera_interfaces' build argument 'catkin_cmake_args' from command line to 'None'
[0.493s] Level 5:colcon.colcon_core.verb:set package 'pylon_ros2_camera_interfaces' build argument 'catkin_skip_building_tests' from command line to 'False'
[0.493s] DEBUG:colcon.colcon_core.verb:Building package 'pylon_ros2_camera_interfaces' with the following arguments: {'ament_cmake_args': None, 'build_base': '/home/mcav/cam_dev_ws/build/pylon_ros2_camera_interfaces', 'catkin_cmake_args': None, 'catkin_skip_building_tests': False, 'cmake_args': None, 'cmake_clean_cache': False, 'cmake_clean_first': False, 'cmake_force_configure': False, 'cmake_target': None, 'cmake_target_skip_unavailable': False, 'install_base': '/home/mcav/cam_dev_ws/install/pylon_ros2_camera_interfaces', 'merge_install': False, 'path': '/home/mcav/cam_dev_ws/src/pylon_ros2_camera/pylon_ros2_camera_interfaces', 'symlink_install': False, 'test_result_base': None}
[0.494s] Level 5:colcon.colcon_core.verb:set package 'pylon_ros2_camera_component' build argument 'cmake_args' from command line to 'None'
[0.494s] Level 5:colcon.colcon_core.verb:set package 'pylon_ros2_camera_component' build argument 'cmake_target' from command line to 'None'
[0.494s] Level 5:colcon.colcon_core.verb:set package 'pylon_ros2_camera_component' build argument 'cmake_target_skip_unavailable' from command line to 'False'
[0.494s] Level 5:colcon.colcon_core.verb:set package 'pylon_ros2_camera_component' build argument 'cmake_clean_cache' from command line to 'False'
[0.494s] Level 5:colcon.colcon_core.verb:set package 'pylon_ros2_camera_component' build argument 'cmake_clean_first' from command line to 'False'
[0.494s] Level 5:colcon.colcon_core.verb:set package 'pylon_ros2_camera_component' build argument 'cmake_force_configure' from command line to 'False'
[0.494s] Level 5:colcon.colcon_core.verb:set package 'pylon_ros2_camera_component' build argument 'ament_cmake_args' from command line to 'None'
[0.494s] Level 5:colcon.colcon_core.verb:set package 'pylon_ros2_camera_component' build argument 'catkin_cmake_args' from command line to 'None'
[0.494s] Level 5:colcon.colcon_core.verb:set package 'pylon_ros2_camera_component' build argument 'catkin_skip_building_tests' from command line to 'False'
[0.494s] DEBUG:colcon.colcon_core.verb:Building package 'pylon_ros2_camera_component' with the following arguments: {'ament_cmake_args': None, 'build_base': '/home/mcav/cam_dev_ws/build/pylon_ros2_camera_component', 'catkin_cmake_args': None, 'catkin_skip_building_tests': False, 'cmake_args': None, 'cmake_clean_cache': False, 'cmake_clean_first': False, 'cmake_force_configure': False, 'cmake_target': None, 'cmake_target_skip_unavailable': False, 'install_base': '/home/mcav/cam_dev_ws/install/pylon_ros2_camera_component', 'merge_install': False, 'path': '/home/mcav/cam_dev_ws/src/pylon_ros2_camera/pylon_ros2_camera_component', 'symlink_install': False, 'test_result_base': None}
[0.494s] Level 5:colcon.colcon_core.verb:set package 'pylon_ros2_camera_wrapper' build argument 'cmake_args' from command line to 'None'
[0.494s] Level 5:colcon.colcon_core.verb:set package 'pylon_ros2_camera_wrapper' build argument 'cmake_target' from command line to 'None'
[0.495s] Level 5:colcon.colcon_core.verb:set package 'pylon_ros2_camera_wrapper' build argument 'cmake_target_skip_unavailable' from command line to 'False'
[0.495s] Level 5:colcon.colcon_core.verb:set package 'pylon_ros2_camera_wrapper' build argument 'cmake_clean_cache' from command line to 'False'
[0.495s] Level 5:colcon.colcon_core.verb:set package 'pylon_ros2_camera_wrapper' build argument 'cmake_clean_first' from command line to 'False'
[0.495s] Level 5:colcon.colcon_core.verb:set package 'pylon_ros2_camera_wrapper' build argument 'cmake_force_configure' from command line to 'False'
[0.495s] Level 5:colcon.colcon_core.verb:set package 'pylon_ros2_camera_wrapper' build argument 'ament_cmake_args' from command line to 'None'
[0.495s] Level 5:colcon.colcon_core.verb:set package 'pylon_ros2_camera_wrapper' build argument 'catkin_cmake_args' from command line to 'None'
[0.495s] Level 5:colcon.colcon_core.verb:set package 'pylon_ros2_camera_wrapper' build argument 'catkin_skip_building_tests' from command line to 'False'
[0.495s] DEBUG:colcon.colcon_core.verb:Building package 'pylon_ros2_camera_wrapper' with the following arguments: {'ament_cmake_args': None, 'build_base': '/home/mcav/cam_dev_ws/build/pylon_ros2_camera_wrapper', 'catkin_cmake_args': None, 'catkin_skip_building_tests': False, 'cmake_args': None, 'cmake_clean_cache': False, 'cmake_clean_first': False, 'cmake_force_configure': False, 'cmake_target': None, 'cmake_target_skip_unavailable': False, 'install_base': '/home/mcav/cam_dev_ws/install/pylon_ros2_camera_wrapper', 'merge_install': False, 'path': '/home/mcav/cam_dev_ws/src/pylon_ros2_camera/pylon_ros2_camera_wrapper', 'symlink_install': False, 'test_result_base': None}
[0.495s] INFO:colcon.colcon_core.executor:Executing jobs using 'parallel' executor
[0.496s] DEBUG:colcon.colcon_parallel_executor.executor.parallel:run_until_complete
[0.496s] INFO:colcon.colcon_ros.task.ament_cmake.build:Building ROS package in '/home/mcav/cam_dev_ws/src/pylon_ros2_camera/pylon_ros2_camera_interfaces' with build type 'ament_cmake'
[0.496s] INFO:colcon.colcon_cmake.task.cmake.build:Building CMake package in '/home/mcav/cam_dev_ws/src/pylon_ros2_camera/pylon_ros2_camera_interfaces'
[0.499s] INFO:colcon.colcon_core.plugin_system:Skipping extension 'colcon_core.shell.bat': Not used on non-Windows systems
[0.499s] INFO:colcon.colcon_core.shell:Skip shell extension 'powershell' for command environment: Not usable outside of PowerShell
[0.499s] DEBUG:colcon.colcon_core.shell:Skip shell extension 'dsv' for command environment
[0.509s] DEBUG:colcon.colcon_core.event_handler.log_command:Invoking command in '/home/mcav/cam_dev_ws/build/pylon_ros2_camera_interfaces': CMAKE_PREFIX_PATH=/opt/ros/humble /usr/local/bin/cmake --build /home/mcav/cam_dev_ws/build/pylon_ros2_camera_interfaces -- -j8 -l8
[0.961s] DEBUG:colcon.colcon_core.event_handler.log_command:Invoked command in '/home/mcav/cam_dev_ws/build/pylon_ros2_camera_interfaces' returned '0': CMAKE_PREFIX_PATH=/opt/ros/humble /usr/local/bin/cmake --build /home/mcav/cam_dev_ws/build/pylon_ros2_camera_interfaces -- -j8 -l8
[0.965s] DEBUG:colcon.colcon_core.event_handler.log_command:Invoking command in '/home/mcav/cam_dev_ws/build/pylon_ros2_camera_interfaces': CMAKE_PREFIX_PATH=/opt/ros/humble /usr/local/bin/cmake --install /home/mcav/cam_dev_ws/build/pylon_ros2_camera_interfaces
[1.052s] Level 1:colcon.colcon_core.environment:create_environment_scripts_only(pylon_ros2_camera_interfaces)
[1.053s] DEBUG:colcon.colcon_core.event_handler.log_command:Invoked command in '/home/mcav/cam_dev_ws/build/pylon_ros2_camera_interfaces' returned '0': CMAKE_PREFIX_PATH=/opt/ros/humble /usr/local/bin/cmake --install /home/mcav/cam_dev_ws/build/pylon_ros2_camera_interfaces
[1.057s] Level 1:colcon.colcon_core.environment:checking '/home/mcav/cam_dev_ws/install/pylon_ros2_camera_interfaces' for CMake module files
[1.058s] Level 1:colcon.colcon_core.environment:checking '/home/mcav/cam_dev_ws/install/pylon_ros2_camera_interfaces' for CMake config files
[1.061s] Level 1:colcon.colcon_core.shell:create_environment_hook('pylon_ros2_camera_interfaces', 'cmake_prefix_path')
[1.061s] INFO:colcon.colcon_core.shell:Creating environment hook '/home/mcav/cam_dev_ws/install/pylon_ros2_camera_interfaces/share/pylon_ros2_camera_interfaces/hook/cmake_prefix_path.ps1'
[1.062s] INFO:colcon.colcon_core.shell:Creating environment descriptor '/home/mcav/cam_dev_ws/install/pylon_ros2_camera_interfaces/share/pylon_ros2_camera_interfaces/hook/cmake_prefix_path.dsv'
[1.063s] INFO:colcon.colcon_core.shell:Creating environment hook '/home/mcav/cam_dev_ws/install/pylon_ros2_camera_interfaces/share/pylon_ros2_camera_interfaces/hook/cmake_prefix_path.sh'
[1.064s] Level 1:colcon.colcon_core.environment:checking '/home/mcav/cam_dev_ws/install/pylon_ros2_camera_interfaces/lib'
[1.064s] Level 1:colcon.colcon_core.shell:create_environment_hook('pylon_ros2_camera_interfaces', 'ld_library_path_lib')
[1.064s] INFO:colcon.colcon_core.shell:Creating environment hook '/home/mcav/cam_dev_ws/install/pylon_ros2_camera_interfaces/share/pylon_ros2_camera_interfaces/hook/ld_library_path_lib.ps1'
[1.065s] INFO:colcon.colcon_core.shell:Creating environment descriptor '/home/mcav/cam_dev_ws/install/pylon_ros2_camera_interfaces/share/pylon_ros2_camera_interfaces/hook/ld_library_path_lib.dsv'
[1.065s] INFO:colcon.colcon_core.shell:Creating environment hook '/home/mcav/cam_dev_ws/install/pylon_ros2_camera_interfaces/share/pylon_ros2_camera_interfaces/hook/ld_library_path_lib.sh'
[1.066s] Level 1:colcon.colcon_core.environment:checking '/home/mcav/cam_dev_ws/install/pylon_ros2_camera_interfaces/bin'
[1.066s] Level 1:colcon.colcon_core.environment:checking '/home/mcav/cam_dev_ws/install/pylon_ros2_camera_interfaces/lib/pkgconfig/pylon_ros2_camera_interfaces.pc'
[1.066s] Level 1:colcon.colcon_core.environment:checking '/home/mcav/cam_dev_ws/install/pylon_ros2_camera_interfaces/lib/python3.10/site-packages'
[1.066s] Level 1:colcon.colcon_core.environment:checking '/home/mcav/cam_dev_ws/install/pylon_ros2_camera_interfaces/bin'
[1.067s] INFO:colcon.colcon_core.shell:Creating package script '/home/mcav/cam_dev_ws/install/pylon_ros2_camera_interfaces/share/pylon_ros2_camera_interfaces/package.ps1'
[1.068s] INFO:colcon.colcon_core.shell:Creating package descriptor '/home/mcav/cam_dev_ws/install/pylon_ros2_camera_interfaces/share/pylon_ros2_camera_interfaces/package.dsv'
[1.069s] INFO:colcon.colcon_core.shell:Creating package script '/home/mcav/cam_dev_ws/install/pylon_ros2_camera_interfaces/share/pylon_ros2_camera_interfaces/package.sh'
[1.070s] INFO:colcon.colcon_core.shell:Creating package script '/home/mcav/cam_dev_ws/install/pylon_ros2_camera_interfaces/share/pylon_ros2_camera_interfaces/package.bash'
[1.070s] INFO:colcon.colcon_core.shell:Creating package script '/home/mcav/cam_dev_ws/install/pylon_ros2_camera_interfaces/share/pylon_ros2_camera_interfaces/package.zsh'
[1.071s] Level 1:colcon.colcon_core.environment:create_file_with_runtime_dependencies(/home/mcav/cam_dev_ws/install/pylon_ros2_camera_interfaces/share/colcon-core/packages/pylon_ros2_camera_interfaces)
[1.072s] Level 1:colcon.colcon_core.environment:create_environment_scripts_only(pylon_ros2_camera_interfaces)
[1.072s] Level 1:colcon.colcon_core.environment:checking '/home/mcav/cam_dev_ws/install/pylon_ros2_camera_interfaces' for CMake module files
[1.073s] Level 1:colcon.colcon_core.environment:checking '/home/mcav/cam_dev_ws/install/pylon_ros2_camera_interfaces' for CMake config files
[1.075s] Level 1:colcon.colcon_core.shell:create_environment_hook('pylon_ros2_camera_interfaces', 'cmake_prefix_path')
[1.075s] INFO:colcon.colcon_core.shell:Creating environment hook '/home/mcav/cam_dev_ws/install/pylon_ros2_camera_interfaces/share/pylon_ros2_camera_interfaces/hook/cmake_prefix_path.ps1'
[1.075s] INFO:colcon.colcon_core.shell:Creating environment descriptor '/home/mcav/cam_dev_ws/install/pylon_ros2_camera_interfaces/share/pylon_ros2_camera_interfaces/hook/cmake_prefix_path.dsv'
[1.076s] INFO:colcon.colcon_core.shell:Creating environment hook '/home/mcav/cam_dev_ws/install/pylon_ros2_camera_interfaces/share/pylon_ros2_camera_interfaces/hook/cmake_prefix_path.sh'
[1.076s] Level 1:colcon.colcon_core.environment:checking '/home/mcav/cam_dev_ws/install/pylon_ros2_camera_interfaces/lib'
[1.076s] Level 1:colcon.colcon_core.shell:create_environment_hook('pylon_ros2_camera_interfaces', 'ld_library_path_lib')
[1.077s] INFO:colcon.colcon_core.shell:Creating environment hook '/home/mcav/cam_dev_ws/install/pylon_ros2_camera_interfaces/share/pylon_ros2_camera_interfaces/hook/ld_library_path_lib.ps1'
[1.077s] INFO:colcon.colcon_core.shell:Creating environment descriptor '/home/mcav/cam_dev_ws/install/pylon_ros2_camera_interfaces/share/pylon_ros2_camera_interfaces/hook/ld_library_path_lib.dsv'
[1.077s] INFO:colcon.colcon_core.shell:Creating environment hook '/home/mcav/cam_dev_ws/install/pylon_ros2_camera_interfaces/share/pylon_ros2_camera_interfaces/hook/ld_library_path_lib.sh'
[1.078s] Level 1:colcon.colcon_core.environment:checking '/home/mcav/cam_dev_ws/install/pylon_ros2_camera_interfaces/bin'
[1.078s] Level 1:colcon.colcon_core.environment:checking '/home/mcav/cam_dev_ws/install/pylon_ros2_camera_interfaces/lib/pkgconfig/pylon_ros2_camera_interfaces.pc'
[1.078s] Level 1:colcon.colcon_core.environment:checking '/home/mcav/cam_dev_ws/install/pylon_ros2_camera_interfaces/lib/python3.10/site-packages'
[1.078s] Level 1:colcon.colcon_core.environment:checking '/home/mcav/cam_dev_ws/install/pylon_ros2_camera_interfaces/bin'
[1.079s] INFO:colcon.colcon_core.shell:Creating package script '/home/mcav/cam_dev_ws/install/pylon_ros2_camera_interfaces/share/pylon_ros2_camera_interfaces/package.ps1'
[1.079s] INFO:colcon.colcon_core.shell:Creating package descriptor '/home/mcav/cam_dev_ws/install/pylon_ros2_camera_interfaces/share/pylon_ros2_camera_interfaces/package.dsv'
[1.080s] INFO:colcon.colcon_core.shell:Creating package script '/home/mcav/cam_dev_ws/install/pylon_ros2_camera_interfaces/share/pylon_ros2_camera_interfaces/package.sh'
[1.080s] INFO:colcon.colcon_core.shell:Creating package script '/home/mcav/cam_dev_ws/install/pylon_ros2_camera_interfaces/share/pylon_ros2_camera_interfaces/package.bash'
[1.081s] INFO:colcon.colcon_core.shell:Creating package script '/home/mcav/cam_dev_ws/install/pylon_ros2_camera_interfaces/share/pylon_ros2_camera_interfaces/package.zsh'
[1.081s] Level 1:colcon.colcon_core.environment:create_file_with_runtime_dependencies(/home/mcav/cam_dev_ws/install/pylon_ros2_camera_interfaces/share/colcon-core/packages/pylon_ros2_camera_interfaces)
[1.082s] INFO:colcon.colcon_ros.task.ament_cmake.build:Building ROS package in '/home/mcav/cam_dev_ws/src/pylon_ros2_camera/pylon_ros2_camera_component' with build type 'ament_cmake'
[1.082s] INFO:colcon.colcon_cmake.task.cmake.build:Building CMake package in '/home/mcav/cam_dev_ws/src/pylon_ros2_camera/pylon_ros2_camera_component'
[1.082s] INFO:colcon.colcon_core.shell:Skip shell extension 'powershell' for command environment: Not usable outside of PowerShell
[1.082s] DEBUG:colcon.colcon_core.shell:Skip shell extension 'dsv' for command environment
[1.095s] DEBUG:colcon.colcon_core.event_handler.log_command:Invoking command in '/home/mcav/cam_dev_ws/build/pylon_ros2_camera_component': AMENT_PREFIX_PATH=/home/mcav/cam_dev_ws/install/pylon_ros2_camera_interfaces:${AMENT_PREFIX_PATH} CMAKE_PREFIX_PATH=/home/mcav/cam_dev_ws/install/pylon_ros2_camera_interfaces:/opt/ros/humble LD_LIBRARY_PATH=/home/mcav/cam_dev_ws/install/pylon_ros2_camera_interfaces/lib:${LD_LIBRARY_PATH} PYTHONPATH=/home/mcav/cam_dev_ws/install/pylon_ros2_camera_interfaces/local/lib/python3.10/dist-packages:${PYTHONPATH} /usr/local/bin/cmake --build /home/mcav/cam_dev_ws/build/pylon_ros2_camera_component -- -j8 -l8
[1.147s] DEBUG:colcon.colcon_core.event_handler.log_command:Invoked command in '/home/mcav/cam_dev_ws/build/pylon_ros2_camera_component' returned '0': AMENT_PREFIX_PATH=/home/mcav/cam_dev_ws/install/pylon_ros2_camera_interfaces:${AMENT_PREFIX_PATH} CMAKE_PREFIX_PATH=/home/mcav/cam_dev_ws/install/pylon_ros2_camera_interfaces:/opt/ros/humble LD_LIBRARY_PATH=/home/mcav/cam_dev_ws/install/pylon_ros2_camera_interfaces/lib:${LD_LIBRARY_PATH} PYTHONPATH=/home/mcav/cam_dev_ws/install/pylon_ros2_camera_interfaces/local/lib/python3.10/dist-packages:${PYTHONPATH} /usr/local/bin/cmake --build /home/mcav/cam_dev_ws/build/pylon_ros2_camera_component -- -j8 -l8
[1.150s] DEBUG:colcon.colcon_core.event_handler.log_command:Invoking command in '/home/mcav/cam_dev_ws/build/pylon_ros2_camera_component': AMENT_PREFIX_PATH=/home/mcav/cam_dev_ws/install/pylon_ros2_camera_interfaces:${AMENT_PREFIX_PATH} CMAKE_PREFIX_PATH=/home/mcav/cam_dev_ws/install/pylon_ros2_camera_interfaces:/opt/ros/humble LD_LIBRARY_PATH=/home/mcav/cam_dev_ws/install/pylon_ros2_camera_interfaces/lib:${LD_LIBRARY_PATH} PYTHONPATH=/home/mcav/cam_dev_ws/install/pylon_ros2_camera_interfaces/local/lib/python3.10/dist-packages:${PYTHONPATH} /usr/local/bin/cmake --install /home/mcav/cam_dev_ws/build/pylon_ros2_camera_component
[1.157s] Level 1:colcon.colcon_core.environment:create_environment_scripts_only(pylon_ros2_camera_component)
[1.157s] Level 1:colcon.colcon_core.environment:checking '/home/mcav/cam_dev_ws/install/pylon_ros2_camera_component' for CMake module files
[1.159s] DEBUG:colcon.colcon_core.event_handler.log_command:Invoked command in '/home/mcav/cam_dev_ws/build/pylon_ros2_camera_component' returned '0': AMENT_PREFIX_PATH=/home/mcav/cam_dev_ws/install/pylon_ros2_camera_interfaces:${AMENT_PREFIX_PATH} CMAKE_PREFIX_PATH=/home/mcav/cam_dev_ws/install/pylon_ros2_camera_interfaces:/opt/ros/humble LD_LIBRARY_PATH=/home/mcav/cam_dev_ws/install/pylon_ros2_camera_interfaces/lib:${LD_LIBRARY_PATH} PYTHONPATH=/home/mcav/cam_dev_ws/install/pylon_ros2_camera_interfaces/local/lib/python3.10/dist-packages:${PYTHONPATH} /usr/local/bin/cmake --install /home/mcav/cam_dev_ws/build/pylon_ros2_camera_component
[1.159s] Level 1:colcon.colcon_core.environment:checking '/home/mcav/cam_dev_ws/install/pylon_ros2_camera_component' for CMake config files
[1.159s] Level 1:colcon.colcon_core.shell:create_environment_hook('pylon_ros2_camera_component', 'cmake_prefix_path')
[1.160s] INFO:colcon.colcon_core.shell:Creating environment hook '/home/mcav/cam_dev_ws/install/pylon_ros2_camera_component/share/pylon_ros2_camera_component/hook/cmake_prefix_path.ps1'
[1.161s] INFO:colcon.colcon_core.shell:Creating environment descriptor '/home/mcav/cam_dev_ws/install/pylon_ros2_camera_component/share/pylon_ros2_camera_component/hook/cmake_prefix_path.dsv'
[1.161s] INFO:colcon.colcon_core.shell:Creating environment hook '/home/mcav/cam_dev_ws/install/pylon_ros2_camera_component/share/pylon_ros2_camera_component/hook/cmake_prefix_path.sh'
[1.162s] Level 1:colcon.colcon_core.environment:checking '/home/mcav/cam_dev_ws/install/pylon_ros2_camera_component/lib'
[1.162s] Level 1:colcon.colcon_core.shell:create_environment_hook('pylon_ros2_camera_component', 'ld_library_path_lib')
[1.162s] INFO:colcon.colcon_core.shell:Creating environment hook '/home/mcav/cam_dev_ws/install/pylon_ros2_camera_component/share/pylon_ros2_camera_component/hook/ld_library_path_lib.ps1'
[1.163s] INFO:colcon.colcon_core.shell:Creating environment descriptor '/home/mcav/cam_dev_ws/install/pylon_ros2_camera_component/share/pylon_ros2_camera_component/hook/ld_library_path_lib.dsv'
[1.163s] INFO:colcon.colcon_core.shell:Creating environment hook '/home/mcav/cam_dev_ws/install/pylon_ros2_camera_component/share/pylon_ros2_camera_component/hook/ld_library_path_lib.sh'
[1.163s] Level 1:colcon.colcon_core.environment:checking '/home/mcav/cam_dev_ws/install/pylon_ros2_camera_component/bin'
[1.164s] Level 1:colcon.colcon_core.environment:checking '/home/mcav/cam_dev_ws/install/pylon_ros2_camera_component/lib/pkgconfig/pylon_ros2_camera_component.pc'
[1.164s] Level 1:colcon.colcon_core.environment:checking '/home/mcav/cam_dev_ws/install/pylon_ros2_camera_component/lib/python3.10/site-packages'
[1.164s] Level 1:colcon.colcon_core.environment:checking '/home/mcav/cam_dev_ws/install/pylon_ros2_camera_component/bin'
[1.164s] INFO:colcon.colcon_core.shell:Creating package script '/home/mcav/cam_dev_ws/install/pylon_ros2_camera_component/share/pylon_ros2_camera_component/package.ps1'
[1.165s] INFO:colcon.colcon_core.shell:Creating package descriptor '/home/mcav/cam_dev_ws/install/pylon_ros2_camera_component/share/pylon_ros2_camera_component/package.dsv'
[1.166s] INFO:colcon.colcon_core.shell:Creating package script '/home/mcav/cam_dev_ws/install/pylon_ros2_camera_component/share/pylon_ros2_camera_component/package.sh'
[1.166s] INFO:colcon.colcon_core.shell:Creating package script '/home/mcav/cam_dev_ws/install/pylon_ros2_camera_component/share/pylon_ros2_camera_component/package.bash'
[1.166s] INFO:colcon.colcon_core.shell:Creating package script '/home/mcav/cam_dev_ws/install/pylon_ros2_camera_component/share/pylon_ros2_camera_component/package.zsh'
[1.167s] Level 1:colcon.colcon_core.environment:create_file_with_runtime_dependencies(/home/mcav/cam_dev_ws/install/pylon_ros2_camera_component/share/colcon-core/packages/pylon_ros2_camera_component)
[1.167s] Level 1:colcon.colcon_core.environment:create_environment_scripts_only(pylon_ros2_camera_component)
[1.168s] Level 1:colcon.colcon_core.environment:checking '/home/mcav/cam_dev_ws/install/pylon_ros2_camera_component' for CMake module files
[1.168s] Level 1:colcon.colcon_core.environment:checking '/home/mcav/cam_dev_ws/install/pylon_ros2_camera_component' for CMake config files
[1.168s] Level 1:colcon.colcon_core.shell:create_environment_hook('pylon_ros2_camera_component', 'cmake_prefix_path')
[1.168s] INFO:colcon.colcon_core.shell:Creating environment hook '/home/mcav/cam_dev_ws/install/pylon_ros2_camera_component/share/pylon_ros2_camera_component/hook/cmake_prefix_path.ps1'
[1.169s] INFO:colcon.colcon_core.shell:Creating environment descriptor '/home/mcav/cam_dev_ws/install/pylon_ros2_camera_component/share/pylon_ros2_camera_component/hook/cmake_prefix_path.dsv'
[1.169s] INFO:colcon.colcon_core.shell:Creating environment hook '/home/mcav/cam_dev_ws/install/pylon_ros2_camera_component/share/pylon_ros2_camera_component/hook/cmake_prefix_path.sh'
[1.170s] Level 1:colcon.colcon_core.environment:checking '/home/mcav/cam_dev_ws/install/pylon_ros2_camera_component/lib'
[1.170s] Level 1:colcon.colcon_core.shell:create_environment_hook('pylon_ros2_camera_component', 'ld_library_path_lib')
[1.170s] INFO:colcon.colcon_core.shell:Creating environment hook '/home/mcav/cam_dev_ws/install/pylon_ros2_camera_component/share/pylon_ros2_camera_component/hook/ld_library_path_lib.ps1'
[1.170s] INFO:colcon.colcon_core.shell:Creating environment descriptor '/home/mcav/cam_dev_ws/install/pylon_ros2_camera_component/share/pylon_ros2_camera_component/hook/ld_library_path_lib.dsv'
[1.171s] INFO:colcon.colcon_core.shell:Creating environment hook '/home/mcav/cam_dev_ws/install/pylon_ros2_camera_component/share/pylon_ros2_camera_component/hook/ld_library_path_lib.sh'
[1.171s] Level 1:colcon.colcon_core.environment:checking '/home/mcav/cam_dev_ws/install/pylon_ros2_camera_component/bin'
[1.171s] Level 1:colcon.colcon_core.environment:checking '/home/mcav/cam_dev_ws/install/pylon_ros2_camera_component/lib/pkgconfig/pylon_ros2_camera_component.pc'
[1.171s] Level 1:colcon.colcon_core.environment:checking '/home/mcav/cam_dev_ws/install/pylon_ros2_camera_component/lib/python3.10/site-packages'
[1.172s] Level 1:colcon.colcon_core.environment:checking '/home/mcav/cam_dev_ws/install/pylon_ros2_camera_component/bin'
[1.172s] INFO:colcon.colcon_core.shell:Creating package script '/home/mcav/cam_dev_ws/install/pylon_ros2_camera_component/share/pylon_ros2_camera_component/package.ps1'
[1.173s] INFO:colcon.colcon_core.shell:Creating package descriptor '/home/mcav/cam_dev_ws/install/pylon_ros2_camera_component/share/pylon_ros2_camera_component/package.dsv'
[1.173s] INFO:colcon.colcon_core.shell:Creating package script '/home/mcav/cam_dev_ws/install/pylon_ros2_camera_component/share/pylon_ros2_camera_component/package.sh'
[1.174s] INFO:colcon.colcon_core.shell:Creating package script '/home/mcav/cam_dev_ws/install/pylon_ros2_camera_component/share/pylon_ros2_camera_component/package.bash'
[1.174s] INFO:colcon.colcon_core.shell:Creating package script '/home/mcav/cam_dev_ws/install/pylon_ros2_camera_component/share/pylon_ros2_camera_component/package.zsh'
[1.175s] Level 1:colcon.colcon_core.environment:create_file_with_runtime_dependencies(/home/mcav/cam_dev_ws/install/pylon_ros2_camera_component/share/colcon-core/packages/pylon_ros2_camera_component)
[1.175s] INFO:colcon.colcon_ros.task.ament_cmake.build:Building ROS package in '/home/mcav/cam_dev_ws/src/pylon_ros2_camera/pylon_ros2_camera_wrapper' with build type 'ament_cmake'
[1.176s] INFO:colcon.colcon_cmake.task.cmake.build:Building CMake package in '/home/mcav/cam_dev_ws/src/pylon_ros2_camera/pylon_ros2_camera_wrapper'
[1.176s] INFO:colcon.colcon_core.shell:Skip shell extension 'powershell' for command environment: Not usable outside of PowerShell
[1.176s] DEBUG:colcon.colcon_core.shell:Skip shell extension 'dsv' for command environment
[1.191s] DEBUG:colcon.colcon_core.event_handler.log_command:Invoking command in '/home/mcav/cam_dev_ws/build/pylon_ros2_camera_wrapper': AMENT_PREFIX_PATH=/home/mcav/cam_dev_ws/install/pylon_ros2_camera_component:/home/mcav/cam_dev_ws/install/pylon_ros2_camera_interfaces:${AMENT_PREFIX_PATH} CMAKE_PREFIX_PATH=/home/mcav/cam_dev_ws/install/pylon_ros2_camera_component:/home/mcav/cam_dev_ws/install/pylon_ros2_camera_interfaces:/opt/ros/humble LD_LIBRARY_PATH=/home/mcav/cam_dev_ws/install/pylon_ros2_camera_component/lib:/home/mcav/cam_dev_ws/install/pylon_ros2_camera_interfaces/lib:${LD_LIBRARY_PATH} PYTHONPATH=/home/mcav/cam_dev_ws/install/pylon_ros2_camera_interfaces/local/lib/python3.10/dist-packages:${PYTHONPATH} /usr/local/bin/cmake --build /home/mcav/cam_dev_ws/build/pylon_ros2_camera_wrapper -- -j8 -l8
[1.248s] DEBUG:colcon.colcon_core.event_handler.log_command:Invoked command in '/home/mcav/cam_dev_ws/build/pylon_ros2_camera_wrapper' returned '0': AMENT_PREFIX_PATH=/home/mcav/cam_dev_ws/install/pylon_ros2_camera_component:/home/mcav/cam_dev_ws/install/pylon_ros2_camera_interfaces:${AMENT_PREFIX_PATH} CMAKE_PREFIX_PATH=/home/mcav/cam_dev_ws/install/pylon_ros2_camera_component:/home/mcav/cam_dev_ws/install/pylon_ros2_camera_interfaces:/opt/ros/humble LD_LIBRARY_PATH=/home/mcav/cam_dev_ws/install/pylon_ros2_camera_component/lib:/home/mcav/cam_dev_ws/install/pylon_ros2_camera_interfaces/lib:${LD_LIBRARY_PATH} PYTHONPATH=/home/mcav/cam_dev_ws/install/pylon_ros2_camera_interfaces/local/lib/python3.10/dist-packages:${PYTHONPATH} /usr/local/bin/cmake --build /home/mcav/cam_dev_ws/build/pylon_ros2_camera_wrapper -- -j8 -l8
[1.250s] DEBUG:colcon.colcon_core.event_handler.log_command:Invoking command in '/home/mcav/cam_dev_ws/build/pylon_ros2_camera_wrapper': AMENT_PREFIX_PATH=/home/mcav/cam_dev_ws/install/pylon_ros2_camera_component:/home/mcav/cam_dev_ws/install/pylon_ros2_camera_interfaces:${AMENT_PREFIX_PATH} CMAKE_PREFIX_PATH=/home/mcav/cam_dev_ws/install/pylon_ros2_camera_component:/home/mcav/cam_dev_ws/install/pylon_ros2_camera_interfaces:/opt/ros/humble LD_LIBRARY_PATH=/home/mcav/cam_dev_ws/install/pylon_ros2_camera_component/lib:/home/mcav/cam_dev_ws/install/pylon_ros2_camera_interfaces/lib:${LD_LIBRARY_PATH} PYTHONPATH=/home/mcav/cam_dev_ws/install/pylon_ros2_camera_interfaces/local/lib/python3.10/dist-packages:${PYTHONPATH} /usr/local/bin/cmake --install /home/mcav/cam_dev_ws/build/pylon_ros2_camera_wrapper
[1.260s] Level 1:colcon.colcon_core.environment:create_environment_scripts_only(pylon_ros2_camera_wrapper)
[1.260s] Level 1:colcon.colcon_core.environment:checking '/home/mcav/cam_dev_ws/install/pylon_ros2_camera_wrapper' for CMake module files
[1.261s] DEBUG:colcon.colcon_core.event_handler.log_command:Invoked command in '/home/mcav/cam_dev_ws/build/pylon_ros2_camera_wrapper' returned '0': AMENT_PREFIX_PATH=/home/mcav/cam_dev_ws/install/pylon_ros2_camera_component:/home/mcav/cam_dev_ws/install/pylon_ros2_camera_interfaces:${AMENT_PREFIX_PATH} CMAKE_PREFIX_PATH=/home/mcav/cam_dev_ws/install/pylon_ros2_camera_component:/home/mcav/cam_dev_ws/install/pylon_ros2_camera_interfaces:/opt/ros/humble LD_LIBRARY_PATH=/home/mcav/cam_dev_ws/install/pylon_ros2_camera_component/lib:/home/mcav/cam_dev_ws/install/pylon_ros2_camera_interfaces/lib:${LD_LIBRARY_PATH} PYTHONPATH=/home/mcav/cam_dev_ws/install/pylon_ros2_camera_interfaces/local/lib/python3.10/dist-packages:${PYTHONPATH} /usr/local/bin/cmake --install /home/mcav/cam_dev_ws/build/pylon_ros2_camera_wrapper
[1.262s] Level 1:colcon.colcon_core.environment:checking '/home/mcav/cam_dev_ws/install/pylon_ros2_camera_wrapper' for CMake config files
[1.262s] Level 1:colcon.colcon_core.shell:create_environment_hook('pylon_ros2_camera_wrapper', 'cmake_prefix_path')
[1.262s] INFO:colcon.colcon_core.shell:Creating environment hook '/home/mcav/cam_dev_ws/install/pylon_ros2_camera_wrapper/share/pylon_ros2_camera_wrapper/hook/cmake_prefix_path.ps1'
[1.263s] INFO:colcon.colcon_core.shell:Creating environment descriptor '/home/mcav/cam_dev_ws/install/pylon_ros2_camera_wrapper/share/pylon_ros2_camera_wrapper/hook/cmake_prefix_path.dsv'
[1.263s] INFO:colcon.colcon_core.shell:Creating environment hook '/home/mcav/cam_dev_ws/install/pylon_ros2_camera_wrapper/share/pylon_ros2_camera_wrapper/hook/cmake_prefix_path.sh'
[1.264s] Level 1:colcon.colcon_core.environment:checking '/home/mcav/cam_dev_ws/install/pylon_ros2_camera_wrapper/lib'
[1.264s] Level 1:colcon.colcon_core.shell:create_environment_hook('pylon_ros2_camera_wrapper', 'ld_library_path_lib')
[1.265s] INFO:colcon.colcon_core.shell:Creating environment hook '/home/mcav/cam_dev_ws/install/pylon_ros2_camera_wrapper/share/pylon_ros2_camera_wrapper/hook/ld_library_path_lib.ps1'
[1.265s] INFO:colcon.colcon_core.shell:Creating environment descriptor '/home/mcav/cam_dev_ws/install/pylon_ros2_camera_wrapper/share/pylon_ros2_camera_wrapper/hook/ld_library_path_lib.dsv'
[1.266s] INFO:colcon.colcon_core.shell:Creating environment hook '/home/mcav/cam_dev_ws/install/pylon_ros2_camera_wrapper/share/pylon_ros2_camera_wrapper/hook/ld_library_path_lib.sh'
[1.266s] Level 1:colcon.colcon_core.environment:checking '/home/mcav/cam_dev_ws/install/pylon_ros2_camera_wrapper/bin'
[1.266s] Level 1:colcon.colcon_core.environment:checking '/home/mcav/cam_dev_ws/install/pylon_ros2_camera_wrapper/lib/pkgconfig/pylon_ros2_camera_wrapper.pc'
[1.267s] Level 1:colcon.colcon_core.environment:checking '/home/mcav/cam_dev_ws/install/pylon_ros2_camera_wrapper/lib/python3.10/site-packages'
[1.267s] Level 1:colcon.colcon_core.environment:checking '/home/mcav/cam_dev_ws/install/pylon_ros2_camera_wrapper/bin'
[1.268s] INFO:colcon.colcon_core.shell:Creating package script '/home/mcav/cam_dev_ws/install/pylon_ros2_camera_wrapper/share/pylon_ros2_camera_wrapper/package.ps1'
[1.269s] INFO:colcon.colcon_core.shell:Creating package descriptor '/home/mcav/cam_dev_ws/install/pylon_ros2_camera_wrapper/share/pylon_ros2_camera_wrapper/package.dsv'
[1.269s] INFO:colcon.colcon_core.shell:Creating package script '/home/mcav/cam_dev_ws/install/pylon_ros2_camera_wrapper/share/pylon_ros2_camera_wrapper/package.sh'
[1.270s] INFO:colcon.colcon_core.shell:Creating package script '/home/mcav/cam_dev_ws/install/pylon_ros2_camera_wrapper/share/pylon_ros2_camera_wrapper/package.bash'
[1.270s] INFO:colcon.colcon_core.shell:Creating package script '/home/mcav/cam_dev_ws/install/pylon_ros2_camera_wrapper/share/pylon_ros2_camera_wrapper/package.zsh'
[1.271s] Level 1:colcon.colcon_core.environment:create_file_with_runtime_dependencies(/home/mcav/cam_dev_ws/install/pylon_ros2_camera_wrapper/share/colcon-core/packages/pylon_ros2_camera_wrapper)
[1.272s] Level 1:colcon.colcon_core.environment:create_environment_scripts_only(pylon_ros2_camera_wrapper)
[1.272s] Level 1:colcon.colcon_core.environment:checking '/home/mcav/cam_dev_ws/install/pylon_ros2_camera_wrapper' for CMake module files
[1.273s] Level 1:colcon.colcon_core.environment:checking '/home/mcav/cam_dev_ws/install/pylon_ros2_camera_wrapper' for CMake config files
[1.273s] Level 1:colcon.colcon_core.shell:create_environment_hook('pylon_ros2_camera_wrapper', 'cmake_prefix_path')
[1.274s] INFO:colcon.colcon_core.shell:Creating environment hook '/home/mcav/cam_dev_ws/install/pylon_ros2_camera_wrapper/share/pylon_ros2_camera_wrapper/hook/cmake_prefix_path.ps1'
[1.274s] INFO:colcon.colcon_core.shell:Creating environment descriptor '/home/mcav/cam_dev_ws/install/pylon_ros2_camera_wrapper/share/pylon_ros2_camera_wrapper/hook/cmake_prefix_path.dsv'
[1.275s] INFO:colcon.colcon_core.shell:Creating environment hook '/home/mcav/cam_dev_ws/install/pylon_ros2_camera_wrapper/share/pylon_ros2_camera_wrapper/hook/cmake_prefix_path.sh'
[1.276s] Level 1:colcon.colcon_core.environment:checking '/home/mcav/cam_dev_ws/install/pylon_ros2_camera_wrapper/lib'
[1.276s] Level 1:colcon.colcon_core.shell:create_environment_hook('pylon_ros2_camera_wrapper', 'ld_library_path_lib')
[1.276s] INFO:colcon.colcon_core.shell:Creating environment hook '/home/mcav/cam_dev_ws/install/pylon_ros2_camera_wrapper/share/pylon_ros2_camera_wrapper/hook/ld_library_path_lib.ps1'
[1.277s] INFO:colcon.colcon_core.shell:Creating environment descriptor '/home/mcav/cam_dev_ws/install/pylon_ros2_camera_wrapper/share/pylon_ros2_camera_wrapper/hook/ld_library_path_lib.dsv'
[1.277s] INFO:colcon.colcon_core.shell:Creating environment hook '/home/mcav/cam_dev_ws/install/pylon_ros2_camera_wrapper/share/pylon_ros2_camera_wrapper/hook/ld_library_path_lib.sh'
[1.277s] Level 1:colcon.colcon_core.environment:checking '/home/mcav/cam_dev_ws/install/pylon_ros2_camera_wrapper/bin'
[1.278s] Level 1:colcon.colcon_core.environment:checking '/home/mcav/cam_dev_ws/install/pylon_ros2_camera_wrapper/lib/pkgconfig/pylon_ros2_camera_wrapper.pc'
[1.278s] Level 1:colcon.colcon_core.environment:checking '/home/mcav/cam_dev_ws/install/pylon_ros2_camera_wrapper/lib/python3.10/site-packages'
[1.278s] Level 1:colcon.colcon_core.environment:checking '/home/mcav/cam_dev_ws/install/pylon_ros2_camera_wrapper/bin'
[1.278s] INFO:colcon.colcon_core.shell:Creating package script '/home/mcav/cam_dev_ws/install/pylon_ros2_camera_wrapper/share/pylon_ros2_camera_wrapper/package.ps1'
[1.279s] INFO:colcon.colcon_core.shell:Creating package descriptor '/home/mcav/cam_dev_ws/install/pylon_ros2_camera_wrapper/share/pylon_ros2_camera_wrapper/package.dsv'
[1.280s] INFO:colcon.colcon_core.shell:Creating package script '/home/mcav/cam_dev_ws/install/pylon_ros2_camera_wrapper/share/pylon_ros2_camera_wrapper/package.sh'
[1.280s] INFO:colcon.colcon_core.shell:Creating package script '/home/mcav/cam_dev_ws/install/pylon_ros2_camera_wrapper/share/pylon_ros2_camera_wrapper/package.bash'
[1.280s] INFO:colcon.colcon_core.shell:Creating package script '/home/mcav/cam_dev_ws/install/pylon_ros2_camera_wrapper/share/pylon_ros2_camera_wrapper/package.zsh'
[1.281s] Level 1:colcon.colcon_core.environment:create_file_with_runtime_dependencies(/home/mcav/cam_dev_ws/install/pylon_ros2_camera_wrapper/share/colcon-core/packages/pylon_ros2_camera_wrapper)
[1.281s] DEBUG:colcon.colcon_parallel_executor.executor.parallel:closing loop
[1.282s] DEBUG:colcon.colcon_parallel_executor.executor.parallel:loop closed
[1.282s] DEBUG:colcon.colcon_parallel_executor.executor.parallel:run_until_complete finished with '0'
[1.282s] DEBUG:colcon.colcon_core.event_reactor:joining thread
[1.287s] INFO:colcon.colcon_core.plugin_system:Skipping extension 'colcon_notification.desktop_notification.terminal_notifier': Not used on non-Darwin systems
[1.287s] INFO:colcon.colcon_core.plugin_system:Skipping extension 'colcon_notification.desktop_notification.win32': Not used on non-Windows systems
[1.287s] INFO:colcon.colcon_notification.desktop_notification:Sending desktop notification using 'notify2'
[1.307s] DEBUG:colcon.colcon_core.event_reactor:joined thread
[1.308s] INFO:colcon.colcon_core.shell:Creating prefix script '/home/mcav/cam_dev_ws/install/local_setup.ps1'
[1.309s] INFO:colcon.colcon_core.shell:Creating prefix util module '/home/mcav/cam_dev_ws/install/_local_setup_util_ps1.py'
[1.310s] INFO:colcon.colcon_core.shell:Creating prefix chain script '/home/mcav/cam_dev_ws/install/setup.ps1'
[1.312s] INFO:colcon.colcon_core.shell:Creating prefix script '/home/mcav/cam_dev_ws/install/local_setup.sh'
[1.313s] INFO:colcon.colcon_core.shell:Creating prefix util module '/home/mcav/cam_dev_ws/install/_local_setup_util_sh.py'
[1.313s] INFO:colcon.colcon_core.shell:Creating prefix chain script '/home/mcav/cam_dev_ws/install/setup.sh'
[1.314s] INFO:colcon.colcon_core.shell:Creating prefix script '/home/mcav/cam_dev_ws/install/local_setup.bash'
[1.315s] INFO:colcon.colcon_core.shell:Creating prefix chain script '/home/mcav/cam_dev_ws/install/setup.bash'
[1.316s] INFO:colcon.colcon_core.shell:Creating prefix script '/home/mcav/cam_dev_ws/install/local_setup.zsh'
[1.316s] INFO:colcon.colcon_core.shell:Creating prefix chain script '/home/mcav/cam_dev_ws/install/setup.zsh'
