[0.152s] DEBUG:colcon:Command line arguments: ['/usr/bin/colcon', 'build']
[0.153s] DEBUG:colcon:Parsed command line arguments: Namespace(log_base=None, log_level=None, verb_name='build', build_base='build', install_base='install', merge_install=False, symlink_install=False, test_result_base=None, continue_on_error=False, executor='parallel', parallel_workers=8, event_handlers=None, ignore_user_meta=False, metas=['./colcon.meta'], base_paths=['.'], packages_ignore=None, packages_ignore_regex=None, paths=None, packages_up_to=None, packages_up_to_regex=None, packages_above=None, packages_above_and_dependencies=None, packages_above_depth=None, packages_select_by_dep=None, packages_skip_by_dep=None, packages_skip_up_to=None, packages_select_build_failed=False, packages_skip_build_finished=False, packages_select_test_failures=False, packages_skip_test_passed=False, packages_select=None, packages_skip=None, packages_select_regex=None, packages_skip_regex=None, packages_start=None, packages_end=None, allow_overriding=[], cmake_args=None, cmake_target=None, cmake_target_skip_unavailable=False, cmake_clean_cache=False, cmake_clean_first=False, cmake_force_configure=False, ament_cmake_args=None, catkin_cmake_args=None, catkin_skip_building_tests=False, mixin_files=None, mixin=None, verb_parser=<colcon_mixin.mixin.mixin_argument.MixinArgumentDecorator object at 0x7ff6584e8070>, verb_extension=<colcon_core.verb.build.BuildVerb object at 0x7ff658465b10>, main=<bound method BuildVerb.main of <colcon_core.verb.build.BuildVerb object at 0x7ff658465b10>>, mixin_verb=('build',))
[0.483s] Level 1:colcon.colcon_core.package_discovery:discover_packages(colcon_meta) check parameters
[0.483s] Level 1:colcon.colcon_core.package_discovery:discover_packages(recursive) check parameters
[0.484s] Level 1:colcon.colcon_core.package_discovery:discover_packages(ignore) check parameters
[0.484s] Level 1:colcon.colcon_core.package_discovery:discover_packages(path) check parameters
[0.484s] Level 1:colcon.colcon_core.package_discovery:discover_packages(colcon_meta) discover
[0.484s] Level 1:colcon.colcon_core.package_discovery:discover_packages(recursive) discover
[0.484s] INFO:colcon.colcon_core.package_discovery:Crawling recursively for packages in '/home/mcav/cam_dev_ws'
[0.484s] Level 1:colcon.colcon_core.package_identification:_identify(.) by extensions ['ignore', 'ignore_ament_install']
[0.484s] Level 1:colcon.colcon_core.package_identification:_identify(.) by extension 'ignore'
[0.484s] Level 1:colcon.colcon_core.package_identification:_identify(.) by extension 'ignore_ament_install'
[0.484s] Level 1:colcon.colcon_core.package_identification:_identify(.) by extensions ['colcon_pkg']
[0.484s] Level 1:colcon.colcon_core.package_identification:_identify(.) by extension 'colcon_pkg'
[0.484s] Level 1:colcon.colcon_core.package_identification:_identify(.) by extensions ['colcon_meta']
[0.484s] Level 1:colcon.colcon_core.package_identification:_identify(.) by extension 'colcon_meta'
[0.484s] Level 1:colcon.colcon_core.package_identification:_identify(.) by extensions ['ros']
[0.485s] Level 1:colcon.colcon_core.package_identification:_identify(.) by extension 'ros'
[0.511s] Level 1:colcon.colcon_core.package_identification:_identify(.) by extensions ['cmake', 'python']
[0.511s] Level 1:colcon.colcon_core.package_identification:_identify(.) by extension 'cmake'
[0.511s] Level 1:colcon.colcon_core.package_identification:_identify(.) by extension 'python'
[0.511s] Level 1:colcon.colcon_core.package_identification:_identify(.) by extensions ['python_setup_py']
[0.511s] Level 1:colcon.colcon_core.package_identification:_identify(.) by extension 'python_setup_py'
[0.511s] Level 1:colcon.colcon_core.package_identification:_identify(build) by extensions ['ignore', 'ignore_ament_install']
[0.512s] Level 1:colcon.colcon_core.package_identification:_identify(build) by extension 'ignore'
[0.512s] Level 1:colcon.colcon_core.package_identification:_identify(build) ignored
[0.512s] Level 1:colcon.colcon_core.package_identification:_identify(install) by extensions ['ignore', 'ignore_ament_install']
[0.512s] Level 1:colcon.colcon_core.package_identification:_identify(install) by extension 'ignore'
[0.512s] Level 1:colcon.colcon_core.package_identification:_identify(install) ignored
[0.512s] Level 1:colcon.colcon_core.package_identification:_identify(log) by extensions ['ignore', 'ignore_ament_install']
[0.512s] Level 1:colcon.colcon_core.package_identification:_identify(log) by extension 'ignore'
[0.512s] Level 1:colcon.colcon_core.package_identification:_identify(log) ignored
[0.512s] Level 1:colcon.colcon_core.package_identification:_identify(src) by extensions ['ignore', 'ignore_ament_install']
[0.512s] Level 1:colcon.colcon_core.package_identification:_identify(src) by extension 'ignore'
[0.512s] Level 1:colcon.colcon_core.package_identification:_identify(src) by extension 'ignore_ament_install'
[0.513s] Level 1:colcon.colcon_core.package_identification:_identify(src) by extensions ['colcon_pkg']
[0.513s] Level 1:colcon.colcon_core.package_identification:_identify(src) by extension 'colcon_pkg'
[0.513s] Level 1:colcon.colcon_core.package_identification:_identify(src) by extensions ['colcon_meta']
[0.513s] Level 1:colcon.colcon_core.package_identification:_identify(src) by extension 'colcon_meta'
[0.513s] Level 1:colcon.colcon_core.package_identification:_identify(src) by extensions ['ros']
[0.513s] Level 1:colcon.colcon_core.package_identification:_identify(src) by extension 'ros'
[0.513s] Level 1:colcon.colcon_core.package_identification:_identify(src) by extensions ['cmake', 'python']
[0.513s] Level 1:colcon.colcon_core.package_identification:_identify(src) by extension 'cmake'
[0.513s] Level 1:colcon.colcon_core.package_identification:_identify(src) by extension 'python'
[0.513s] Level 1:colcon.colcon_core.package_identification:_identify(src) by extensions ['python_setup_py']
[0.513s] Level 1:colcon.colcon_core.package_identification:_identify(src) by extension 'python_setup_py'
[0.513s] Level 1:colcon.colcon_core.package_identification:_identify(src/pylon_ros2_camera) by extensions ['ignore', 'ignore_ament_install']
[0.513s] Level 1:colcon.colcon_core.package_identification:_identify(src/pylon_ros2_camera) by extension 'ignore'
[0.513s] Level 1:colcon.colcon_core.package_identification:_identify(src/pylon_ros2_camera) by extension 'ignore_ament_install'
[0.514s] Level 1:colcon.colcon_core.package_identification:_identify(src/pylon_ros2_camera) by extensions ['colcon_pkg']
[0.514s] Level 1:colcon.colcon_core.package_identification:_identify(src/pylon_ros2_camera) by extension 'colcon_pkg'
[0.514s] Level 1:colcon.colcon_core.package_identification:_identify(src/pylon_ros2_camera) by extensions ['colcon_meta']
[0.514s] Level 1:colcon.colcon_core.package_identification:_identify(src/pylon_ros2_camera) by extension 'colcon_meta'
[0.514s] Level 1:colcon.colcon_core.package_identification:_identify(src/pylon_ros2_camera) by extensions ['ros']
[0.514s] Level 1:colcon.colcon_core.package_identification:_identify(src/pylon_ros2_camera) by extension 'ros'
[0.514s] Level 1:colcon.colcon_core.package_identification:_identify(src/pylon_ros2_camera) by extensions ['cmake', 'python']
[0.514s] Level 1:colcon.colcon_core.package_identification:_identify(src/pylon_ros2_camera) by extension 'cmake'
[0.514s] Level 1:colcon.colcon_core.package_identification:_identify(src/pylon_ros2_camera) by extension 'python'
[0.514s] Level 1:colcon.colcon_core.package_identification:_identify(src/pylon_ros2_camera) by extensions ['python_setup_py']
[0.514s] Level 1:colcon.colcon_core.package_identification:_identify(src/pylon_ros2_camera) by extension 'python_setup_py'
[0.514s] Level 1:colcon.colcon_core.package_identification:_identify(src/pylon_ros2_camera/docker) by extensions ['ignore', 'ignore_ament_install']
[0.514s] Level 1:colcon.colcon_core.package_identification:_identify(src/pylon_ros2_camera/docker) by extension 'ignore'
[0.514s] Level 1:colcon.colcon_core.package_identification:_identify(src/pylon_ros2_camera/docker) by extension 'ignore_ament_install'
[0.514s] Level 1:colcon.colcon_core.package_identification:_identify(src/pylon_ros2_camera/docker) by extensions ['colcon_pkg']
[0.514s] Level 1:colcon.colcon_core.package_identification:_identify(src/pylon_ros2_camera/docker) by extension 'colcon_pkg'
[0.514s] Level 1:colcon.colcon_core.package_identification:_identify(src/pylon_ros2_camera/docker) by extensions ['colcon_meta']
[0.515s] Level 1:colcon.colcon_core.package_identification:_identify(src/pylon_ros2_camera/docker) by extension 'colcon_meta'
[0.515s] Level 1:colcon.colcon_core.package_identification:_identify(src/pylon_ros2_camera/docker) by extensions ['ros']
[0.515s] Level 1:colcon.colcon_core.package_identification:_identify(src/pylon_ros2_camera/docker) by extension 'ros'
[0.515s] Level 1:colcon.colcon_core.package_identification:_identify(src/pylon_ros2_camera/docker) by extensions ['cmake', 'python']
[0.515s] Level 1:colcon.colcon_core.package_identification:_identify(src/pylon_ros2_camera/docker) by extension 'cmake'
[0.515s] Level 1:colcon.colcon_core.package_identification:_identify(src/pylon_ros2_camera/docker) by extension 'python'
[0.515s] Level 1:colcon.colcon_core.package_identification:_identify(src/pylon_ros2_camera/docker) by extensions ['python_setup_py']
[0.515s] Level 1:colcon.colcon_core.package_identification:_identify(src/pylon_ros2_camera/docker) by extension 'python_setup_py'
[0.515s] Level 1:colcon.colcon_core.package_identification:_identify(src/pylon_ros2_camera/pylon_ros2_camera_component) by extensions ['ignore', 'ignore_ament_install']
[0.515s] Level 1:colcon.colcon_core.package_identification:_identify(src/pylon_ros2_camera/pylon_ros2_camera_component) by extension 'ignore'
[0.515s] Level 1:colcon.colcon_core.package_identification:_identify(src/pylon_ros2_camera/pylon_ros2_camera_component) by extension 'ignore_ament_install'
[0.515s] Level 1:colcon.colcon_core.package_identification:_identify(src/pylon_ros2_camera/pylon_ros2_camera_component) by extensions ['colcon_pkg']
[0.515s] Level 1:colcon.colcon_core.package_identification:_identify(src/pylon_ros2_camera/pylon_ros2_camera_component) by extension 'colcon_pkg'
[0.515s] Level 1:colcon.colcon_core.package_identification:_identify(src/pylon_ros2_camera/pylon_ros2_camera_component) by extensions ['colcon_meta']
[0.515s] Level 1:colcon.colcon_core.package_identification:_identify(src/pylon_ros2_camera/pylon_ros2_camera_component) by extension 'colcon_meta'
[0.515s] Level 1:colcon.colcon_core.package_identification:_identify(src/pylon_ros2_camera/pylon_ros2_camera_component) by extensions ['ros']
[0.515s] Level 1:colcon.colcon_core.package_identification:_identify(src/pylon_ros2_camera/pylon_ros2_camera_component) by extension 'ros'
[0.519s] DEBUG:colcon.colcon_core.package_identification:Package 'src/pylon_ros2_camera/pylon_ros2_camera_component' with type 'ros.ament_cmake' and name 'pylon_ros2_camera_component'
[0.519s] Level 1:colcon.colcon_core.package_identification:_identify(src/pylon_ros2_camera/pylon_ros2_camera_interfaces) by extensions ['ignore', 'ignore_ament_install']
[0.519s] Level 1:colcon.colcon_core.package_identification:_identify(src/pylon_ros2_camera/pylon_ros2_camera_interfaces) by extension 'ignore'
[0.519s] Level 1:colcon.colcon_core.package_identification:_identify(src/pylon_ros2_camera/pylon_ros2_camera_interfaces) by extension 'ignore_ament_install'
[0.519s] Level 1:colcon.colcon_core.package_identification:_identify(src/pylon_ros2_camera/pylon_ros2_camera_interfaces) by extensions ['colcon_pkg']
[0.519s] Level 1:colcon.colcon_core.package_identification:_identify(src/pylon_ros2_camera/pylon_ros2_camera_interfaces) by extension 'colcon_pkg'
[0.519s] Level 1:colcon.colcon_core.package_identification:_identify(src/pylon_ros2_camera/pylon_ros2_camera_interfaces) by extensions ['colcon_meta']
[0.519s] Level 1:colcon.colcon_core.package_identification:_identify(src/pylon_ros2_camera/pylon_ros2_camera_interfaces) by extension 'colcon_meta'
[0.520s] Level 1:colcon.colcon_core.package_identification:_identify(src/pylon_ros2_camera/pylon_ros2_camera_interfaces) by extensions ['ros']
[0.520s] Level 1:colcon.colcon_core.package_identification:_identify(src/pylon_ros2_camera/pylon_ros2_camera_interfaces) by extension 'ros'
[0.520s] DEBUG:colcon.colcon_core.package_identification:Package 'src/pylon_ros2_camera/pylon_ros2_camera_interfaces' with type 'ros.ament_cmake' and name 'pylon_ros2_camera_interfaces'
[0.520s] Level 1:colcon.colcon_core.package_identification:_identify(src/pylon_ros2_camera/pylon_ros2_camera_wrapper) by extensions ['ignore', 'ignore_ament_install']
[0.520s] Level 1:colcon.colcon_core.package_identification:_identify(src/pylon_ros2_camera/pylon_ros2_camera_wrapper) by extension 'ignore'
[0.521s] Level 1:colcon.colcon_core.package_identification:_identify(src/pylon_ros2_camera/pylon_ros2_camera_wrapper) by extension 'ignore_ament_install'
[0.521s] Level 1:colcon.colcon_core.package_identification:_identify(src/pylon_ros2_camera/pylon_ros2_camera_wrapper) by extensions ['colcon_pkg']
[0.521s] Level 1:colcon.colcon_core.package_identification:_identify(src/pylon_ros2_camera/pylon_ros2_camera_wrapper) by extension 'colcon_pkg'
[0.521s] Level 1:colcon.colcon_core.package_identification:_identify(src/pylon_ros2_camera/pylon_ros2_camera_wrapper) by extensions ['colcon_meta']
[0.521s] Level 1:colcon.colcon_core.package_identification:_identify(src/pylon_ros2_camera/pylon_ros2_camera_wrapper) by extension 'colcon_meta'
[0.521s] Level 1:colcon.colcon_core.package_identification:_identify(src/pylon_ros2_camera/pylon_ros2_camera_wrapper) by extensions ['ros']
[0.521s] Level 1:colcon.colcon_core.package_identification:_identify(src/pylon_ros2_camera/pylon_ros2_camera_wrapper) by extension 'ros'
[0.522s] DEBUG:colcon.colcon_core.package_identification:Package 'src/pylon_ros2_camera/pylon_ros2_camera_wrapper' with type 'ros.ament_cmake' and name 'pylon_ros2_camera_wrapper'
[0.522s] Level 1:colcon.colcon_core.package_discovery:discover_packages(recursive) using defaults
[0.522s] Level 1:colcon.colcon_core.package_discovery:discover_packages(ignore) discover
[0.522s] Level 1:colcon.colcon_core.package_discovery:discover_packages(ignore) using defaults
[0.522s] Level 1:colcon.colcon_core.package_discovery:discover_packages(path) discover
[0.522s] Level 1:colcon.colcon_core.package_discovery:discover_packages(path) using defaults
[0.549s] Level 1:colcon.colcon_core.package_discovery:discover_packages(prefix_path) check parameters
[0.549s] Level 1:colcon.colcon_core.package_discovery:discover_packages(prefix_path) discover
[0.551s] DEBUG:colcon.colcon_installed_package_information.package_discovery:Found 3 installed packages in /home/mcav/cam_dev_ws/install
[0.553s] DEBUG:colcon.colcon_installed_package_information.package_discovery:Found 371 installed packages in /opt/ros/humble
[0.555s] Level 1:colcon.colcon_core.package_discovery:discover_packages(prefix_path) using defaults
[0.618s] Level 5:colcon.colcon_core.verb:set package 'pylon_ros2_camera_interfaces' build argument 'cmake_args' from command line to 'None'
[0.618s] Level 5:colcon.colcon_core.verb:set package 'pylon_ros2_camera_interfaces' build argument 'cmake_target' from command line to 'None'
[0.618s] Level 5:colcon.colcon_core.verb:set package 'pylon_ros2_camera_interfaces' build argument 'cmake_target_skip_unavailable' from command line to 'False'
[0.618s] Level 5:colcon.colcon_core.verb:set package 'pylon_ros2_camera_interfaces' build argument 'cmake_clean_cache' from command line to 'False'
[0.618s] Level 5:colcon.colcon_core.verb:set package 'pylon_ros2_camera_interfaces' build argument 'cmake_clean_first' from command line to 'False'
[0.618s] Level 5:colcon.colcon_core.verb:set package 'pylon_ros2_camera_interfaces' build argument 'cmake_force_configure' from command line to 'False'
[0.618s] Level 5:colcon.colcon_core.verb:set package 'pylon_ros2_camera_interfaces' build argument 'ament_cmake_args' from command line to 'None'
[0.618s] Level 5:colcon.colcon_core.verb:set package 'pylon_ros2_camera_interfaces' build argument 'catkin_cmake_args' from command line to 'None'
[0.618s] Level 5:colcon.colcon_core.verb:set package 'pylon_ros2_camera_interfaces' build argument 'catkin_skip_building_tests' from command line to 'False'
[0.618s] DEBUG:colcon.colcon_core.verb:Building package 'pylon_ros2_camera_interfaces' with the following arguments: {'ament_cmake_args': None, 'build_base': '/home/mcav/cam_dev_ws/build/pylon_ros2_camera_interfaces', 'catkin_cmake_args': None, 'catkin_skip_building_tests': False, 'cmake_args': None, 'cmake_clean_cache': False, 'cmake_clean_first': False, 'cmake_force_configure': False, 'cmake_target': None, 'cmake_target_skip_unavailable': False, 'install_base': '/home/mcav/cam_dev_ws/install/pylon_ros2_camera_interfaces', 'merge_install': False, 'path': '/home/mcav/cam_dev_ws/src/pylon_ros2_camera/pylon_ros2_camera_interfaces', 'symlink_install': False, 'test_result_base': None}
[0.619s] Level 5:colcon.colcon_core.verb:set package 'pylon_ros2_camera_component' build argument 'cmake_args' from command line to 'None'
[0.619s] Level 5:colcon.colcon_core.verb:set package 'pylon_ros2_camera_component' build argument 'cmake_target' from command line to 'None'
[0.619s] Level 5:colcon.colcon_core.verb:set package 'pylon_ros2_camera_component' build argument 'cmake_target_skip_unavailable' from command line to 'False'
[0.619s] Level 5:colcon.colcon_core.verb:set package 'pylon_ros2_camera_component' build argument 'cmake_clean_cache' from command line to 'False'
[0.619s] Level 5:colcon.colcon_core.verb:set package 'pylon_ros2_camera_component' build argument 'cmake_clean_first' from command line to 'False'
[0.619s] Level 5:colcon.colcon_core.verb:set package 'pylon_ros2_camera_component' build argument 'cmake_force_configure' from command line to 'False'
[0.619s] Level 5:colcon.colcon_core.verb:set package 'pylon_ros2_camera_component' build argument 'ament_cmake_args' from command line to 'None'
[0.619s] Level 5:colcon.colcon_core.verb:set package 'pylon_ros2_camera_component' build argument 'catkin_cmake_args' from command line to 'None'
[0.619s] Level 5:colcon.colcon_core.verb:set package 'pylon_ros2_camera_component' build argument 'catkin_skip_building_tests' from command line to 'False'
[0.619s] DEBUG:colcon.colcon_core.verb:Building package 'pylon_ros2_camera_component' with the following arguments: {'ament_cmake_args': None, 'build_base': '/home/mcav/cam_dev_ws/build/pylon_ros2_camera_component', 'catkin_cmake_args': None, 'catkin_skip_building_tests': False, 'cmake_args': None, 'cmake_clean_cache': False, 'cmake_clean_first': False, 'cmake_force_configure': False, 'cmake_target': None, 'cmake_target_skip_unavailable': False, 'install_base': '/home/mcav/cam_dev_ws/install/pylon_ros2_camera_component', 'merge_install': False, 'path': '/home/mcav/cam_dev_ws/src/pylon_ros2_camera/pylon_ros2_camera_component', 'symlink_install': False, 'test_result_base': None}
[0.619s] Level 5:colcon.colcon_core.verb:set package 'pylon_ros2_camera_wrapper' build argument 'cmake_args' from command line to 'None'
[0.619s] Level 5:colcon.colcon_core.verb:set package 'pylon_ros2_camera_wrapper' build argument 'cmake_target' from command line to 'None'
[0.619s] Level 5:colcon.colcon_core.verb:set package 'pylon_ros2_camera_wrapper' build argument 'cmake_target_skip_unavailable' from command line to 'False'
[0.619s] Level 5:colcon.colcon_core.verb:set package 'pylon_ros2_camera_wrapper' build argument 'cmake_clean_cache' from command line to 'False'
[0.619s] Level 5:colcon.colcon_core.verb:set package 'pylon_ros2_camera_wrapper' build argument 'cmake_clean_first' from command line to 'False'
[0.619s] Level 5:colcon.colcon_core.verb:set package 'pylon_ros2_camera_wrapper' build argument 'cmake_force_configure' from command line to 'False'
[0.619s] Level 5:colcon.colcon_core.verb:set package 'pylon_ros2_camera_wrapper' build argument 'ament_cmake_args' from command line to 'None'
[0.619s] Level 5:colcon.colcon_core.verb:set package 'pylon_ros2_camera_wrapper' build argument 'catkin_cmake_args' from command line to 'None'
[0.619s] Level 5:colcon.colcon_core.verb:set package 'pylon_ros2_camera_wrapper' build argument 'catkin_skip_building_tests' from command line to 'False'
[0.619s] DEBUG:colcon.colcon_core.verb:Building package 'pylon_ros2_camera_wrapper' with the following arguments: {'ament_cmake_args': None, 'build_base': '/home/mcav/cam_dev_ws/build/pylon_ros2_camera_wrapper', 'catkin_cmake_args': None, 'catkin_skip_building_tests': False, 'cmake_args': None, 'cmake_clean_cache': False, 'cmake_clean_first': False, 'cmake_force_configure': False, 'cmake_target': None, 'cmake_target_skip_unavailable': False, 'install_base': '/home/mcav/cam_dev_ws/install/pylon_ros2_camera_wrapper', 'merge_install': False, 'path': '/home/mcav/cam_dev_ws/src/pylon_ros2_camera/pylon_ros2_camera_wrapper', 'symlink_install': False, 'test_result_base': None}
[0.620s] INFO:colcon.colcon_core.executor:Executing jobs using 'parallel' executor
[0.621s] DEBUG:colcon.colcon_parallel_executor.executor.parallel:run_until_complete
[0.621s] INFO:colcon.colcon_ros.task.ament_cmake.build:Building ROS package in '/home/mcav/cam_dev_ws/src/pylon_ros2_camera/pylon_ros2_camera_interfaces' with build type 'ament_cmake'
[0.621s] INFO:colcon.colcon_cmake.task.cmake.build:Building CMake package in '/home/mcav/cam_dev_ws/src/pylon_ros2_camera/pylon_ros2_camera_interfaces'
[0.624s] INFO:colcon.colcon_core.plugin_system:Skipping extension 'colcon_core.shell.bat': Not used on non-Windows systems
[0.625s] INFO:colcon.colcon_core.shell:Skip shell extension 'powershell' for command environment: Not usable outside of PowerShell
[0.625s] DEBUG:colcon.colcon_core.shell:Skip shell extension 'dsv' for command environment
[0.638s] DEBUG:colcon.colcon_core.event_handler.log_command:Invoking command in '/home/mcav/cam_dev_ws/build/pylon_ros2_camera_interfaces': CMAKE_PREFIX_PATH=${CMAKE_PREFIX_PATH}:/opt/ros/humble /usr/local/bin/cmake --build /home/mcav/cam_dev_ws/build/pylon_ros2_camera_interfaces -- -j8 -l8
[1.258s] DEBUG:colcon.colcon_core.event_handler.log_command:Invoked command in '/home/mcav/cam_dev_ws/build/pylon_ros2_camera_interfaces' returned '0': CMAKE_PREFIX_PATH=${CMAKE_PREFIX_PATH}:/opt/ros/humble /usr/local/bin/cmake --build /home/mcav/cam_dev_ws/build/pylon_ros2_camera_interfaces -- -j8 -l8
[1.265s] DEBUG:colcon.colcon_core.event_handler.log_command:Invoking command in '/home/mcav/cam_dev_ws/build/pylon_ros2_camera_interfaces': CMAKE_PREFIX_PATH=${CMAKE_PREFIX_PATH}:/opt/ros/humble /usr/local/bin/cmake --install /home/mcav/cam_dev_ws/build/pylon_ros2_camera_interfaces
[1.365s] Level 1:colcon.colcon_core.environment:create_environment_scripts_only(pylon_ros2_camera_interfaces)
[1.366s] DEBUG:colcon.colcon_core.event_handler.log_command:Invoked command in '/home/mcav/cam_dev_ws/build/pylon_ros2_camera_interfaces' returned '0': CMAKE_PREFIX_PATH=${CMAKE_PREFIX_PATH}:/opt/ros/humble /usr/local/bin/cmake --install /home/mcav/cam_dev_ws/build/pylon_ros2_camera_interfaces
[1.368s] Level 1:colcon.colcon_core.environment:checking '/home/mcav/cam_dev_ws/install/pylon_ros2_camera_interfaces' for CMake module files
[1.370s] Level 1:colcon.colcon_core.environment:checking '/home/mcav/cam_dev_ws/install/pylon_ros2_camera_interfaces' for CMake config files
[1.372s] Level 1:colcon.colcon_core.shell:create_environment_hook('pylon_ros2_camera_interfaces', 'cmake_prefix_path')
[1.373s] INFO:colcon.colcon_core.shell:Creating environment hook '/home/mcav/cam_dev_ws/install/pylon_ros2_camera_interfaces/share/pylon_ros2_camera_interfaces/hook/cmake_prefix_path.ps1'
[1.373s] INFO:colcon.colcon_core.shell:Creating environment descriptor '/home/mcav/cam_dev_ws/install/pylon_ros2_camera_interfaces/share/pylon_ros2_camera_interfaces/hook/cmake_prefix_path.dsv'
[1.374s] INFO:colcon.colcon_core.shell:Creating environment hook '/home/mcav/cam_dev_ws/install/pylon_ros2_camera_interfaces/share/pylon_ros2_camera_interfaces/hook/cmake_prefix_path.sh'
[1.375s] Level 1:colcon.colcon_core.environment:checking '/home/mcav/cam_dev_ws/install/pylon_ros2_camera_interfaces/lib'
[1.375s] Level 1:colcon.colcon_core.shell:create_environment_hook('pylon_ros2_camera_interfaces', 'ld_library_path_lib')
[1.376s] INFO:colcon.colcon_core.shell:Creating environment hook '/home/mcav/cam_dev_ws/install/pylon_ros2_camera_interfaces/share/pylon_ros2_camera_interfaces/hook/ld_library_path_lib.ps1'
[1.376s] INFO:colcon.colcon_core.shell:Creating environment descriptor '/home/mcav/cam_dev_ws/install/pylon_ros2_camera_interfaces/share/pylon_ros2_camera_interfaces/hook/ld_library_path_lib.dsv'
[1.376s] INFO:colcon.colcon_core.shell:Creating environment hook '/home/mcav/cam_dev_ws/install/pylon_ros2_camera_interfaces/share/pylon_ros2_camera_interfaces/hook/ld_library_path_lib.sh'
[1.377s] Level 1:colcon.colcon_core.environment:checking '/home/mcav/cam_dev_ws/install/pylon_ros2_camera_interfaces/bin'
[1.377s] Level 1:colcon.colcon_core.environment:checking '/home/mcav/cam_dev_ws/install/pylon_ros2_camera_interfaces/lib/pkgconfig/pylon_ros2_camera_interfaces.pc'
[1.377s] Level 1:colcon.colcon_core.environment:checking '/home/mcav/cam_dev_ws/install/pylon_ros2_camera_interfaces/lib/python3.10/site-packages'
[1.377s] Level 1:colcon.colcon_core.environment:checking '/home/mcav/cam_dev_ws/install/pylon_ros2_camera_interfaces/bin'
[1.378s] INFO:colcon.colcon_core.shell:Creating package script '/home/mcav/cam_dev_ws/install/pylon_ros2_camera_interfaces/share/pylon_ros2_camera_interfaces/package.ps1'
[1.379s] INFO:colcon.colcon_core.shell:Creating package descriptor '/home/mcav/cam_dev_ws/install/pylon_ros2_camera_interfaces/share/pylon_ros2_camera_interfaces/package.dsv'
[1.380s] INFO:colcon.colcon_core.shell:Creating package script '/home/mcav/cam_dev_ws/install/pylon_ros2_camera_interfaces/share/pylon_ros2_camera_interfaces/package.sh'
[1.380s] INFO:colcon.colcon_core.shell:Creating package script '/home/mcav/cam_dev_ws/install/pylon_ros2_camera_interfaces/share/pylon_ros2_camera_interfaces/package.bash'
[1.381s] INFO:colcon.colcon_core.shell:Creating package script '/home/mcav/cam_dev_ws/install/pylon_ros2_camera_interfaces/share/pylon_ros2_camera_interfaces/package.zsh'
[1.382s] Level 1:colcon.colcon_core.environment:create_file_with_runtime_dependencies(/home/mcav/cam_dev_ws/install/pylon_ros2_camera_interfaces/share/colcon-core/packages/pylon_ros2_camera_interfaces)
[1.383s] Level 1:colcon.colcon_core.environment:create_environment_scripts_only(pylon_ros2_camera_interfaces)
[1.383s] Level 1:colcon.colcon_core.environment:checking '/home/mcav/cam_dev_ws/install/pylon_ros2_camera_interfaces' for CMake module files
[1.384s] Level 1:colcon.colcon_core.environment:checking '/home/mcav/cam_dev_ws/install/pylon_ros2_camera_interfaces' for CMake config files
[1.386s] Level 1:colcon.colcon_core.shell:create_environment_hook('pylon_ros2_camera_interfaces', 'cmake_prefix_path')
[1.386s] INFO:colcon.colcon_core.shell:Creating environment hook '/home/mcav/cam_dev_ws/install/pylon_ros2_camera_interfaces/share/pylon_ros2_camera_interfaces/hook/cmake_prefix_path.ps1'
[1.386s] INFO:colcon.colcon_core.shell:Creating environment descriptor '/home/mcav/cam_dev_ws/install/pylon_ros2_camera_interfaces/share/pylon_ros2_camera_interfaces/hook/cmake_prefix_path.dsv'
[1.387s] INFO:colcon.colcon_core.shell:Creating environment hook '/home/mcav/cam_dev_ws/install/pylon_ros2_camera_interfaces/share/pylon_ros2_camera_interfaces/hook/cmake_prefix_path.sh'
[1.387s] Level 1:colcon.colcon_core.environment:checking '/home/mcav/cam_dev_ws/install/pylon_ros2_camera_interfaces/lib'
[1.387s] Level 1:colcon.colcon_core.shell:create_environment_hook('pylon_ros2_camera_interfaces', 'ld_library_path_lib')
[1.388s] INFO:colcon.colcon_core.shell:Creating environment hook '/home/mcav/cam_dev_ws/install/pylon_ros2_camera_interfaces/share/pylon_ros2_camera_interfaces/hook/ld_library_path_lib.ps1'
[1.388s] INFO:colcon.colcon_core.shell:Creating environment descriptor '/home/mcav/cam_dev_ws/install/pylon_ros2_camera_interfaces/share/pylon_ros2_camera_interfaces/hook/ld_library_path_lib.dsv'
[1.388s] INFO:colcon.colcon_core.shell:Creating environment hook '/home/mcav/cam_dev_ws/install/pylon_ros2_camera_interfaces/share/pylon_ros2_camera_interfaces/hook/ld_library_path_lib.sh'
[1.389s] Level 1:colcon.colcon_core.environment:checking '/home/mcav/cam_dev_ws/install/pylon_ros2_camera_interfaces/bin'
[1.389s] Level 1:colcon.colcon_core.environment:checking '/home/mcav/cam_dev_ws/install/pylon_ros2_camera_interfaces/lib/pkgconfig/pylon_ros2_camera_interfaces.pc'
[1.389s] Level 1:colcon.colcon_core.environment:checking '/home/mcav/cam_dev_ws/install/pylon_ros2_camera_interfaces/lib/python3.10/site-packages'
[1.390s] Level 1:colcon.colcon_core.environment:checking '/home/mcav/cam_dev_ws/install/pylon_ros2_camera_interfaces/bin'
[1.391s] INFO:colcon.colcon_core.shell:Creating package script '/home/mcav/cam_dev_ws/install/pylon_ros2_camera_interfaces/share/pylon_ros2_camera_interfaces/package.ps1'
[1.391s] INFO:colcon.colcon_core.shell:Creating package descriptor '/home/mcav/cam_dev_ws/install/pylon_ros2_camera_interfaces/share/pylon_ros2_camera_interfaces/package.dsv'
[1.392s] INFO:colcon.colcon_core.shell:Creating package script '/home/mcav/cam_dev_ws/install/pylon_ros2_camera_interfaces/share/pylon_ros2_camera_interfaces/package.sh'
[1.393s] INFO:colcon.colcon_core.shell:Creating package script '/home/mcav/cam_dev_ws/install/pylon_ros2_camera_interfaces/share/pylon_ros2_camera_interfaces/package.bash'
[1.393s] INFO:colcon.colcon_core.shell:Creating package script '/home/mcav/cam_dev_ws/install/pylon_ros2_camera_interfaces/share/pylon_ros2_camera_interfaces/package.zsh'
[1.394s] Level 1:colcon.colcon_core.environment:create_file_with_runtime_dependencies(/home/mcav/cam_dev_ws/install/pylon_ros2_camera_interfaces/share/colcon-core/packages/pylon_ros2_camera_interfaces)
[1.394s] INFO:colcon.colcon_ros.task.ament_cmake.build:Building ROS package in '/home/mcav/cam_dev_ws/src/pylon_ros2_camera/pylon_ros2_camera_component' with build type 'ament_cmake'
[1.394s] INFO:colcon.colcon_cmake.task.cmake.build:Building CMake package in '/home/mcav/cam_dev_ws/src/pylon_ros2_camera/pylon_ros2_camera_component'
[1.395s] INFO:colcon.colcon_core.shell:Skip shell extension 'powershell' for command environment: Not usable outside of PowerShell
[1.395s] DEBUG:colcon.colcon_core.shell:Skip shell extension 'dsv' for command environment
[1.409s] DEBUG:colcon.colcon_core.event_handler.log_command:Invoking command in '/home/mcav/cam_dev_ws/build/pylon_ros2_camera_component': CMAKE_PREFIX_PATH=/home/mcav/cam_dev_ws/install/pylon_ros2_camera_interfaces:/home/mcav/cam_dev_ws/install/pylon_ros2_camera_wrapper:/home/mcav/cam_dev_ws/install/pylon_ros2_camera_component:/opt/ros/humble LD_LIBRARY_PATH=/home/mcav/cam_dev_ws/install/pylon_ros2_camera_interfaces/lib:/home/mcav/cam_dev_ws/install/pylon_ros2_camera_wrapper/lib:/home/mcav/cam_dev_ws/install/pylon_ros2_camera_component/lib:/usr/local/cuda/lib64:/usr/local/cuda/lib64:/opt/ros/humble/opt/rviz_ogre_vendor/lib:/opt/ros/humble/lib/x86_64-linux-gnu:/opt/ros/humble/lib /usr/local/bin/cmake --build /home/mcav/cam_dev_ws/build/pylon_ros2_camera_component -- -j8 -l8
[3.555s] DEBUG:colcon.colcon_core.event_handler.log_command:Invoked command in '/home/mcav/cam_dev_ws/build/pylon_ros2_camera_component' returned '0': CMAKE_PREFIX_PATH=/home/mcav/cam_dev_ws/install/pylon_ros2_camera_interfaces:/home/mcav/cam_dev_ws/install/pylon_ros2_camera_wrapper:/home/mcav/cam_dev_ws/install/pylon_ros2_camera_component:/opt/ros/humble LD_LIBRARY_PATH=/home/mcav/cam_dev_ws/install/pylon_ros2_camera_interfaces/lib:/home/mcav/cam_dev_ws/install/pylon_ros2_camera_wrapper/lib:/home/mcav/cam_dev_ws/install/pylon_ros2_camera_component/lib:/usr/local/cuda/lib64:/usr/local/cuda/lib64:/opt/ros/humble/opt/rviz_ogre_vendor/lib:/opt/ros/humble/lib/x86_64-linux-gnu:/opt/ros/humble/lib /usr/local/bin/cmake --build /home/mcav/cam_dev_ws/build/pylon_ros2_camera_component -- -j8 -l8
[3.557s] DEBUG:colcon.colcon_core.event_handler.log_command:Invoking command in '/home/mcav/cam_dev_ws/build/pylon_ros2_camera_component': CMAKE_PREFIX_PATH=/home/mcav/cam_dev_ws/install/pylon_ros2_camera_interfaces:/home/mcav/cam_dev_ws/install/pylon_ros2_camera_wrapper:/home/mcav/cam_dev_ws/install/pylon_ros2_camera_component:/opt/ros/humble LD_LIBRARY_PATH=/home/mcav/cam_dev_ws/install/pylon_ros2_camera_interfaces/lib:/home/mcav/cam_dev_ws/install/pylon_ros2_camera_wrapper/lib:/home/mcav/cam_dev_ws/install/pylon_ros2_camera_component/lib:/usr/local/cuda/lib64:/usr/local/cuda/lib64:/opt/ros/humble/opt/rviz_ogre_vendor/lib:/opt/ros/humble/lib/x86_64-linux-gnu:/opt/ros/humble/lib /usr/local/bin/cmake --install /home/mcav/cam_dev_ws/build/pylon_ros2_camera_component
[3.573s] Level 1:colcon.colcon_core.environment:create_environment_scripts_only(pylon_ros2_camera_component)
[3.574s] Level 1:colcon.colcon_core.environment:checking '/home/mcav/cam_dev_ws/install/pylon_ros2_camera_component' for CMake module files
[3.576s] Level 1:colcon.colcon_core.environment:checking '/home/mcav/cam_dev_ws/install/pylon_ros2_camera_component' for CMake config files
[3.577s] DEBUG:colcon.colcon_core.event_handler.log_command:Invoked command in '/home/mcav/cam_dev_ws/build/pylon_ros2_camera_component' returned '0': CMAKE_PREFIX_PATH=/home/mcav/cam_dev_ws/install/pylon_ros2_camera_interfaces:/home/mcav/cam_dev_ws/install/pylon_ros2_camera_wrapper:/home/mcav/cam_dev_ws/install/pylon_ros2_camera_component:/opt/ros/humble LD_LIBRARY_PATH=/home/mcav/cam_dev_ws/install/pylon_ros2_camera_interfaces/lib:/home/mcav/cam_dev_ws/install/pylon_ros2_camera_wrapper/lib:/home/mcav/cam_dev_ws/install/pylon_ros2_camera_component/lib:/usr/local/cuda/lib64:/usr/local/cuda/lib64:/opt/ros/humble/opt/rviz_ogre_vendor/lib:/opt/ros/humble/lib/x86_64-linux-gnu:/opt/ros/humble/lib /usr/local/bin/cmake --install /home/mcav/cam_dev_ws/build/pylon_ros2_camera_component
[3.577s] Level 1:colcon.colcon_core.shell:create_environment_hook('pylon_ros2_camera_component', 'cmake_prefix_path')
[3.578s] INFO:colcon.colcon_core.shell:Creating environment hook '/home/mcav/cam_dev_ws/install/pylon_ros2_camera_component/share/pylon_ros2_camera_component/hook/cmake_prefix_path.ps1'
[3.578s] INFO:colcon.colcon_core.shell:Creating environment descriptor '/home/mcav/cam_dev_ws/install/pylon_ros2_camera_component/share/pylon_ros2_camera_component/hook/cmake_prefix_path.dsv'
[3.579s] INFO:colcon.colcon_core.shell:Creating environment hook '/home/mcav/cam_dev_ws/install/pylon_ros2_camera_component/share/pylon_ros2_camera_component/hook/cmake_prefix_path.sh'
[3.579s] Level 1:colcon.colcon_core.environment:checking '/home/mcav/cam_dev_ws/install/pylon_ros2_camera_component/lib'
[3.579s] Level 1:colcon.colcon_core.shell:create_environment_hook('pylon_ros2_camera_component', 'ld_library_path_lib')
[3.580s] INFO:colcon.colcon_core.shell:Creating environment hook '/home/mcav/cam_dev_ws/install/pylon_ros2_camera_component/share/pylon_ros2_camera_component/hook/ld_library_path_lib.ps1'
[3.580s] INFO:colcon.colcon_core.shell:Creating environment descriptor '/home/mcav/cam_dev_ws/install/pylon_ros2_camera_component/share/pylon_ros2_camera_component/hook/ld_library_path_lib.dsv'
[3.581s] INFO:colcon.colcon_core.shell:Creating environment hook '/home/mcav/cam_dev_ws/install/pylon_ros2_camera_component/share/pylon_ros2_camera_component/hook/ld_library_path_lib.sh'
[3.581s] Level 1:colcon.colcon_core.environment:checking '/home/mcav/cam_dev_ws/install/pylon_ros2_camera_component/bin'
[3.581s] Level 1:colcon.colcon_core.environment:checking '/home/mcav/cam_dev_ws/install/pylon_ros2_camera_component/lib/pkgconfig/pylon_ros2_camera_component.pc'
[3.582s] Level 1:colcon.colcon_core.environment:checking '/home/mcav/cam_dev_ws/install/pylon_ros2_camera_component/lib/python3.10/site-packages'
[3.583s] Level 1:colcon.colcon_core.environment:checking '/home/mcav/cam_dev_ws/install/pylon_ros2_camera_component/bin'
[3.583s] INFO:colcon.colcon_core.shell:Creating package script '/home/mcav/cam_dev_ws/install/pylon_ros2_camera_component/share/pylon_ros2_camera_component/package.ps1'
[3.584s] INFO:colcon.colcon_core.shell:Creating package descriptor '/home/mcav/cam_dev_ws/install/pylon_ros2_camera_component/share/pylon_ros2_camera_component/package.dsv'
[3.585s] INFO:colcon.colcon_core.shell:Creating package script '/home/mcav/cam_dev_ws/install/pylon_ros2_camera_component/share/pylon_ros2_camera_component/package.sh'
[3.586s] INFO:colcon.colcon_core.shell:Creating package script '/home/mcav/cam_dev_ws/install/pylon_ros2_camera_component/share/pylon_ros2_camera_component/package.bash'
[3.587s] INFO:colcon.colcon_core.shell:Creating package script '/home/mcav/cam_dev_ws/install/pylon_ros2_camera_component/share/pylon_ros2_camera_component/package.zsh'
[3.587s] Level 1:colcon.colcon_core.environment:create_file_with_runtime_dependencies(/home/mcav/cam_dev_ws/install/pylon_ros2_camera_component/share/colcon-core/packages/pylon_ros2_camera_component)
[3.588s] Level 1:colcon.colcon_core.environment:create_environment_scripts_only(pylon_ros2_camera_component)
[3.588s] Level 1:colcon.colcon_core.environment:checking '/home/mcav/cam_dev_ws/install/pylon_ros2_camera_component' for CMake module files
[3.588s] Level 1:colcon.colcon_core.environment:checking '/home/mcav/cam_dev_ws/install/pylon_ros2_camera_component' for CMake config files
[3.589s] Level 1:colcon.colcon_core.shell:create_environment_hook('pylon_ros2_camera_component', 'cmake_prefix_path')
[3.589s] INFO:colcon.colcon_core.shell:Creating environment hook '/home/mcav/cam_dev_ws/install/pylon_ros2_camera_component/share/pylon_ros2_camera_component/hook/cmake_prefix_path.ps1'
[3.590s] INFO:colcon.colcon_core.shell:Creating environment descriptor '/home/mcav/cam_dev_ws/install/pylon_ros2_camera_component/share/pylon_ros2_camera_component/hook/cmake_prefix_path.dsv'
[3.590s] INFO:colcon.colcon_core.shell:Creating environment hook '/home/mcav/cam_dev_ws/install/pylon_ros2_camera_component/share/pylon_ros2_camera_component/hook/cmake_prefix_path.sh'
[3.591s] Level 1:colcon.colcon_core.environment:checking '/home/mcav/cam_dev_ws/install/pylon_ros2_camera_component/lib'
[3.591s] Level 1:colcon.colcon_core.shell:create_environment_hook('pylon_ros2_camera_component', 'ld_library_path_lib')
[3.591s] INFO:colcon.colcon_core.shell:Creating environment hook '/home/mcav/cam_dev_ws/install/pylon_ros2_camera_component/share/pylon_ros2_camera_component/hook/ld_library_path_lib.ps1'
[3.591s] INFO:colcon.colcon_core.shell:Creating environment descriptor '/home/mcav/cam_dev_ws/install/pylon_ros2_camera_component/share/pylon_ros2_camera_component/hook/ld_library_path_lib.dsv'
[3.592s] INFO:colcon.colcon_core.shell:Creating environment hook '/home/mcav/cam_dev_ws/install/pylon_ros2_camera_component/share/pylon_ros2_camera_component/hook/ld_library_path_lib.sh'
[3.592s] Level 1:colcon.colcon_core.environment:checking '/home/mcav/cam_dev_ws/install/pylon_ros2_camera_component/bin'
[3.592s] Level 1:colcon.colcon_core.environment:checking '/home/mcav/cam_dev_ws/install/pylon_ros2_camera_component/lib/pkgconfig/pylon_ros2_camera_component.pc'
[3.592s] Level 1:colcon.colcon_core.environment:checking '/home/mcav/cam_dev_ws/install/pylon_ros2_camera_component/lib/python3.10/site-packages'
[3.593s] Level 1:colcon.colcon_core.environment:checking '/home/mcav/cam_dev_ws/install/pylon_ros2_camera_component/bin'
[3.593s] INFO:colcon.colcon_core.shell:Creating package script '/home/mcav/cam_dev_ws/install/pylon_ros2_camera_component/share/pylon_ros2_camera_component/package.ps1'
[3.594s] INFO:colcon.colcon_core.shell:Creating package descriptor '/home/mcav/cam_dev_ws/install/pylon_ros2_camera_component/share/pylon_ros2_camera_component/package.dsv'
[3.594s] INFO:colcon.colcon_core.shell:Creating package script '/home/mcav/cam_dev_ws/install/pylon_ros2_camera_component/share/pylon_ros2_camera_component/package.sh'
[3.595s] INFO:colcon.colcon_core.shell:Creating package script '/home/mcav/cam_dev_ws/install/pylon_ros2_camera_component/share/pylon_ros2_camera_component/package.bash'
[3.595s] INFO:colcon.colcon_core.shell:Creating package script '/home/mcav/cam_dev_ws/install/pylon_ros2_camera_component/share/pylon_ros2_camera_component/package.zsh'
[3.596s] Level 1:colcon.colcon_core.environment:create_file_with_runtime_dependencies(/home/mcav/cam_dev_ws/install/pylon_ros2_camera_component/share/colcon-core/packages/pylon_ros2_camera_component)
[3.596s] INFO:colcon.colcon_ros.task.ament_cmake.build:Building ROS package in '/home/mcav/cam_dev_ws/src/pylon_ros2_camera/pylon_ros2_camera_wrapper' with build type 'ament_cmake'
[3.596s] INFO:colcon.colcon_cmake.task.cmake.build:Building CMake package in '/home/mcav/cam_dev_ws/src/pylon_ros2_camera/pylon_ros2_camera_wrapper'
[3.597s] INFO:colcon.colcon_core.shell:Skip shell extension 'powershell' for command environment: Not usable outside of PowerShell
[3.597s] DEBUG:colcon.colcon_core.shell:Skip shell extension 'dsv' for command environment
[3.615s] DEBUG:colcon.colcon_core.event_handler.log_command:Invoking command in '/home/mcav/cam_dev_ws/build/pylon_ros2_camera_wrapper': CMAKE_PREFIX_PATH=/home/mcav/cam_dev_ws/install/pylon_ros2_camera_component:/home/mcav/cam_dev_ws/install/pylon_ros2_camera_interfaces:/home/mcav/cam_dev_ws/install/pylon_ros2_camera_wrapper:/opt/ros/humble LD_LIBRARY_PATH=/home/mcav/cam_dev_ws/install/pylon_ros2_camera_component/lib:/home/mcav/cam_dev_ws/install/pylon_ros2_camera_interfaces/lib:/home/mcav/cam_dev_ws/install/pylon_ros2_camera_wrapper/lib:/usr/local/cuda/lib64:/usr/local/cuda/lib64:/opt/ros/humble/opt/rviz_ogre_vendor/lib:/opt/ros/humble/lib/x86_64-linux-gnu:/opt/ros/humble/lib /usr/local/bin/cmake --build /home/mcav/cam_dev_ws/build/pylon_ros2_camera_wrapper -- -j8 -l8
[4.954s] DEBUG:colcon.colcon_core.event_handler.log_command:Invoked command in '/home/mcav/cam_dev_ws/build/pylon_ros2_camera_wrapper' returned '0': CMAKE_PREFIX_PATH=/home/mcav/cam_dev_ws/install/pylon_ros2_camera_component:/home/mcav/cam_dev_ws/install/pylon_ros2_camera_interfaces:/home/mcav/cam_dev_ws/install/pylon_ros2_camera_wrapper:/opt/ros/humble LD_LIBRARY_PATH=/home/mcav/cam_dev_ws/install/pylon_ros2_camera_component/lib:/home/mcav/cam_dev_ws/install/pylon_ros2_camera_interfaces/lib:/home/mcav/cam_dev_ws/install/pylon_ros2_camera_wrapper/lib:/usr/local/cuda/lib64:/usr/local/cuda/lib64:/opt/ros/humble/opt/rviz_ogre_vendor/lib:/opt/ros/humble/lib/x86_64-linux-gnu:/opt/ros/humble/lib /usr/local/bin/cmake --build /home/mcav/cam_dev_ws/build/pylon_ros2_camera_wrapper -- -j8 -l8
[4.955s] DEBUG:colcon.colcon_core.event_handler.log_command:Invoking command in '/home/mcav/cam_dev_ws/build/pylon_ros2_camera_wrapper': CMAKE_PREFIX_PATH=/home/mcav/cam_dev_ws/install/pylon_ros2_camera_component:/home/mcav/cam_dev_ws/install/pylon_ros2_camera_interfaces:/home/mcav/cam_dev_ws/install/pylon_ros2_camera_wrapper:/opt/ros/humble LD_LIBRARY_PATH=/home/mcav/cam_dev_ws/install/pylon_ros2_camera_component/lib:/home/mcav/cam_dev_ws/install/pylon_ros2_camera_interfaces/lib:/home/mcav/cam_dev_ws/install/pylon_ros2_camera_wrapper/lib:/usr/local/cuda/lib64:/usr/local/cuda/lib64:/opt/ros/humble/opt/rviz_ogre_vendor/lib:/opt/ros/humble/lib/x86_64-linux-gnu:/opt/ros/humble/lib /usr/local/bin/cmake --install /home/mcav/cam_dev_ws/build/pylon_ros2_camera_wrapper
[4.970s] Level 1:colcon.colcon_core.environment:create_environment_scripts_only(pylon_ros2_camera_wrapper)
[4.970s] Level 1:colcon.colcon_core.environment:checking '/home/mcav/cam_dev_ws/install/pylon_ros2_camera_wrapper' for CMake module files
[4.972s] DEBUG:colcon.colcon_core.event_handler.log_command:Invoked command in '/home/mcav/cam_dev_ws/build/pylon_ros2_camera_wrapper' returned '0': CMAKE_PREFIX_PATH=/home/mcav/cam_dev_ws/install/pylon_ros2_camera_component:/home/mcav/cam_dev_ws/install/pylon_ros2_camera_interfaces:/home/mcav/cam_dev_ws/install/pylon_ros2_camera_wrapper:/opt/ros/humble LD_LIBRARY_PATH=/home/mcav/cam_dev_ws/install/pylon_ros2_camera_component/lib:/home/mcav/cam_dev_ws/install/pylon_ros2_camera_interfaces/lib:/home/mcav/cam_dev_ws/install/pylon_ros2_camera_wrapper/lib:/usr/local/cuda/lib64:/usr/local/cuda/lib64:/opt/ros/humble/opt/rviz_ogre_vendor/lib:/opt/ros/humble/lib/x86_64-linux-gnu:/opt/ros/humble/lib /usr/local/bin/cmake --install /home/mcav/cam_dev_ws/build/pylon_ros2_camera_wrapper
[4.972s] Level 1:colcon.colcon_core.environment:checking '/home/mcav/cam_dev_ws/install/pylon_ros2_camera_wrapper' for CMake config files
[4.972s] Level 1:colcon.colcon_core.shell:create_environment_hook('pylon_ros2_camera_wrapper', 'cmake_prefix_path')
[4.973s] INFO:colcon.colcon_core.shell:Creating environment hook '/home/mcav/cam_dev_ws/install/pylon_ros2_camera_wrapper/share/pylon_ros2_camera_wrapper/hook/cmake_prefix_path.ps1'
[4.974s] INFO:colcon.colcon_core.shell:Creating environment descriptor '/home/mcav/cam_dev_ws/install/pylon_ros2_camera_wrapper/share/pylon_ros2_camera_wrapper/hook/cmake_prefix_path.dsv'
[4.974s] INFO:colcon.colcon_core.shell:Creating environment hook '/home/mcav/cam_dev_ws/install/pylon_ros2_camera_wrapper/share/pylon_ros2_camera_wrapper/hook/cmake_prefix_path.sh'
[4.975s] Level 1:colcon.colcon_core.environment:checking '/home/mcav/cam_dev_ws/install/pylon_ros2_camera_wrapper/lib'
[4.975s] Level 1:colcon.colcon_core.shell:create_environment_hook('pylon_ros2_camera_wrapper', 'ld_library_path_lib')
[4.976s] INFO:colcon.colcon_core.shell:Creating environment hook '/home/mcav/cam_dev_ws/install/pylon_ros2_camera_wrapper/share/pylon_ros2_camera_wrapper/hook/ld_library_path_lib.ps1'
[4.976s] INFO:colcon.colcon_core.shell:Creating environment descriptor '/home/mcav/cam_dev_ws/install/pylon_ros2_camera_wrapper/share/pylon_ros2_camera_wrapper/hook/ld_library_path_lib.dsv'
[4.976s] INFO:colcon.colcon_core.shell:Creating environment hook '/home/mcav/cam_dev_ws/install/pylon_ros2_camera_wrapper/share/pylon_ros2_camera_wrapper/hook/ld_library_path_lib.sh'
[4.977s] Level 1:colcon.colcon_core.environment:checking '/home/mcav/cam_dev_ws/install/pylon_ros2_camera_wrapper/bin'
[4.977s] Level 1:colcon.colcon_core.environment:checking '/home/mcav/cam_dev_ws/install/pylon_ros2_camera_wrapper/lib/pkgconfig/pylon_ros2_camera_wrapper.pc'
[4.977s] Level 1:colcon.colcon_core.environment:checking '/home/mcav/cam_dev_ws/install/pylon_ros2_camera_wrapper/lib/python3.10/site-packages'
[4.978s] Level 1:colcon.colcon_core.environment:checking '/home/mcav/cam_dev_ws/install/pylon_ros2_camera_wrapper/bin'
[4.978s] INFO:colcon.colcon_core.shell:Creating package script '/home/mcav/cam_dev_ws/install/pylon_ros2_camera_wrapper/share/pylon_ros2_camera_wrapper/package.ps1'
[4.979s] INFO:colcon.colcon_core.shell:Creating package descriptor '/home/mcav/cam_dev_ws/install/pylon_ros2_camera_wrapper/share/pylon_ros2_camera_wrapper/package.dsv'
[4.980s] INFO:colcon.colcon_core.shell:Creating package script '/home/mcav/cam_dev_ws/install/pylon_ros2_camera_wrapper/share/pylon_ros2_camera_wrapper/package.sh'
[4.981s] INFO:colcon.colcon_core.shell:Creating package script '/home/mcav/cam_dev_ws/install/pylon_ros2_camera_wrapper/share/pylon_ros2_camera_wrapper/package.bash'
[4.982s] INFO:colcon.colcon_core.shell:Creating package script '/home/mcav/cam_dev_ws/install/pylon_ros2_camera_wrapper/share/pylon_ros2_camera_wrapper/package.zsh'
[4.982s] Level 1:colcon.colcon_core.environment:create_file_with_runtime_dependencies(/home/mcav/cam_dev_ws/install/pylon_ros2_camera_wrapper/share/colcon-core/packages/pylon_ros2_camera_wrapper)
[4.984s] Level 1:colcon.colcon_core.environment:create_environment_scripts_only(pylon_ros2_camera_wrapper)
[4.984s] Level 1:colcon.colcon_core.environment:checking '/home/mcav/cam_dev_ws/install/pylon_ros2_camera_wrapper' for CMake module files
[4.985s] Level 1:colcon.colcon_core.environment:checking '/home/mcav/cam_dev_ws/install/pylon_ros2_camera_wrapper' for CMake config files
[4.985s] Level 1:colcon.colcon_core.shell:create_environment_hook('pylon_ros2_camera_wrapper', 'cmake_prefix_path')
[4.986s] INFO:colcon.colcon_core.shell:Creating environment hook '/home/mcav/cam_dev_ws/install/pylon_ros2_camera_wrapper/share/pylon_ros2_camera_wrapper/hook/cmake_prefix_path.ps1'
[4.986s] INFO:colcon.colcon_core.shell:Creating environment descriptor '/home/mcav/cam_dev_ws/install/pylon_ros2_camera_wrapper/share/pylon_ros2_camera_wrapper/hook/cmake_prefix_path.dsv'
[4.986s] INFO:colcon.colcon_core.shell:Creating environment hook '/home/mcav/cam_dev_ws/install/pylon_ros2_camera_wrapper/share/pylon_ros2_camera_wrapper/hook/cmake_prefix_path.sh'
[4.988s] Level 1:colcon.colcon_core.environment:checking '/home/mcav/cam_dev_ws/install/pylon_ros2_camera_wrapper/lib'
[4.988s] Level 1:colcon.colcon_core.shell:create_environment_hook('pylon_ros2_camera_wrapper', 'ld_library_path_lib')
[4.988s] INFO:colcon.colcon_core.shell:Creating environment hook '/home/mcav/cam_dev_ws/install/pylon_ros2_camera_wrapper/share/pylon_ros2_camera_wrapper/hook/ld_library_path_lib.ps1'
[4.989s] INFO:colcon.colcon_core.shell:Creating environment descriptor '/home/mcav/cam_dev_ws/install/pylon_ros2_camera_wrapper/share/pylon_ros2_camera_wrapper/hook/ld_library_path_lib.dsv'
[4.989s] INFO:colcon.colcon_core.shell:Creating environment hook '/home/mcav/cam_dev_ws/install/pylon_ros2_camera_wrapper/share/pylon_ros2_camera_wrapper/hook/ld_library_path_lib.sh'
[4.990s] Level 1:colcon.colcon_core.environment:checking '/home/mcav/cam_dev_ws/install/pylon_ros2_camera_wrapper/bin'
[4.990s] Level 1:colcon.colcon_core.environment:checking '/home/mcav/cam_dev_ws/install/pylon_ros2_camera_wrapper/lib/pkgconfig/pylon_ros2_camera_wrapper.pc'
[4.991s] Level 1:colcon.colcon_core.environment:checking '/home/mcav/cam_dev_ws/install/pylon_ros2_camera_wrapper/lib/python3.10/site-packages'
[4.991s] Level 1:colcon.colcon_core.environment:checking '/home/mcav/cam_dev_ws/install/pylon_ros2_camera_wrapper/bin'
[4.992s] INFO:colcon.colcon_core.shell:Creating package script '/home/mcav/cam_dev_ws/install/pylon_ros2_camera_wrapper/share/pylon_ros2_camera_wrapper/package.ps1'
[4.992s] INFO:colcon.colcon_core.shell:Creating package descriptor '/home/mcav/cam_dev_ws/install/pylon_ros2_camera_wrapper/share/pylon_ros2_camera_wrapper/package.dsv'
[4.993s] INFO:colcon.colcon_core.shell:Creating package script '/home/mcav/cam_dev_ws/install/pylon_ros2_camera_wrapper/share/pylon_ros2_camera_wrapper/package.sh'
[4.993s] INFO:colcon.colcon_core.shell:Creating package script '/home/mcav/cam_dev_ws/install/pylon_ros2_camera_wrapper/share/pylon_ros2_camera_wrapper/package.bash'
[4.994s] INFO:colcon.colcon_core.shell:Creating package script '/home/mcav/cam_dev_ws/install/pylon_ros2_camera_wrapper/share/pylon_ros2_camera_wrapper/package.zsh'
[4.994s] Level 1:colcon.colcon_core.environment:create_file_with_runtime_dependencies(/home/mcav/cam_dev_ws/install/pylon_ros2_camera_wrapper/share/colcon-core/packages/pylon_ros2_camera_wrapper)
[4.995s] DEBUG:colcon.colcon_parallel_executor.executor.parallel:closing loop
[4.995s] DEBUG:colcon.colcon_parallel_executor.executor.parallel:loop closed
[4.995s] DEBUG:colcon.colcon_parallel_executor.executor.parallel:run_until_complete finished with '0'
[4.995s] DEBUG:colcon.colcon_core.event_reactor:joining thread
[5.002s] INFO:colcon.colcon_core.plugin_system:Skipping extension 'colcon_notification.desktop_notification.terminal_notifier': Not used on non-Darwin systems
[5.002s] INFO:colcon.colcon_core.plugin_system:Skipping extension 'colcon_notification.desktop_notification.win32': Not used on non-Windows systems
[5.002s] INFO:colcon.colcon_notification.desktop_notification:Sending desktop notification using 'notify2'
[5.017s] DEBUG:colcon.colcon_core.event_reactor:joined thread
[5.018s] INFO:colcon.colcon_core.shell:Creating prefix script '/home/mcav/cam_dev_ws/install/local_setup.ps1'
[5.019s] INFO:colcon.colcon_core.shell:Creating prefix util module '/home/mcav/cam_dev_ws/install/_local_setup_util_ps1.py'
[5.021s] INFO:colcon.colcon_core.shell:Creating prefix chain script '/home/mcav/cam_dev_ws/install/setup.ps1'
[5.023s] INFO:colcon.colcon_core.shell:Creating prefix script '/home/mcav/cam_dev_ws/install/local_setup.sh'
[5.023s] INFO:colcon.colcon_core.shell:Creating prefix util module '/home/mcav/cam_dev_ws/install/_local_setup_util_sh.py'
[5.024s] INFO:colcon.colcon_core.shell:Creating prefix chain script '/home/mcav/cam_dev_ws/install/setup.sh'
[5.025s] INFO:colcon.colcon_core.shell:Creating prefix script '/home/mcav/cam_dev_ws/install/local_setup.bash'
[5.026s] INFO:colcon.colcon_core.shell:Creating prefix chain script '/home/mcav/cam_dev_ws/install/setup.bash'
[5.027s] INFO:colcon.colcon_core.shell:Creating prefix script '/home/mcav/cam_dev_ws/install/local_setup.zsh'
[5.027s] INFO:colcon.colcon_core.shell:Creating prefix chain script '/home/mcav/cam_dev_ws/install/setup.zsh'
