[0.125s] DEBUG:colcon:Command line arguments: ['/usr/bin/colcon', 'build']
[0.126s] DEBUG:colcon:Parsed command line arguments: Namespace(log_base=None, log_level=None, verb_name='build', build_base='build', install_base='install', merge_install=False, symlink_install=False, test_result_base=None, continue_on_error=False, executor='parallel', parallel_workers=8, event_handlers=None, ignore_user_meta=False, metas=['./colcon.meta'], base_paths=['.'], packages_ignore=None, packages_ignore_regex=None, paths=None, packages_up_to=None, packages_up_to_regex=None, packages_above=None, packages_above_and_dependencies=None, packages_above_depth=None, packages_select_by_dep=None, packages_skip_by_dep=None, packages_skip_up_to=None, packages_select_build_failed=False, packages_skip_build_finished=False, packages_select_test_failures=False, packages_skip_test_passed=False, packages_select=None, packages_skip=None, packages_select_regex=None, packages_skip_regex=None, packages_start=None, packages_end=None, allow_overriding=[], cmake_args=None, cmake_target=None, cmake_target_skip_unavailable=False, cmake_clean_cache=False, cmake_clean_first=False, cmake_force_configure=False, ament_cmake_args=None, catkin_cmake_args=None, catkin_skip_building_tests=False, mixin_files=None, mixin=None, verb_parser=<colcon_mixin.mixin.mixin_argument.MixinArgumentDecorator object at 0x7f909417fdf0>, verb_extension=<colcon_core.verb.build.BuildVerb object at 0x7f90941358d0>, main=<bound method BuildVerb.main of <colcon_core.verb.build.BuildVerb object at 0x7f90941358d0>>, mixin_verb=('build',))
[0.387s] Level 1:colcon.colcon_core.package_discovery:discover_packages(colcon_meta) check parameters
[0.387s] Level 1:colcon.colcon_core.package_discovery:discover_packages(recursive) check parameters
[0.387s] Level 1:colcon.colcon_core.package_discovery:discover_packages(ignore) check parameters
[0.387s] Level 1:colcon.colcon_core.package_discovery:discover_packages(path) check parameters
[0.387s] Level 1:colcon.colcon_core.package_discovery:discover_packages(colcon_meta) discover
[0.387s] Level 1:colcon.colcon_core.package_discovery:discover_packages(recursive) discover
[0.387s] INFO:colcon.colcon_core.package_discovery:Crawling recursively for packages in '/home/mcav/cam_dev_ws'
[0.387s] Level 1:colcon.colcon_core.package_identification:_identify(.) by extensions ['ignore', 'ignore_ament_install']
[0.387s] Level 1:colcon.colcon_core.package_identification:_identify(.) by extension 'ignore'
[0.387s] Level 1:colcon.colcon_core.package_identification:_identify(.) by extension 'ignore_ament_install'
[0.387s] Level 1:colcon.colcon_core.package_identification:_identify(.) by extensions ['colcon_pkg']
[0.387s] Level 1:colcon.colcon_core.package_identification:_identify(.) by extension 'colcon_pkg'
[0.388s] Level 1:colcon.colcon_core.package_identification:_identify(.) by extensions ['colcon_meta']
[0.388s] Level 1:colcon.colcon_core.package_identification:_identify(.) by extension 'colcon_meta'
[0.388s] Level 1:colcon.colcon_core.package_identification:_identify(.) by extensions ['ros']
[0.388s] Level 1:colcon.colcon_core.package_identification:_identify(.) by extension 'ros'
[0.407s] Level 1:colcon.colcon_core.package_identification:_identify(.) by extensions ['cmake', 'python']
[0.407s] Level 1:colcon.colcon_core.package_identification:_identify(.) by extension 'cmake'
[0.407s] Level 1:colcon.colcon_core.package_identification:_identify(.) by extension 'python'
[0.407s] Level 1:colcon.colcon_core.package_identification:_identify(.) by extensions ['python_setup_py']
[0.407s] Level 1:colcon.colcon_core.package_identification:_identify(.) by extension 'python_setup_py'
[0.407s] Level 1:colcon.colcon_core.package_identification:_identify(build) by extensions ['ignore', 'ignore_ament_install']
[0.408s] Level 1:colcon.colcon_core.package_identification:_identify(build) by extension 'ignore'
[0.408s] Level 1:colcon.colcon_core.package_identification:_identify(build) ignored
[0.408s] Level 1:colcon.colcon_core.package_identification:_identify(install) by extensions ['ignore', 'ignore_ament_install']
[0.408s] Level 1:colcon.colcon_core.package_identification:_identify(install) by extension 'ignore'
[0.408s] Level 1:colcon.colcon_core.package_identification:_identify(install) ignored
[0.408s] Level 1:colcon.colcon_core.package_identification:_identify(log) by extensions ['ignore', 'ignore_ament_install']
[0.408s] Level 1:colcon.colcon_core.package_identification:_identify(log) by extension 'ignore'
[0.408s] Level 1:colcon.colcon_core.package_identification:_identify(log) ignored
[0.408s] Level 1:colcon.colcon_core.package_identification:_identify(src) by extensions ['ignore', 'ignore_ament_install']
[0.408s] Level 1:colcon.colcon_core.package_identification:_identify(src) by extension 'ignore'
[0.408s] Level 1:colcon.colcon_core.package_identification:_identify(src) by extension 'ignore_ament_install'
[0.408s] Level 1:colcon.colcon_core.package_identification:_identify(src) by extensions ['colcon_pkg']
[0.408s] Level 1:colcon.colcon_core.package_identification:_identify(src) by extension 'colcon_pkg'
[0.408s] Level 1:colcon.colcon_core.package_identification:_identify(src) by extensions ['colcon_meta']
[0.408s] Level 1:colcon.colcon_core.package_identification:_identify(src) by extension 'colcon_meta'
[0.408s] Level 1:colcon.colcon_core.package_identification:_identify(src) by extensions ['ros']
[0.409s] Level 1:colcon.colcon_core.package_identification:_identify(src) by extension 'ros'
[0.409s] Level 1:colcon.colcon_core.package_identification:_identify(src) by extensions ['cmake', 'python']
[0.409s] Level 1:colcon.colcon_core.package_identification:_identify(src) by extension 'cmake'
[0.409s] Level 1:colcon.colcon_core.package_identification:_identify(src) by extension 'python'
[0.409s] Level 1:colcon.colcon_core.package_identification:_identify(src) by extensions ['python_setup_py']
[0.409s] Level 1:colcon.colcon_core.package_identification:_identify(src) by extension 'python_setup_py'
[0.409s] Level 1:colcon.colcon_core.package_identification:_identify(src/pylon_ros2_camera) by extensions ['ignore', 'ignore_ament_install']
[0.409s] Level 1:colcon.colcon_core.package_identification:_identify(src/pylon_ros2_camera) by extension 'ignore'
[0.409s] Level 1:colcon.colcon_core.package_identification:_identify(src/pylon_ros2_camera) by extension 'ignore_ament_install'
[0.409s] Level 1:colcon.colcon_core.package_identification:_identify(src/pylon_ros2_camera) by extensions ['colcon_pkg']
[0.409s] Level 1:colcon.colcon_core.package_identification:_identify(src/pylon_ros2_camera) by extension 'colcon_pkg'
[0.409s] Level 1:colcon.colcon_core.package_identification:_identify(src/pylon_ros2_camera) by extensions ['colcon_meta']
[0.409s] Level 1:colcon.colcon_core.package_identification:_identify(src/pylon_ros2_camera) by extension 'colcon_meta'
[0.409s] Level 1:colcon.colcon_core.package_identification:_identify(src/pylon_ros2_camera) by extensions ['ros']
[0.409s] Level 1:colcon.colcon_core.package_identification:_identify(src/pylon_ros2_camera) by extension 'ros'
[0.410s] Level 1:colcon.colcon_core.package_identification:_identify(src/pylon_ros2_camera) by extensions ['cmake', 'python']
[0.410s] Level 1:colcon.colcon_core.package_identification:_identify(src/pylon_ros2_camera) by extension 'cmake'
[0.410s] Level 1:colcon.colcon_core.package_identification:_identify(src/pylon_ros2_camera) by extension 'python'
[0.410s] Level 1:colcon.colcon_core.package_identification:_identify(src/pylon_ros2_camera) by extensions ['python_setup_py']
[0.410s] Level 1:colcon.colcon_core.package_identification:_identify(src/pylon_ros2_camera) by extension 'python_setup_py'
[0.410s] Level 1:colcon.colcon_core.package_identification:_identify(src/pylon_ros2_camera/docker) by extensions ['ignore', 'ignore_ament_install']
[0.410s] Level 1:colcon.colcon_core.package_identification:_identify(src/pylon_ros2_camera/docker) by extension 'ignore'
[0.410s] Level 1:colcon.colcon_core.package_identification:_identify(src/pylon_ros2_camera/docker) by extension 'ignore_ament_install'
[0.410s] Level 1:colcon.colcon_core.package_identification:_identify(src/pylon_ros2_camera/docker) by extensions ['colcon_pkg']
[0.410s] Level 1:colcon.colcon_core.package_identification:_identify(src/pylon_ros2_camera/docker) by extension 'colcon_pkg'
[0.410s] Level 1:colcon.colcon_core.package_identification:_identify(src/pylon_ros2_camera/docker) by extensions ['colcon_meta']
[0.410s] Level 1:colcon.colcon_core.package_identification:_identify(src/pylon_ros2_camera/docker) by extension 'colcon_meta'
[0.410s] Level 1:colcon.colcon_core.package_identification:_identify(src/pylon_ros2_camera/docker) by extensions ['ros']
[0.410s] Level 1:colcon.colcon_core.package_identification:_identify(src/pylon_ros2_camera/docker) by extension 'ros'
[0.411s] Level 1:colcon.colcon_core.package_identification:_identify(src/pylon_ros2_camera/docker) by extensions ['cmake', 'python']
[0.411s] Level 1:colcon.colcon_core.package_identification:_identify(src/pylon_ros2_camera/docker) by extension 'cmake'
[0.411s] Level 1:colcon.colcon_core.package_identification:_identify(src/pylon_ros2_camera/docker) by extension 'python'
[0.411s] Level 1:colcon.colcon_core.package_identification:_identify(src/pylon_ros2_camera/docker) by extensions ['python_setup_py']
[0.411s] Level 1:colcon.colcon_core.package_identification:_identify(src/pylon_ros2_camera/docker) by extension 'python_setup_py'
[0.411s] Level 1:colcon.colcon_core.package_identification:_identify(src/pylon_ros2_camera/pylon_ros2_camera_component) by extensions ['ignore', 'ignore_ament_install']
[0.411s] Level 1:colcon.colcon_core.package_identification:_identify(src/pylon_ros2_camera/pylon_ros2_camera_component) by extension 'ignore'
[0.411s] Level 1:colcon.colcon_core.package_identification:_identify(src/pylon_ros2_camera/pylon_ros2_camera_component) by extension 'ignore_ament_install'
[0.411s] Level 1:colcon.colcon_core.package_identification:_identify(src/pylon_ros2_camera/pylon_ros2_camera_component) by extensions ['colcon_pkg']
[0.411s] Level 1:colcon.colcon_core.package_identification:_identify(src/pylon_ros2_camera/pylon_ros2_camera_component) by extension 'colcon_pkg'
[0.411s] Level 1:colcon.colcon_core.package_identification:_identify(src/pylon_ros2_camera/pylon_ros2_camera_component) by extensions ['colcon_meta']
[0.411s] Level 1:colcon.colcon_core.package_identification:_identify(src/pylon_ros2_camera/pylon_ros2_camera_component) by extension 'colcon_meta'
[0.411s] Level 1:colcon.colcon_core.package_identification:_identify(src/pylon_ros2_camera/pylon_ros2_camera_component) by extensions ['ros']
[0.411s] Level 1:colcon.colcon_core.package_identification:_identify(src/pylon_ros2_camera/pylon_ros2_camera_component) by extension 'ros'
[0.414s] DEBUG:colcon.colcon_core.package_identification:Package 'src/pylon_ros2_camera/pylon_ros2_camera_component' with type 'ros.ament_cmake' and name 'pylon_ros2_camera_component'
[0.414s] Level 1:colcon.colcon_core.package_identification:_identify(src/pylon_ros2_camera/pylon_ros2_camera_interfaces) by extensions ['ignore', 'ignore_ament_install']
[0.415s] Level 1:colcon.colcon_core.package_identification:_identify(src/pylon_ros2_camera/pylon_ros2_camera_interfaces) by extension 'ignore'
[0.415s] Level 1:colcon.colcon_core.package_identification:_identify(src/pylon_ros2_camera/pylon_ros2_camera_interfaces) by extension 'ignore_ament_install'
[0.415s] Level 1:colcon.colcon_core.package_identification:_identify(src/pylon_ros2_camera/pylon_ros2_camera_interfaces) by extensions ['colcon_pkg']
[0.415s] Level 1:colcon.colcon_core.package_identification:_identify(src/pylon_ros2_camera/pylon_ros2_camera_interfaces) by extension 'colcon_pkg'
[0.415s] Level 1:colcon.colcon_core.package_identification:_identify(src/pylon_ros2_camera/pylon_ros2_camera_interfaces) by extensions ['colcon_meta']
[0.415s] Level 1:colcon.colcon_core.package_identification:_identify(src/pylon_ros2_camera/pylon_ros2_camera_interfaces) by extension 'colcon_meta'
[0.415s] Level 1:colcon.colcon_core.package_identification:_identify(src/pylon_ros2_camera/pylon_ros2_camera_interfaces) by extensions ['ros']
[0.415s] Level 1:colcon.colcon_core.package_identification:_identify(src/pylon_ros2_camera/pylon_ros2_camera_interfaces) by extension 'ros'
[0.416s] DEBUG:colcon.colcon_core.package_identification:Package 'src/pylon_ros2_camera/pylon_ros2_camera_interfaces' with type 'ros.ament_cmake' and name 'pylon_ros2_camera_interfaces'
[0.416s] Level 1:colcon.colcon_core.package_identification:_identify(src/pylon_ros2_camera/pylon_ros2_camera_wrapper) by extensions ['ignore', 'ignore_ament_install']
[0.416s] Level 1:colcon.colcon_core.package_identification:_identify(src/pylon_ros2_camera/pylon_ros2_camera_wrapper) by extension 'ignore'
[0.416s] Level 1:colcon.colcon_core.package_identification:_identify(src/pylon_ros2_camera/pylon_ros2_camera_wrapper) by extension 'ignore_ament_install'
[0.416s] Level 1:colcon.colcon_core.package_identification:_identify(src/pylon_ros2_camera/pylon_ros2_camera_wrapper) by extensions ['colcon_pkg']
[0.416s] Level 1:colcon.colcon_core.package_identification:_identify(src/pylon_ros2_camera/pylon_ros2_camera_wrapper) by extension 'colcon_pkg'
[0.416s] Level 1:colcon.colcon_core.package_identification:_identify(src/pylon_ros2_camera/pylon_ros2_camera_wrapper) by extensions ['colcon_meta']
[0.416s] Level 1:colcon.colcon_core.package_identification:_identify(src/pylon_ros2_camera/pylon_ros2_camera_wrapper) by extension 'colcon_meta'
[0.416s] Level 1:colcon.colcon_core.package_identification:_identify(src/pylon_ros2_camera/pylon_ros2_camera_wrapper) by extensions ['ros']
[0.416s] Level 1:colcon.colcon_core.package_identification:_identify(src/pylon_ros2_camera/pylon_ros2_camera_wrapper) by extension 'ros'
[0.417s] DEBUG:colcon.colcon_core.package_identification:Package 'src/pylon_ros2_camera/pylon_ros2_camera_wrapper' with type 'ros.ament_cmake' and name 'pylon_ros2_camera_wrapper'
[0.417s] Level 1:colcon.colcon_core.package_discovery:discover_packages(recursive) using defaults
[0.417s] Level 1:colcon.colcon_core.package_discovery:discover_packages(ignore) discover
[0.417s] Level 1:colcon.colcon_core.package_discovery:discover_packages(ignore) using defaults
[0.417s] Level 1:colcon.colcon_core.package_discovery:discover_packages(path) discover
[0.417s] Level 1:colcon.colcon_core.package_discovery:discover_packages(path) using defaults
[0.440s] Level 1:colcon.colcon_core.package_discovery:discover_packages(prefix_path) check parameters
[0.440s] Level 1:colcon.colcon_core.package_discovery:discover_packages(prefix_path) discover
[0.443s] DEBUG:colcon.colcon_installed_package_information.package_discovery:Found 371 installed packages in /opt/ros/humble
[0.445s] Level 1:colcon.colcon_core.package_discovery:discover_packages(prefix_path) using defaults
[0.498s] Level 5:colcon.colcon_core.verb:set package 'pylon_ros2_camera_interfaces' build argument 'cmake_args' from command line to 'None'
[0.498s] Level 5:colcon.colcon_core.verb:set package 'pylon_ros2_camera_interfaces' build argument 'cmake_target' from command line to 'None'
[0.498s] Level 5:colcon.colcon_core.verb:set package 'pylon_ros2_camera_interfaces' build argument 'cmake_target_skip_unavailable' from command line to 'False'
[0.498s] Level 5:colcon.colcon_core.verb:set package 'pylon_ros2_camera_interfaces' build argument 'cmake_clean_cache' from command line to 'False'
[0.498s] Level 5:colcon.colcon_core.verb:set package 'pylon_ros2_camera_interfaces' build argument 'cmake_clean_first' from command line to 'False'
[0.498s] Level 5:colcon.colcon_core.verb:set package 'pylon_ros2_camera_interfaces' build argument 'cmake_force_configure' from command line to 'False'
[0.498s] Level 5:colcon.colcon_core.verb:set package 'pylon_ros2_camera_interfaces' build argument 'ament_cmake_args' from command line to 'None'
[0.498s] Level 5:colcon.colcon_core.verb:set package 'pylon_ros2_camera_interfaces' build argument 'catkin_cmake_args' from command line to 'None'
[0.498s] Level 5:colcon.colcon_core.verb:set package 'pylon_ros2_camera_interfaces' build argument 'catkin_skip_building_tests' from command line to 'False'
[0.498s] DEBUG:colcon.colcon_core.verb:Building package 'pylon_ros2_camera_interfaces' with the following arguments: {'ament_cmake_args': None, 'build_base': '/home/mcav/cam_dev_ws/build/pylon_ros2_camera_interfaces', 'catkin_cmake_args': None, 'catkin_skip_building_tests': False, 'cmake_args': None, 'cmake_clean_cache': False, 'cmake_clean_first': False, 'cmake_force_configure': False, 'cmake_target': None, 'cmake_target_skip_unavailable': False, 'install_base': '/home/mcav/cam_dev_ws/install/pylon_ros2_camera_interfaces', 'merge_install': False, 'path': '/home/mcav/cam_dev_ws/src/pylon_ros2_camera/pylon_ros2_camera_interfaces', 'symlink_install': False, 'test_result_base': None}
[0.499s] Level 5:colcon.colcon_core.verb:set package 'pylon_ros2_camera_component' build argument 'cmake_args' from command line to 'None'
[0.499s] Level 5:colcon.colcon_core.verb:set package 'pylon_ros2_camera_component' build argument 'cmake_target' from command line to 'None'
[0.499s] Level 5:colcon.colcon_core.verb:set package 'pylon_ros2_camera_component' build argument 'cmake_target_skip_unavailable' from command line to 'False'
[0.499s] Level 5:colcon.colcon_core.verb:set package 'pylon_ros2_camera_component' build argument 'cmake_clean_cache' from command line to 'False'
[0.499s] Level 5:colcon.colcon_core.verb:set package 'pylon_ros2_camera_component' build argument 'cmake_clean_first' from command line to 'False'
[0.499s] Level 5:colcon.colcon_core.verb:set package 'pylon_ros2_camera_component' build argument 'cmake_force_configure' from command line to 'False'
[0.499s] Level 5:colcon.colcon_core.verb:set package 'pylon_ros2_camera_component' build argument 'ament_cmake_args' from command line to 'None'
[0.499s] Level 5:colcon.colcon_core.verb:set package 'pylon_ros2_camera_component' build argument 'catkin_cmake_args' from command line to 'None'
[0.499s] Level 5:colcon.colcon_core.verb:set package 'pylon_ros2_camera_component' build argument 'catkin_skip_building_tests' from command line to 'False'
[0.499s] DEBUG:colcon.colcon_core.verb:Building package 'pylon_ros2_camera_component' with the following arguments: {'ament_cmake_args': None, 'build_base': '/home/mcav/cam_dev_ws/build/pylon_ros2_camera_component', 'catkin_cmake_args': None, 'catkin_skip_building_tests': False, 'cmake_args': None, 'cmake_clean_cache': False, 'cmake_clean_first': False, 'cmake_force_configure': False, 'cmake_target': None, 'cmake_target_skip_unavailable': False, 'install_base': '/home/mcav/cam_dev_ws/install/pylon_ros2_camera_component', 'merge_install': False, 'path': '/home/mcav/cam_dev_ws/src/pylon_ros2_camera/pylon_ros2_camera_component', 'symlink_install': False, 'test_result_base': None}
[0.499s] Level 5:colcon.colcon_core.verb:set package 'pylon_ros2_camera_wrapper' build argument 'cmake_args' from command line to 'None'
[0.499s] Level 5:colcon.colcon_core.verb:set package 'pylon_ros2_camera_wrapper' build argument 'cmake_target' from command line to 'None'
[0.499s] Level 5:colcon.colcon_core.verb:set package 'pylon_ros2_camera_wrapper' build argument 'cmake_target_skip_unavailable' from command line to 'False'
[0.499s] Level 5:colcon.colcon_core.verb:set package 'pylon_ros2_camera_wrapper' build argument 'cmake_clean_cache' from command line to 'False'
[0.499s] Level 5:colcon.colcon_core.verb:set package 'pylon_ros2_camera_wrapper' build argument 'cmake_clean_first' from command line to 'False'
[0.499s] Level 5:colcon.colcon_core.verb:set package 'pylon_ros2_camera_wrapper' build argument 'cmake_force_configure' from command line to 'False'
[0.499s] Level 5:colcon.colcon_core.verb:set package 'pylon_ros2_camera_wrapper' build argument 'ament_cmake_args' from command line to 'None'
[0.499s] Level 5:colcon.colcon_core.verb:set package 'pylon_ros2_camera_wrapper' build argument 'catkin_cmake_args' from command line to 'None'
[0.500s] Level 5:colcon.colcon_core.verb:set package 'pylon_ros2_camera_wrapper' build argument 'catkin_skip_building_tests' from command line to 'False'
[0.500s] DEBUG:colcon.colcon_core.verb:Building package 'pylon_ros2_camera_wrapper' with the following arguments: {'ament_cmake_args': None, 'build_base': '/home/mcav/cam_dev_ws/build/pylon_ros2_camera_wrapper', 'catkin_cmake_args': None, 'catkin_skip_building_tests': False, 'cmake_args': None, 'cmake_clean_cache': False, 'cmake_clean_first': False, 'cmake_force_configure': False, 'cmake_target': None, 'cmake_target_skip_unavailable': False, 'install_base': '/home/mcav/cam_dev_ws/install/pylon_ros2_camera_wrapper', 'merge_install': False, 'path': '/home/mcav/cam_dev_ws/src/pylon_ros2_camera/pylon_ros2_camera_wrapper', 'symlink_install': False, 'test_result_base': None}
[0.500s] INFO:colcon.colcon_core.executor:Executing jobs using 'parallel' executor
[0.501s] DEBUG:colcon.colcon_parallel_executor.executor.parallel:run_until_complete
[0.501s] INFO:colcon.colcon_ros.task.ament_cmake.build:Building ROS package in '/home/mcav/cam_dev_ws/src/pylon_ros2_camera/pylon_ros2_camera_interfaces' with build type 'ament_cmake'
[0.501s] INFO:colcon.colcon_cmake.task.cmake.build:Building CMake package in '/home/mcav/cam_dev_ws/src/pylon_ros2_camera/pylon_ros2_camera_interfaces'
[0.504s] INFO:colcon.colcon_core.plugin_system:Skipping extension 'colcon_core.shell.bat': Not used on non-Windows systems
[0.504s] INFO:colcon.colcon_core.shell:Skip shell extension 'powershell' for command environment: Not usable outside of PowerShell
[0.504s] DEBUG:colcon.colcon_core.shell:Skip shell extension 'dsv' for command environment
[0.515s] DEBUG:colcon.colcon_core.event_handler.log_command:Invoking command in '/home/mcav/cam_dev_ws/build/pylon_ros2_camera_interfaces': CMAKE_PREFIX_PATH=/opt/ros/humble /usr/local/bin/cmake --build /home/mcav/cam_dev_ws/build/pylon_ros2_camera_interfaces -- -j8 -l8
[0.957s] DEBUG:colcon.colcon_core.event_handler.log_command:Invoked command in '/home/mcav/cam_dev_ws/build/pylon_ros2_camera_interfaces' returned '0': CMAKE_PREFIX_PATH=/opt/ros/humble /usr/local/bin/cmake --build /home/mcav/cam_dev_ws/build/pylon_ros2_camera_interfaces -- -j8 -l8
[0.963s] DEBUG:colcon.colcon_core.event_handler.log_command:Invoking command in '/home/mcav/cam_dev_ws/build/pylon_ros2_camera_interfaces': CMAKE_PREFIX_PATH=/opt/ros/humble /usr/local/bin/cmake --install /home/mcav/cam_dev_ws/build/pylon_ros2_camera_interfaces
[1.066s] Level 1:colcon.colcon_core.environment:create_environment_scripts_only(pylon_ros2_camera_interfaces)
[1.066s] DEBUG:colcon.colcon_core.event_handler.log_command:Invoked command in '/home/mcav/cam_dev_ws/build/pylon_ros2_camera_interfaces' returned '0': CMAKE_PREFIX_PATH=/opt/ros/humble /usr/local/bin/cmake --install /home/mcav/cam_dev_ws/build/pylon_ros2_camera_interfaces
[1.068s] Level 1:colcon.colcon_core.environment:checking '/home/mcav/cam_dev_ws/install/pylon_ros2_camera_interfaces' for CMake module files
[1.069s] Level 1:colcon.colcon_core.environment:checking '/home/mcav/cam_dev_ws/install/pylon_ros2_camera_interfaces' for CMake config files
[1.071s] Level 1:colcon.colcon_core.shell:create_environment_hook('pylon_ros2_camera_interfaces', 'cmake_prefix_path')
[1.071s] INFO:colcon.colcon_core.shell:Creating environment hook '/home/mcav/cam_dev_ws/install/pylon_ros2_camera_interfaces/share/pylon_ros2_camera_interfaces/hook/cmake_prefix_path.ps1'
[1.071s] INFO:colcon.colcon_core.shell:Creating environment descriptor '/home/mcav/cam_dev_ws/install/pylon_ros2_camera_interfaces/share/pylon_ros2_camera_interfaces/hook/cmake_prefix_path.dsv'
[1.072s] INFO:colcon.colcon_core.shell:Creating environment hook '/home/mcav/cam_dev_ws/install/pylon_ros2_camera_interfaces/share/pylon_ros2_camera_interfaces/hook/cmake_prefix_path.sh'
[1.073s] Level 1:colcon.colcon_core.environment:checking '/home/mcav/cam_dev_ws/install/pylon_ros2_camera_interfaces/lib'
[1.073s] Level 1:colcon.colcon_core.shell:create_environment_hook('pylon_ros2_camera_interfaces', 'ld_library_path_lib')
[1.073s] INFO:colcon.colcon_core.shell:Creating environment hook '/home/mcav/cam_dev_ws/install/pylon_ros2_camera_interfaces/share/pylon_ros2_camera_interfaces/hook/ld_library_path_lib.ps1'
[1.074s] INFO:colcon.colcon_core.shell:Creating environment descriptor '/home/mcav/cam_dev_ws/install/pylon_ros2_camera_interfaces/share/pylon_ros2_camera_interfaces/hook/ld_library_path_lib.dsv'
[1.074s] INFO:colcon.colcon_core.shell:Creating environment hook '/home/mcav/cam_dev_ws/install/pylon_ros2_camera_interfaces/share/pylon_ros2_camera_interfaces/hook/ld_library_path_lib.sh'
[1.074s] Level 1:colcon.colcon_core.environment:checking '/home/mcav/cam_dev_ws/install/pylon_ros2_camera_interfaces/bin'
[1.075s] Level 1:colcon.colcon_core.environment:checking '/home/mcav/cam_dev_ws/install/pylon_ros2_camera_interfaces/lib/pkgconfig/pylon_ros2_camera_interfaces.pc'
[1.075s] Level 1:colcon.colcon_core.environment:checking '/home/mcav/cam_dev_ws/install/pylon_ros2_camera_interfaces/lib/python3.10/site-packages'
[1.075s] Level 1:colcon.colcon_core.environment:checking '/home/mcav/cam_dev_ws/install/pylon_ros2_camera_interfaces/bin'
[1.075s] INFO:colcon.colcon_core.shell:Creating package script '/home/mcav/cam_dev_ws/install/pylon_ros2_camera_interfaces/share/pylon_ros2_camera_interfaces/package.ps1'
[1.077s] INFO:colcon.colcon_core.shell:Creating package descriptor '/home/mcav/cam_dev_ws/install/pylon_ros2_camera_interfaces/share/pylon_ros2_camera_interfaces/package.dsv'
[1.077s] INFO:colcon.colcon_core.shell:Creating package script '/home/mcav/cam_dev_ws/install/pylon_ros2_camera_interfaces/share/pylon_ros2_camera_interfaces/package.sh'
[1.078s] INFO:colcon.colcon_core.shell:Creating package script '/home/mcav/cam_dev_ws/install/pylon_ros2_camera_interfaces/share/pylon_ros2_camera_interfaces/package.bash'
[1.079s] INFO:colcon.colcon_core.shell:Creating package script '/home/mcav/cam_dev_ws/install/pylon_ros2_camera_interfaces/share/pylon_ros2_camera_interfaces/package.zsh'
[1.079s] Level 1:colcon.colcon_core.environment:create_file_with_runtime_dependencies(/home/mcav/cam_dev_ws/install/pylon_ros2_camera_interfaces/share/colcon-core/packages/pylon_ros2_camera_interfaces)
[1.080s] Level 1:colcon.colcon_core.environment:create_environment_scripts_only(pylon_ros2_camera_interfaces)
[1.080s] Level 1:colcon.colcon_core.environment:checking '/home/mcav/cam_dev_ws/install/pylon_ros2_camera_interfaces' for CMake module files
[1.081s] Level 1:colcon.colcon_core.environment:checking '/home/mcav/cam_dev_ws/install/pylon_ros2_camera_interfaces' for CMake config files
[1.082s] Level 1:colcon.colcon_core.shell:create_environment_hook('pylon_ros2_camera_interfaces', 'cmake_prefix_path')
[1.083s] INFO:colcon.colcon_core.shell:Creating environment hook '/home/mcav/cam_dev_ws/install/pylon_ros2_camera_interfaces/share/pylon_ros2_camera_interfaces/hook/cmake_prefix_path.ps1'
[1.083s] INFO:colcon.colcon_core.shell:Creating environment descriptor '/home/mcav/cam_dev_ws/install/pylon_ros2_camera_interfaces/share/pylon_ros2_camera_interfaces/hook/cmake_prefix_path.dsv'
[1.083s] INFO:colcon.colcon_core.shell:Creating environment hook '/home/mcav/cam_dev_ws/install/pylon_ros2_camera_interfaces/share/pylon_ros2_camera_interfaces/hook/cmake_prefix_path.sh'
[1.084s] Level 1:colcon.colcon_core.environment:checking '/home/mcav/cam_dev_ws/install/pylon_ros2_camera_interfaces/lib'
[1.084s] Level 1:colcon.colcon_core.shell:create_environment_hook('pylon_ros2_camera_interfaces', 'ld_library_path_lib')
[1.084s] INFO:colcon.colcon_core.shell:Creating environment hook '/home/mcav/cam_dev_ws/install/pylon_ros2_camera_interfaces/share/pylon_ros2_camera_interfaces/hook/ld_library_path_lib.ps1'
[1.085s] INFO:colcon.colcon_core.shell:Creating environment descriptor '/home/mcav/cam_dev_ws/install/pylon_ros2_camera_interfaces/share/pylon_ros2_camera_interfaces/hook/ld_library_path_lib.dsv'
[1.085s] INFO:colcon.colcon_core.shell:Creating environment hook '/home/mcav/cam_dev_ws/install/pylon_ros2_camera_interfaces/share/pylon_ros2_camera_interfaces/hook/ld_library_path_lib.sh'
[1.085s] Level 1:colcon.colcon_core.environment:checking '/home/mcav/cam_dev_ws/install/pylon_ros2_camera_interfaces/bin'
[1.086s] Level 1:colcon.colcon_core.environment:checking '/home/mcav/cam_dev_ws/install/pylon_ros2_camera_interfaces/lib/pkgconfig/pylon_ros2_camera_interfaces.pc'
[1.086s] Level 1:colcon.colcon_core.environment:checking '/home/mcav/cam_dev_ws/install/pylon_ros2_camera_interfaces/lib/python3.10/site-packages'
[1.086s] Level 1:colcon.colcon_core.environment:checking '/home/mcav/cam_dev_ws/install/pylon_ros2_camera_interfaces/bin'
[1.087s] INFO:colcon.colcon_core.shell:Creating package script '/home/mcav/cam_dev_ws/install/pylon_ros2_camera_interfaces/share/pylon_ros2_camera_interfaces/package.ps1'
[1.088s] INFO:colcon.colcon_core.shell:Creating package descriptor '/home/mcav/cam_dev_ws/install/pylon_ros2_camera_interfaces/share/pylon_ros2_camera_interfaces/package.dsv'
[1.089s] INFO:colcon.colcon_core.shell:Creating package script '/home/mcav/cam_dev_ws/install/pylon_ros2_camera_interfaces/share/pylon_ros2_camera_interfaces/package.sh'
[1.089s] INFO:colcon.colcon_core.shell:Creating package script '/home/mcav/cam_dev_ws/install/pylon_ros2_camera_interfaces/share/pylon_ros2_camera_interfaces/package.bash'
[1.090s] INFO:colcon.colcon_core.shell:Creating package script '/home/mcav/cam_dev_ws/install/pylon_ros2_camera_interfaces/share/pylon_ros2_camera_interfaces/package.zsh'
[1.090s] Level 1:colcon.colcon_core.environment:create_file_with_runtime_dependencies(/home/mcav/cam_dev_ws/install/pylon_ros2_camera_interfaces/share/colcon-core/packages/pylon_ros2_camera_interfaces)
[1.091s] INFO:colcon.colcon_ros.task.ament_cmake.build:Building ROS package in '/home/mcav/cam_dev_ws/src/pylon_ros2_camera/pylon_ros2_camera_component' with build type 'ament_cmake'
[1.091s] INFO:colcon.colcon_cmake.task.cmake.build:Building CMake package in '/home/mcav/cam_dev_ws/src/pylon_ros2_camera/pylon_ros2_camera_component'
[1.091s] INFO:colcon.colcon_core.shell:Skip shell extension 'powershell' for command environment: Not usable outside of PowerShell
[1.091s] DEBUG:colcon.colcon_core.shell:Skip shell extension 'dsv' for command environment
[1.103s] DEBUG:colcon.colcon_core.event_handler.log_command:Invoking command in '/home/mcav/cam_dev_ws/build/pylon_ros2_camera_component': AMENT_PREFIX_PATH=/home/mcav/cam_dev_ws/install/pylon_ros2_camera_interfaces:${AMENT_PREFIX_PATH} CMAKE_PREFIX_PATH=/home/mcav/cam_dev_ws/install/pylon_ros2_camera_interfaces:/opt/ros/humble LD_LIBRARY_PATH=/home/mcav/cam_dev_ws/install/pylon_ros2_camera_interfaces/lib:${LD_LIBRARY_PATH} PYTHONPATH=/home/mcav/cam_dev_ws/install/pylon_ros2_camera_interfaces/local/lib/python3.10/dist-packages:${PYTHONPATH} /usr/local/bin/cmake --build /home/mcav/cam_dev_ws/build/pylon_ros2_camera_component -- -j8 -l8
[40.335s] DEBUG:colcon.colcon_core.event_handler.log_command:Invoked command in '/home/mcav/cam_dev_ws/build/pylon_ros2_camera_component' returned '0': AMENT_PREFIX_PATH=/home/mcav/cam_dev_ws/install/pylon_ros2_camera_interfaces:${AMENT_PREFIX_PATH} CMAKE_PREFIX_PATH=/home/mcav/cam_dev_ws/install/pylon_ros2_camera_interfaces:/opt/ros/humble LD_LIBRARY_PATH=/home/mcav/cam_dev_ws/install/pylon_ros2_camera_interfaces/lib:${LD_LIBRARY_PATH} PYTHONPATH=/home/mcav/cam_dev_ws/install/pylon_ros2_camera_interfaces/local/lib/python3.10/dist-packages:${PYTHONPATH} /usr/local/bin/cmake --build /home/mcav/cam_dev_ws/build/pylon_ros2_camera_component -- -j8 -l8
[40.338s] DEBUG:colcon.colcon_core.event_handler.log_command:Invoking command in '/home/mcav/cam_dev_ws/build/pylon_ros2_camera_component': AMENT_PREFIX_PATH=/home/mcav/cam_dev_ws/install/pylon_ros2_camera_interfaces:${AMENT_PREFIX_PATH} CMAKE_PREFIX_PATH=/home/mcav/cam_dev_ws/install/pylon_ros2_camera_interfaces:/opt/ros/humble LD_LIBRARY_PATH=/home/mcav/cam_dev_ws/install/pylon_ros2_camera_interfaces/lib:${LD_LIBRARY_PATH} PYTHONPATH=/home/mcav/cam_dev_ws/install/pylon_ros2_camera_interfaces/local/lib/python3.10/dist-packages:${PYTHONPATH} /usr/local/bin/cmake --install /home/mcav/cam_dev_ws/build/pylon_ros2_camera_component
[40.354s] Level 1:colcon.colcon_core.environment:create_environment_scripts_only(pylon_ros2_camera_component)
[40.355s] Level 1:colcon.colcon_core.environment:checking '/home/mcav/cam_dev_ws/install/pylon_ros2_camera_component' for CMake module files
[40.355s] DEBUG:colcon.colcon_core.event_handler.log_command:Invoked command in '/home/mcav/cam_dev_ws/build/pylon_ros2_camera_component' returned '0': AMENT_PREFIX_PATH=/home/mcav/cam_dev_ws/install/pylon_ros2_camera_interfaces:${AMENT_PREFIX_PATH} CMAKE_PREFIX_PATH=/home/mcav/cam_dev_ws/install/pylon_ros2_camera_interfaces:/opt/ros/humble LD_LIBRARY_PATH=/home/mcav/cam_dev_ws/install/pylon_ros2_camera_interfaces/lib:${LD_LIBRARY_PATH} PYTHONPATH=/home/mcav/cam_dev_ws/install/pylon_ros2_camera_interfaces/local/lib/python3.10/dist-packages:${PYTHONPATH} /usr/local/bin/cmake --install /home/mcav/cam_dev_ws/build/pylon_ros2_camera_component
[40.356s] Level 1:colcon.colcon_core.environment:checking '/home/mcav/cam_dev_ws/install/pylon_ros2_camera_component' for CMake config files
[40.356s] Level 1:colcon.colcon_core.shell:create_environment_hook('pylon_ros2_camera_component', 'cmake_prefix_path')
[40.357s] INFO:colcon.colcon_core.shell:Creating environment hook '/home/mcav/cam_dev_ws/install/pylon_ros2_camera_component/share/pylon_ros2_camera_component/hook/cmake_prefix_path.ps1'
[40.357s] INFO:colcon.colcon_core.shell:Creating environment descriptor '/home/mcav/cam_dev_ws/install/pylon_ros2_camera_component/share/pylon_ros2_camera_component/hook/cmake_prefix_path.dsv'
[40.358s] INFO:colcon.colcon_core.shell:Creating environment hook '/home/mcav/cam_dev_ws/install/pylon_ros2_camera_component/share/pylon_ros2_camera_component/hook/cmake_prefix_path.sh'
[40.359s] Level 1:colcon.colcon_core.environment:checking '/home/mcav/cam_dev_ws/install/pylon_ros2_camera_component/lib'
[40.359s] Level 1:colcon.colcon_core.shell:create_environment_hook('pylon_ros2_camera_component', 'ld_library_path_lib')
[40.359s] INFO:colcon.colcon_core.shell:Creating environment hook '/home/mcav/cam_dev_ws/install/pylon_ros2_camera_component/share/pylon_ros2_camera_component/hook/ld_library_path_lib.ps1'
[40.359s] INFO:colcon.colcon_core.shell:Creating environment descriptor '/home/mcav/cam_dev_ws/install/pylon_ros2_camera_component/share/pylon_ros2_camera_component/hook/ld_library_path_lib.dsv'
[40.360s] INFO:colcon.colcon_core.shell:Creating environment hook '/home/mcav/cam_dev_ws/install/pylon_ros2_camera_component/share/pylon_ros2_camera_component/hook/ld_library_path_lib.sh'
[40.360s] Level 1:colcon.colcon_core.environment:checking '/home/mcav/cam_dev_ws/install/pylon_ros2_camera_component/bin'
[40.361s] Level 1:colcon.colcon_core.environment:checking '/home/mcav/cam_dev_ws/install/pylon_ros2_camera_component/lib/pkgconfig/pylon_ros2_camera_component.pc'
[40.361s] Level 1:colcon.colcon_core.environment:checking '/home/mcav/cam_dev_ws/install/pylon_ros2_camera_component/lib/python3.10/site-packages'
[40.362s] Level 1:colcon.colcon_core.environment:checking '/home/mcav/cam_dev_ws/install/pylon_ros2_camera_component/bin'
[40.362s] INFO:colcon.colcon_core.shell:Creating package script '/home/mcav/cam_dev_ws/install/pylon_ros2_camera_component/share/pylon_ros2_camera_component/package.ps1'
[40.363s] INFO:colcon.colcon_core.shell:Creating package descriptor '/home/mcav/cam_dev_ws/install/pylon_ros2_camera_component/share/pylon_ros2_camera_component/package.dsv'
[40.364s] INFO:colcon.colcon_core.shell:Creating package script '/home/mcav/cam_dev_ws/install/pylon_ros2_camera_component/share/pylon_ros2_camera_component/package.sh'
[40.364s] INFO:colcon.colcon_core.shell:Creating package script '/home/mcav/cam_dev_ws/install/pylon_ros2_camera_component/share/pylon_ros2_camera_component/package.bash'
[40.364s] INFO:colcon.colcon_core.shell:Creating package script '/home/mcav/cam_dev_ws/install/pylon_ros2_camera_component/share/pylon_ros2_camera_component/package.zsh'
[40.365s] Level 1:colcon.colcon_core.environment:create_file_with_runtime_dependencies(/home/mcav/cam_dev_ws/install/pylon_ros2_camera_component/share/colcon-core/packages/pylon_ros2_camera_component)
[40.366s] Level 1:colcon.colcon_core.environment:create_environment_scripts_only(pylon_ros2_camera_component)
[40.366s] Level 1:colcon.colcon_core.environment:checking '/home/mcav/cam_dev_ws/install/pylon_ros2_camera_component' for CMake module files
[40.366s] Level 1:colcon.colcon_core.environment:checking '/home/mcav/cam_dev_ws/install/pylon_ros2_camera_component' for CMake config files
[40.366s] Level 1:colcon.colcon_core.shell:create_environment_hook('pylon_ros2_camera_component', 'cmake_prefix_path')
[40.367s] INFO:colcon.colcon_core.shell:Creating environment hook '/home/mcav/cam_dev_ws/install/pylon_ros2_camera_component/share/pylon_ros2_camera_component/hook/cmake_prefix_path.ps1'
[40.367s] INFO:colcon.colcon_core.shell:Creating environment descriptor '/home/mcav/cam_dev_ws/install/pylon_ros2_camera_component/share/pylon_ros2_camera_component/hook/cmake_prefix_path.dsv'
[40.368s] INFO:colcon.colcon_core.shell:Creating environment hook '/home/mcav/cam_dev_ws/install/pylon_ros2_camera_component/share/pylon_ros2_camera_component/hook/cmake_prefix_path.sh'
[40.368s] Level 1:colcon.colcon_core.environment:checking '/home/mcav/cam_dev_ws/install/pylon_ros2_camera_component/lib'
[40.368s] Level 1:colcon.colcon_core.shell:create_environment_hook('pylon_ros2_camera_component', 'ld_library_path_lib')
[40.369s] INFO:colcon.colcon_core.shell:Creating environment hook '/home/mcav/cam_dev_ws/install/pylon_ros2_camera_component/share/pylon_ros2_camera_component/hook/ld_library_path_lib.ps1'
[40.369s] INFO:colcon.colcon_core.shell:Creating environment descriptor '/home/mcav/cam_dev_ws/install/pylon_ros2_camera_component/share/pylon_ros2_camera_component/hook/ld_library_path_lib.dsv'
[40.370s] INFO:colcon.colcon_core.shell:Creating environment hook '/home/mcav/cam_dev_ws/install/pylon_ros2_camera_component/share/pylon_ros2_camera_component/hook/ld_library_path_lib.sh'
[40.370s] Level 1:colcon.colcon_core.environment:checking '/home/mcav/cam_dev_ws/install/pylon_ros2_camera_component/bin'
[40.370s] Level 1:colcon.colcon_core.environment:checking '/home/mcav/cam_dev_ws/install/pylon_ros2_camera_component/lib/pkgconfig/pylon_ros2_camera_component.pc'
[40.371s] Level 1:colcon.colcon_core.environment:checking '/home/mcav/cam_dev_ws/install/pylon_ros2_camera_component/lib/python3.10/site-packages'
[40.371s] Level 1:colcon.colcon_core.environment:checking '/home/mcav/cam_dev_ws/install/pylon_ros2_camera_component/bin'
[40.371s] INFO:colcon.colcon_core.shell:Creating package script '/home/mcav/cam_dev_ws/install/pylon_ros2_camera_component/share/pylon_ros2_camera_component/package.ps1'
[40.372s] INFO:colcon.colcon_core.shell:Creating package descriptor '/home/mcav/cam_dev_ws/install/pylon_ros2_camera_component/share/pylon_ros2_camera_component/package.dsv'
[40.372s] INFO:colcon.colcon_core.shell:Creating package script '/home/mcav/cam_dev_ws/install/pylon_ros2_camera_component/share/pylon_ros2_camera_component/package.sh'
[40.373s] INFO:colcon.colcon_core.shell:Creating package script '/home/mcav/cam_dev_ws/install/pylon_ros2_camera_component/share/pylon_ros2_camera_component/package.bash'
[40.373s] INFO:colcon.colcon_core.shell:Creating package script '/home/mcav/cam_dev_ws/install/pylon_ros2_camera_component/share/pylon_ros2_camera_component/package.zsh'
[40.374s] Level 1:colcon.colcon_core.environment:create_file_with_runtime_dependencies(/home/mcav/cam_dev_ws/install/pylon_ros2_camera_component/share/colcon-core/packages/pylon_ros2_camera_component)
[40.374s] INFO:colcon.colcon_ros.task.ament_cmake.build:Building ROS package in '/home/mcav/cam_dev_ws/src/pylon_ros2_camera/pylon_ros2_camera_wrapper' with build type 'ament_cmake'
[40.374s] INFO:colcon.colcon_cmake.task.cmake.build:Building CMake package in '/home/mcav/cam_dev_ws/src/pylon_ros2_camera/pylon_ros2_camera_wrapper'
[40.375s] INFO:colcon.colcon_core.shell:Skip shell extension 'powershell' for command environment: Not usable outside of PowerShell
[40.375s] DEBUG:colcon.colcon_core.shell:Skip shell extension 'dsv' for command environment
[40.391s] DEBUG:colcon.colcon_core.event_handler.log_command:Invoking command in '/home/mcav/cam_dev_ws/build/pylon_ros2_camera_wrapper': AMENT_PREFIX_PATH=/home/mcav/cam_dev_ws/install/pylon_ros2_camera_component:/home/mcav/cam_dev_ws/install/pylon_ros2_camera_interfaces:${AMENT_PREFIX_PATH} CMAKE_PREFIX_PATH=/home/mcav/cam_dev_ws/install/pylon_ros2_camera_component:/home/mcav/cam_dev_ws/install/pylon_ros2_camera_interfaces:/opt/ros/humble LD_LIBRARY_PATH=/home/mcav/cam_dev_ws/install/pylon_ros2_camera_component/lib:/home/mcav/cam_dev_ws/install/pylon_ros2_camera_interfaces/lib:${LD_LIBRARY_PATH} PYTHONPATH=/home/mcav/cam_dev_ws/install/pylon_ros2_camera_interfaces/local/lib/python3.10/dist-packages:${PYTHONPATH} /usr/local/bin/cmake --build /home/mcav/cam_dev_ws/build/pylon_ros2_camera_wrapper -- -j8 -l8
[41.584s] DEBUG:colcon.colcon_core.event_handler.log_command:Invoked command in '/home/mcav/cam_dev_ws/build/pylon_ros2_camera_wrapper' returned '0': AMENT_PREFIX_PATH=/home/mcav/cam_dev_ws/install/pylon_ros2_camera_component:/home/mcav/cam_dev_ws/install/pylon_ros2_camera_interfaces:${AMENT_PREFIX_PATH} CMAKE_PREFIX_PATH=/home/mcav/cam_dev_ws/install/pylon_ros2_camera_component:/home/mcav/cam_dev_ws/install/pylon_ros2_camera_interfaces:/opt/ros/humble LD_LIBRARY_PATH=/home/mcav/cam_dev_ws/install/pylon_ros2_camera_component/lib:/home/mcav/cam_dev_ws/install/pylon_ros2_camera_interfaces/lib:${LD_LIBRARY_PATH} PYTHONPATH=/home/mcav/cam_dev_ws/install/pylon_ros2_camera_interfaces/local/lib/python3.10/dist-packages:${PYTHONPATH} /usr/local/bin/cmake --build /home/mcav/cam_dev_ws/build/pylon_ros2_camera_wrapper -- -j8 -l8
[41.587s] DEBUG:colcon.colcon_core.event_handler.log_command:Invoking command in '/home/mcav/cam_dev_ws/build/pylon_ros2_camera_wrapper': AMENT_PREFIX_PATH=/home/mcav/cam_dev_ws/install/pylon_ros2_camera_component:/home/mcav/cam_dev_ws/install/pylon_ros2_camera_interfaces:${AMENT_PREFIX_PATH} CMAKE_PREFIX_PATH=/home/mcav/cam_dev_ws/install/pylon_ros2_camera_component:/home/mcav/cam_dev_ws/install/pylon_ros2_camera_interfaces:/opt/ros/humble LD_LIBRARY_PATH=/home/mcav/cam_dev_ws/install/pylon_ros2_camera_component/lib:/home/mcav/cam_dev_ws/install/pylon_ros2_camera_interfaces/lib:${LD_LIBRARY_PATH} PYTHONPATH=/home/mcav/cam_dev_ws/install/pylon_ros2_camera_interfaces/local/lib/python3.10/dist-packages:${PYTHONPATH} /usr/local/bin/cmake --install /home/mcav/cam_dev_ws/build/pylon_ros2_camera_wrapper
[41.602s] Level 1:colcon.colcon_core.environment:create_environment_scripts_only(pylon_ros2_camera_wrapper)
[41.602s] Level 1:colcon.colcon_core.environment:checking '/home/mcav/cam_dev_ws/install/pylon_ros2_camera_wrapper' for CMake module files
[41.603s] Level 1:colcon.colcon_core.environment:checking '/home/mcav/cam_dev_ws/install/pylon_ros2_camera_wrapper' for CMake config files
[41.604s] Level 1:colcon.colcon_core.shell:create_environment_hook('pylon_ros2_camera_wrapper', 'cmake_prefix_path')
[41.605s] INFO:colcon.colcon_core.shell:Creating environment hook '/home/mcav/cam_dev_ws/install/pylon_ros2_camera_wrapper/share/pylon_ros2_camera_wrapper/hook/cmake_prefix_path.ps1'
[41.606s] INFO:colcon.colcon_core.shell:Creating environment descriptor '/home/mcav/cam_dev_ws/install/pylon_ros2_camera_wrapper/share/pylon_ros2_camera_wrapper/hook/cmake_prefix_path.dsv'
[41.607s] DEBUG:colcon.colcon_core.event_handler.log_command:Invoked command in '/home/mcav/cam_dev_ws/build/pylon_ros2_camera_wrapper' returned '0': AMENT_PREFIX_PATH=/home/mcav/cam_dev_ws/install/pylon_ros2_camera_component:/home/mcav/cam_dev_ws/install/pylon_ros2_camera_interfaces:${AMENT_PREFIX_PATH} CMAKE_PREFIX_PATH=/home/mcav/cam_dev_ws/install/pylon_ros2_camera_component:/home/mcav/cam_dev_ws/install/pylon_ros2_camera_interfaces:/opt/ros/humble LD_LIBRARY_PATH=/home/mcav/cam_dev_ws/install/pylon_ros2_camera_component/lib:/home/mcav/cam_dev_ws/install/pylon_ros2_camera_interfaces/lib:${LD_LIBRARY_PATH} PYTHONPATH=/home/mcav/cam_dev_ws/install/pylon_ros2_camera_interfaces/local/lib/python3.10/dist-packages:${PYTHONPATH} /usr/local/bin/cmake --install /home/mcav/cam_dev_ws/build/pylon_ros2_camera_wrapper
[41.607s] INFO:colcon.colcon_core.shell:Creating environment hook '/home/mcav/cam_dev_ws/install/pylon_ros2_camera_wrapper/share/pylon_ros2_camera_wrapper/hook/cmake_prefix_path.sh'
[41.608s] Level 1:colcon.colcon_core.environment:checking '/home/mcav/cam_dev_ws/install/pylon_ros2_camera_wrapper/lib'
[41.608s] Level 1:colcon.colcon_core.shell:create_environment_hook('pylon_ros2_camera_wrapper', 'ld_library_path_lib')
[41.609s] INFO:colcon.colcon_core.shell:Creating environment hook '/home/mcav/cam_dev_ws/install/pylon_ros2_camera_wrapper/share/pylon_ros2_camera_wrapper/hook/ld_library_path_lib.ps1'
[41.609s] INFO:colcon.colcon_core.shell:Creating environment descriptor '/home/mcav/cam_dev_ws/install/pylon_ros2_camera_wrapper/share/pylon_ros2_camera_wrapper/hook/ld_library_path_lib.dsv'
[41.610s] INFO:colcon.colcon_core.shell:Creating environment hook '/home/mcav/cam_dev_ws/install/pylon_ros2_camera_wrapper/share/pylon_ros2_camera_wrapper/hook/ld_library_path_lib.sh'
[41.611s] Level 1:colcon.colcon_core.environment:checking '/home/mcav/cam_dev_ws/install/pylon_ros2_camera_wrapper/bin'
[41.611s] Level 1:colcon.colcon_core.environment:checking '/home/mcav/cam_dev_ws/install/pylon_ros2_camera_wrapper/lib/pkgconfig/pylon_ros2_camera_wrapper.pc'
[41.611s] Level 1:colcon.colcon_core.environment:checking '/home/mcav/cam_dev_ws/install/pylon_ros2_camera_wrapper/lib/python3.10/site-packages'
[41.612s] Level 1:colcon.colcon_core.environment:checking '/home/mcav/cam_dev_ws/install/pylon_ros2_camera_wrapper/bin'
[41.612s] INFO:colcon.colcon_core.shell:Creating package script '/home/mcav/cam_dev_ws/install/pylon_ros2_camera_wrapper/share/pylon_ros2_camera_wrapper/package.ps1'
[41.613s] INFO:colcon.colcon_core.shell:Creating package descriptor '/home/mcav/cam_dev_ws/install/pylon_ros2_camera_wrapper/share/pylon_ros2_camera_wrapper/package.dsv'
[41.614s] INFO:colcon.colcon_core.shell:Creating package script '/home/mcav/cam_dev_ws/install/pylon_ros2_camera_wrapper/share/pylon_ros2_camera_wrapper/package.sh'
[41.615s] INFO:colcon.colcon_core.shell:Creating package script '/home/mcav/cam_dev_ws/install/pylon_ros2_camera_wrapper/share/pylon_ros2_camera_wrapper/package.bash'
[41.616s] INFO:colcon.colcon_core.shell:Creating package script '/home/mcav/cam_dev_ws/install/pylon_ros2_camera_wrapper/share/pylon_ros2_camera_wrapper/package.zsh'
[41.616s] Level 1:colcon.colcon_core.environment:create_file_with_runtime_dependencies(/home/mcav/cam_dev_ws/install/pylon_ros2_camera_wrapper/share/colcon-core/packages/pylon_ros2_camera_wrapper)
[41.617s] Level 1:colcon.colcon_core.environment:create_environment_scripts_only(pylon_ros2_camera_wrapper)
[41.618s] Level 1:colcon.colcon_core.environment:checking '/home/mcav/cam_dev_ws/install/pylon_ros2_camera_wrapper' for CMake module files
[41.619s] Level 1:colcon.colcon_core.environment:checking '/home/mcav/cam_dev_ws/install/pylon_ros2_camera_wrapper' for CMake config files
[41.619s] Level 1:colcon.colcon_core.shell:create_environment_hook('pylon_ros2_camera_wrapper', 'cmake_prefix_path')
[41.620s] INFO:colcon.colcon_core.shell:Creating environment hook '/home/mcav/cam_dev_ws/install/pylon_ros2_camera_wrapper/share/pylon_ros2_camera_wrapper/hook/cmake_prefix_path.ps1'
[41.621s] INFO:colcon.colcon_core.shell:Creating environment descriptor '/home/mcav/cam_dev_ws/install/pylon_ros2_camera_wrapper/share/pylon_ros2_camera_wrapper/hook/cmake_prefix_path.dsv'
[41.621s] INFO:colcon.colcon_core.shell:Creating environment hook '/home/mcav/cam_dev_ws/install/pylon_ros2_camera_wrapper/share/pylon_ros2_camera_wrapper/hook/cmake_prefix_path.sh'
[41.622s] Level 1:colcon.colcon_core.environment:checking '/home/mcav/cam_dev_ws/install/pylon_ros2_camera_wrapper/lib'
[41.622s] Level 1:colcon.colcon_core.shell:create_environment_hook('pylon_ros2_camera_wrapper', 'ld_library_path_lib')
[41.622s] INFO:colcon.colcon_core.shell:Creating environment hook '/home/mcav/cam_dev_ws/install/pylon_ros2_camera_wrapper/share/pylon_ros2_camera_wrapper/hook/ld_library_path_lib.ps1'
[41.623s] INFO:colcon.colcon_core.shell:Creating environment descriptor '/home/mcav/cam_dev_ws/install/pylon_ros2_camera_wrapper/share/pylon_ros2_camera_wrapper/hook/ld_library_path_lib.dsv'
[41.623s] INFO:colcon.colcon_core.shell:Creating environment hook '/home/mcav/cam_dev_ws/install/pylon_ros2_camera_wrapper/share/pylon_ros2_camera_wrapper/hook/ld_library_path_lib.sh'
[41.624s] Level 1:colcon.colcon_core.environment:checking '/home/mcav/cam_dev_ws/install/pylon_ros2_camera_wrapper/bin'
[41.624s] Level 1:colcon.colcon_core.environment:checking '/home/mcav/cam_dev_ws/install/pylon_ros2_camera_wrapper/lib/pkgconfig/pylon_ros2_camera_wrapper.pc'
[41.624s] Level 1:colcon.colcon_core.environment:checking '/home/mcav/cam_dev_ws/install/pylon_ros2_camera_wrapper/lib/python3.10/site-packages'
[41.624s] Level 1:colcon.colcon_core.environment:checking '/home/mcav/cam_dev_ws/install/pylon_ros2_camera_wrapper/bin'
[41.625s] INFO:colcon.colcon_core.shell:Creating package script '/home/mcav/cam_dev_ws/install/pylon_ros2_camera_wrapper/share/pylon_ros2_camera_wrapper/package.ps1'
[41.625s] INFO:colcon.colcon_core.shell:Creating package descriptor '/home/mcav/cam_dev_ws/install/pylon_ros2_camera_wrapper/share/pylon_ros2_camera_wrapper/package.dsv'
[41.626s] INFO:colcon.colcon_core.shell:Creating package script '/home/mcav/cam_dev_ws/install/pylon_ros2_camera_wrapper/share/pylon_ros2_camera_wrapper/package.sh'
[41.626s] INFO:colcon.colcon_core.shell:Creating package script '/home/mcav/cam_dev_ws/install/pylon_ros2_camera_wrapper/share/pylon_ros2_camera_wrapper/package.bash'
[41.627s] INFO:colcon.colcon_core.shell:Creating package script '/home/mcav/cam_dev_ws/install/pylon_ros2_camera_wrapper/share/pylon_ros2_camera_wrapper/package.zsh'
[41.627s] Level 1:colcon.colcon_core.environment:create_file_with_runtime_dependencies(/home/mcav/cam_dev_ws/install/pylon_ros2_camera_wrapper/share/colcon-core/packages/pylon_ros2_camera_wrapper)
[41.628s] DEBUG:colcon.colcon_parallel_executor.executor.parallel:closing loop
[41.628s] DEBUG:colcon.colcon_parallel_executor.executor.parallel:loop closed
[41.628s] DEBUG:colcon.colcon_parallel_executor.executor.parallel:run_until_complete finished with '0'
[41.628s] DEBUG:colcon.colcon_core.event_reactor:joining thread
[41.635s] INFO:colcon.colcon_core.plugin_system:Skipping extension 'colcon_notification.desktop_notification.terminal_notifier': Not used on non-Darwin systems
[41.635s] INFO:colcon.colcon_core.plugin_system:Skipping extension 'colcon_notification.desktop_notification.win32': Not used on non-Windows systems
[41.635s] INFO:colcon.colcon_notification.desktop_notification:Sending desktop notification using 'notify2'
[41.649s] DEBUG:colcon.colcon_core.event_reactor:joined thread
[41.649s] INFO:colcon.colcon_core.shell:Creating prefix script '/home/mcav/cam_dev_ws/install/local_setup.ps1'
[41.650s] INFO:colcon.colcon_core.shell:Creating prefix util module '/home/mcav/cam_dev_ws/install/_local_setup_util_ps1.py'
[41.653s] INFO:colcon.colcon_core.shell:Creating prefix chain script '/home/mcav/cam_dev_ws/install/setup.ps1'
[41.655s] INFO:colcon.colcon_core.shell:Creating prefix script '/home/mcav/cam_dev_ws/install/local_setup.sh'
[41.656s] INFO:colcon.colcon_core.shell:Creating prefix util module '/home/mcav/cam_dev_ws/install/_local_setup_util_sh.py'
[41.656s] INFO:colcon.colcon_core.shell:Creating prefix chain script '/home/mcav/cam_dev_ws/install/setup.sh'
[41.657s] INFO:colcon.colcon_core.shell:Creating prefix script '/home/mcav/cam_dev_ws/install/local_setup.bash'
[41.658s] INFO:colcon.colcon_core.shell:Creating prefix chain script '/home/mcav/cam_dev_ws/install/setup.bash'
[41.659s] INFO:colcon.colcon_core.shell:Creating prefix script '/home/mcav/cam_dev_ws/install/local_setup.zsh'
[41.659s] INFO:colcon.colcon_core.shell:Creating prefix chain script '/home/mcav/cam_dev_ws/install/setup.zsh'
