[0.135s] DEBUG:colcon:Command line arguments: ['/usr/bin/colcon', 'build']
[0.135s] DEBUG:colcon:Parsed command line arguments: Namespace(log_base=None, log_level=None, verb_name='build', build_base='build', install_base='install', merge_install=False, symlink_install=False, test_result_base=None, continue_on_error=False, executor='parallel', parallel_workers=8, event_handlers=None, ignore_user_meta=False, metas=['./colcon.meta'], base_paths=['.'], packages_ignore=None, packages_ignore_regex=None, paths=None, packages_up_to=None, packages_up_to_regex=None, packages_above=None, packages_above_and_dependencies=None, packages_above_depth=None, packages_select_by_dep=None, packages_skip_by_dep=None, packages_skip_up_to=None, packages_select_build_failed=False, packages_skip_build_finished=False, packages_select_test_failures=False, packages_skip_test_passed=False, packages_select=None, packages_skip=None, packages_select_regex=None, packages_skip_regex=None, packages_start=None, packages_end=None, allow_overriding=[], cmake_args=None, cmake_target=None, cmake_target_skip_unavailable=False, cmake_clean_cache=False, cmake_clean_first=False, cmake_force_configure=False, ament_cmake_args=None, catkin_cmake_args=None, catkin_skip_building_tests=False, mixin_files=None, mixin=None, verb_parser=<colcon_mixin.mixin.mixin_argument.MixinArgumentDecorator object at 0x7efdda040070>, verb_extension=<colcon_core.verb.build.BuildVerb object at 0x7efdd9fbdb10>, main=<bound method BuildVerb.main of <colcon_core.verb.build.BuildVerb object at 0x7efdd9fbdb10>>, mixin_verb=('build',))
[0.412s] Level 1:colcon.colcon_core.package_discovery:discover_packages(colcon_meta) check parameters
[0.412s] Level 1:colcon.colcon_core.package_discovery:discover_packages(recursive) check parameters
[0.412s] Level 1:colcon.colcon_core.package_discovery:discover_packages(ignore) check parameters
[0.412s] Level 1:colcon.colcon_core.package_discovery:discover_packages(path) check parameters
[0.412s] Level 1:colcon.colcon_core.package_discovery:discover_packages(colcon_meta) discover
[0.412s] Level 1:colcon.colcon_core.package_discovery:discover_packages(recursive) discover
[0.412s] INFO:colcon.colcon_core.package_discovery:Crawling recursively for packages in '/home/mcav/cam_dev_ws'
[0.412s] Level 1:colcon.colcon_core.package_identification:_identify(.) by extensions ['ignore', 'ignore_ament_install']
[0.413s] Level 1:colcon.colcon_core.package_identification:_identify(.) by extension 'ignore'
[0.413s] Level 1:colcon.colcon_core.package_identification:_identify(.) by extension 'ignore_ament_install'
[0.413s] Level 1:colcon.colcon_core.package_identification:_identify(.) by extensions ['colcon_pkg']
[0.413s] Level 1:colcon.colcon_core.package_identification:_identify(.) by extension 'colcon_pkg'
[0.413s] Level 1:colcon.colcon_core.package_identification:_identify(.) by extensions ['colcon_meta']
[0.413s] Level 1:colcon.colcon_core.package_identification:_identify(.) by extension 'colcon_meta'
[0.413s] Level 1:colcon.colcon_core.package_identification:_identify(.) by extensions ['ros']
[0.413s] Level 1:colcon.colcon_core.package_identification:_identify(.) by extension 'ros'
[0.434s] Level 1:colcon.colcon_core.package_identification:_identify(.) by extensions ['cmake', 'python']
[0.434s] Level 1:colcon.colcon_core.package_identification:_identify(.) by extension 'cmake'
[0.434s] Level 1:colcon.colcon_core.package_identification:_identify(.) by extension 'python'
[0.434s] Level 1:colcon.colcon_core.package_identification:_identify(.) by extensions ['python_setup_py']
[0.434s] Level 1:colcon.colcon_core.package_identification:_identify(.) by extension 'python_setup_py'
[0.434s] Level 1:colcon.colcon_core.package_identification:_identify(build) by extensions ['ignore', 'ignore_ament_install']
[0.435s] Level 1:colcon.colcon_core.package_identification:_identify(build) by extension 'ignore'
[0.435s] Level 1:colcon.colcon_core.package_identification:_identify(build) ignored
[0.435s] Level 1:colcon.colcon_core.package_identification:_identify(install) by extensions ['ignore', 'ignore_ament_install']
[0.435s] Level 1:colcon.colcon_core.package_identification:_identify(install) by extension 'ignore'
[0.435s] Level 1:colcon.colcon_core.package_identification:_identify(install) ignored
[0.435s] Level 1:colcon.colcon_core.package_identification:_identify(log) by extensions ['ignore', 'ignore_ament_install']
[0.435s] Level 1:colcon.colcon_core.package_identification:_identify(log) by extension 'ignore'
[0.435s] Level 1:colcon.colcon_core.package_identification:_identify(log) ignored
[0.435s] Level 1:colcon.colcon_core.package_identification:_identify(src) by extensions ['ignore', 'ignore_ament_install']
[0.435s] Level 1:colcon.colcon_core.package_identification:_identify(src) by extension 'ignore'
[0.435s] Level 1:colcon.colcon_core.package_identification:_identify(src) by extension 'ignore_ament_install'
[0.435s] Level 1:colcon.colcon_core.package_identification:_identify(src) by extensions ['colcon_pkg']
[0.435s] Level 1:colcon.colcon_core.package_identification:_identify(src) by extension 'colcon_pkg'
[0.435s] Level 1:colcon.colcon_core.package_identification:_identify(src) by extensions ['colcon_meta']
[0.436s] Level 1:colcon.colcon_core.package_identification:_identify(src) by extension 'colcon_meta'
[0.436s] Level 1:colcon.colcon_core.package_identification:_identify(src) by extensions ['ros']
[0.436s] Level 1:colcon.colcon_core.package_identification:_identify(src) by extension 'ros'
[0.436s] Level 1:colcon.colcon_core.package_identification:_identify(src) by extensions ['cmake', 'python']
[0.436s] Level 1:colcon.colcon_core.package_identification:_identify(src) by extension 'cmake'
[0.436s] Level 1:colcon.colcon_core.package_identification:_identify(src) by extension 'python'
[0.436s] Level 1:colcon.colcon_core.package_identification:_identify(src) by extensions ['python_setup_py']
[0.436s] Level 1:colcon.colcon_core.package_identification:_identify(src) by extension 'python_setup_py'
[0.436s] Level 1:colcon.colcon_core.package_identification:_identify(src/pylon_ros2_camera) by extensions ['ignore', 'ignore_ament_install']
[0.436s] Level 1:colcon.colcon_core.package_identification:_identify(src/pylon_ros2_camera) by extension 'ignore'
[0.436s] Level 1:colcon.colcon_core.package_identification:_identify(src/pylon_ros2_camera) by extension 'ignore_ament_install'
[0.436s] Level 1:colcon.colcon_core.package_identification:_identify(src/pylon_ros2_camera) by extensions ['colcon_pkg']
[0.436s] Level 1:colcon.colcon_core.package_identification:_identify(src/pylon_ros2_camera) by extension 'colcon_pkg'
[0.436s] Level 1:colcon.colcon_core.package_identification:_identify(src/pylon_ros2_camera) by extensions ['colcon_meta']
[0.436s] Level 1:colcon.colcon_core.package_identification:_identify(src/pylon_ros2_camera) by extension 'colcon_meta'
[0.436s] Level 1:colcon.colcon_core.package_identification:_identify(src/pylon_ros2_camera) by extensions ['ros']
[0.436s] Level 1:colcon.colcon_core.package_identification:_identify(src/pylon_ros2_camera) by extension 'ros'
[0.436s] Level 1:colcon.colcon_core.package_identification:_identify(src/pylon_ros2_camera) by extensions ['cmake', 'python']
[0.437s] Level 1:colcon.colcon_core.package_identification:_identify(src/pylon_ros2_camera) by extension 'cmake'
[0.437s] Level 1:colcon.colcon_core.package_identification:_identify(src/pylon_ros2_camera) by extension 'python'
[0.437s] Level 1:colcon.colcon_core.package_identification:_identify(src/pylon_ros2_camera) by extensions ['python_setup_py']
[0.437s] Level 1:colcon.colcon_core.package_identification:_identify(src/pylon_ros2_camera) by extension 'python_setup_py'
[0.437s] Level 1:colcon.colcon_core.package_identification:_identify(src/pylon_ros2_camera/docker) by extensions ['ignore', 'ignore_ament_install']
[0.437s] Level 1:colcon.colcon_core.package_identification:_identify(src/pylon_ros2_camera/docker) by extension 'ignore'
[0.437s] Level 1:colcon.colcon_core.package_identification:_identify(src/pylon_ros2_camera/docker) by extension 'ignore_ament_install'
[0.437s] Level 1:colcon.colcon_core.package_identification:_identify(src/pylon_ros2_camera/docker) by extensions ['colcon_pkg']
[0.437s] Level 1:colcon.colcon_core.package_identification:_identify(src/pylon_ros2_camera/docker) by extension 'colcon_pkg'
[0.437s] Level 1:colcon.colcon_core.package_identification:_identify(src/pylon_ros2_camera/docker) by extensions ['colcon_meta']
[0.437s] Level 1:colcon.colcon_core.package_identification:_identify(src/pylon_ros2_camera/docker) by extension 'colcon_meta'
[0.437s] Level 1:colcon.colcon_core.package_identification:_identify(src/pylon_ros2_camera/docker) by extensions ['ros']
[0.437s] Level 1:colcon.colcon_core.package_identification:_identify(src/pylon_ros2_camera/docker) by extension 'ros'
[0.437s] Level 1:colcon.colcon_core.package_identification:_identify(src/pylon_ros2_camera/docker) by extensions ['cmake', 'python']
[0.437s] Level 1:colcon.colcon_core.package_identification:_identify(src/pylon_ros2_camera/docker) by extension 'cmake'
[0.437s] Level 1:colcon.colcon_core.package_identification:_identify(src/pylon_ros2_camera/docker) by extension 'python'
[0.437s] Level 1:colcon.colcon_core.package_identification:_identify(src/pylon_ros2_camera/docker) by extensions ['python_setup_py']
[0.437s] Level 1:colcon.colcon_core.package_identification:_identify(src/pylon_ros2_camera/docker) by extension 'python_setup_py'
[0.438s] Level 1:colcon.colcon_core.package_identification:_identify(src/pylon_ros2_camera/pylon_ros2_camera_component) by extensions ['ignore', 'ignore_ament_install']
[0.438s] Level 1:colcon.colcon_core.package_identification:_identify(src/pylon_ros2_camera/pylon_ros2_camera_component) by extension 'ignore'
[0.438s] Level 1:colcon.colcon_core.package_identification:_identify(src/pylon_ros2_camera/pylon_ros2_camera_component) by extension 'ignore_ament_install'
[0.438s] Level 1:colcon.colcon_core.package_identification:_identify(src/pylon_ros2_camera/pylon_ros2_camera_component) by extensions ['colcon_pkg']
[0.438s] Level 1:colcon.colcon_core.package_identification:_identify(src/pylon_ros2_camera/pylon_ros2_camera_component) by extension 'colcon_pkg'
[0.438s] Level 1:colcon.colcon_core.package_identification:_identify(src/pylon_ros2_camera/pylon_ros2_camera_component) by extensions ['colcon_meta']
[0.438s] Level 1:colcon.colcon_core.package_identification:_identify(src/pylon_ros2_camera/pylon_ros2_camera_component) by extension 'colcon_meta'
[0.438s] Level 1:colcon.colcon_core.package_identification:_identify(src/pylon_ros2_camera/pylon_ros2_camera_component) by extensions ['ros']
[0.438s] Level 1:colcon.colcon_core.package_identification:_identify(src/pylon_ros2_camera/pylon_ros2_camera_component) by extension 'ros'
[0.441s] DEBUG:colcon.colcon_core.package_identification:Package 'src/pylon_ros2_camera/pylon_ros2_camera_component' with type 'ros.ament_cmake' and name 'pylon_ros2_camera_component'
[0.441s] Level 1:colcon.colcon_core.package_identification:_identify(src/pylon_ros2_camera/pylon_ros2_camera_interfaces) by extensions ['ignore', 'ignore_ament_install']
[0.441s] Level 1:colcon.colcon_core.package_identification:_identify(src/pylon_ros2_camera/pylon_ros2_camera_interfaces) by extension 'ignore'
[0.441s] Level 1:colcon.colcon_core.package_identification:_identify(src/pylon_ros2_camera/pylon_ros2_camera_interfaces) by extension 'ignore_ament_install'
[0.441s] Level 1:colcon.colcon_core.package_identification:_identify(src/pylon_ros2_camera/pylon_ros2_camera_interfaces) by extensions ['colcon_pkg']
[0.441s] Level 1:colcon.colcon_core.package_identification:_identify(src/pylon_ros2_camera/pylon_ros2_camera_interfaces) by extension 'colcon_pkg'
[0.441s] Level 1:colcon.colcon_core.package_identification:_identify(src/pylon_ros2_camera/pylon_ros2_camera_interfaces) by extensions ['colcon_meta']
[0.441s] Level 1:colcon.colcon_core.package_identification:_identify(src/pylon_ros2_camera/pylon_ros2_camera_interfaces) by extension 'colcon_meta'
[0.441s] Level 1:colcon.colcon_core.package_identification:_identify(src/pylon_ros2_camera/pylon_ros2_camera_interfaces) by extensions ['ros']
[0.441s] Level 1:colcon.colcon_core.package_identification:_identify(src/pylon_ros2_camera/pylon_ros2_camera_interfaces) by extension 'ros'
[0.442s] DEBUG:colcon.colcon_core.package_identification:Package 'src/pylon_ros2_camera/pylon_ros2_camera_interfaces' with type 'ros.ament_cmake' and name 'pylon_ros2_camera_interfaces'
[0.442s] Level 1:colcon.colcon_core.package_identification:_identify(src/pylon_ros2_camera/pylon_ros2_camera_wrapper) by extensions ['ignore', 'ignore_ament_install']
[0.442s] Level 1:colcon.colcon_core.package_identification:_identify(src/pylon_ros2_camera/pylon_ros2_camera_wrapper) by extension 'ignore'
[0.442s] Level 1:colcon.colcon_core.package_identification:_identify(src/pylon_ros2_camera/pylon_ros2_camera_wrapper) by extension 'ignore_ament_install'
[0.443s] Level 1:colcon.colcon_core.package_identification:_identify(src/pylon_ros2_camera/pylon_ros2_camera_wrapper) by extensions ['colcon_pkg']
[0.443s] Level 1:colcon.colcon_core.package_identification:_identify(src/pylon_ros2_camera/pylon_ros2_camera_wrapper) by extension 'colcon_pkg'
[0.443s] Level 1:colcon.colcon_core.package_identification:_identify(src/pylon_ros2_camera/pylon_ros2_camera_wrapper) by extensions ['colcon_meta']
[0.443s] Level 1:colcon.colcon_core.package_identification:_identify(src/pylon_ros2_camera/pylon_ros2_camera_wrapper) by extension 'colcon_meta'
[0.443s] Level 1:colcon.colcon_core.package_identification:_identify(src/pylon_ros2_camera/pylon_ros2_camera_wrapper) by extensions ['ros']
[0.443s] Level 1:colcon.colcon_core.package_identification:_identify(src/pylon_ros2_camera/pylon_ros2_camera_wrapper) by extension 'ros'
[0.444s] DEBUG:colcon.colcon_core.package_identification:Package 'src/pylon_ros2_camera/pylon_ros2_camera_wrapper' with type 'ros.ament_cmake' and name 'pylon_ros2_camera_wrapper'
[0.444s] Level 1:colcon.colcon_core.package_discovery:discover_packages(recursive) using defaults
[0.444s] Level 1:colcon.colcon_core.package_discovery:discover_packages(ignore) discover
[0.444s] Level 1:colcon.colcon_core.package_discovery:discover_packages(ignore) using defaults
[0.444s] Level 1:colcon.colcon_core.package_discovery:discover_packages(path) discover
[0.444s] Level 1:colcon.colcon_core.package_discovery:discover_packages(path) using defaults
[0.469s] Level 1:colcon.colcon_core.package_discovery:discover_packages(prefix_path) check parameters
[0.469s] Level 1:colcon.colcon_core.package_discovery:discover_packages(prefix_path) discover
[0.471s] DEBUG:colcon.colcon_installed_package_information.package_discovery:Found 3 installed packages in /home/mcav/cam_dev_ws/install
[0.473s] DEBUG:colcon.colcon_installed_package_information.package_discovery:Found 371 installed packages in /opt/ros/humble
[0.475s] Level 1:colcon.colcon_core.package_discovery:discover_packages(prefix_path) using defaults
[0.529s] Level 5:colcon.colcon_core.verb:set package 'pylon_ros2_camera_interfaces' build argument 'cmake_args' from command line to 'None'
[0.529s] Level 5:colcon.colcon_core.verb:set package 'pylon_ros2_camera_interfaces' build argument 'cmake_target' from command line to 'None'
[0.529s] Level 5:colcon.colcon_core.verb:set package 'pylon_ros2_camera_interfaces' build argument 'cmake_target_skip_unavailable' from command line to 'False'
[0.529s] Level 5:colcon.colcon_core.verb:set package 'pylon_ros2_camera_interfaces' build argument 'cmake_clean_cache' from command line to 'False'
[0.529s] Level 5:colcon.colcon_core.verb:set package 'pylon_ros2_camera_interfaces' build argument 'cmake_clean_first' from command line to 'False'
[0.529s] Level 5:colcon.colcon_core.verb:set package 'pylon_ros2_camera_interfaces' build argument 'cmake_force_configure' from command line to 'False'
[0.529s] Level 5:colcon.colcon_core.verb:set package 'pylon_ros2_camera_interfaces' build argument 'ament_cmake_args' from command line to 'None'
[0.529s] Level 5:colcon.colcon_core.verb:set package 'pylon_ros2_camera_interfaces' build argument 'catkin_cmake_args' from command line to 'None'
[0.529s] Level 5:colcon.colcon_core.verb:set package 'pylon_ros2_camera_interfaces' build argument 'catkin_skip_building_tests' from command line to 'False'
[0.529s] DEBUG:colcon.colcon_core.verb:Building package 'pylon_ros2_camera_interfaces' with the following arguments: {'ament_cmake_args': None, 'build_base': '/home/mcav/cam_dev_ws/build/pylon_ros2_camera_interfaces', 'catkin_cmake_args': None, 'catkin_skip_building_tests': False, 'cmake_args': None, 'cmake_clean_cache': False, 'cmake_clean_first': False, 'cmake_force_configure': False, 'cmake_target': None, 'cmake_target_skip_unavailable': False, 'install_base': '/home/mcav/cam_dev_ws/install/pylon_ros2_camera_interfaces', 'merge_install': False, 'path': '/home/mcav/cam_dev_ws/src/pylon_ros2_camera/pylon_ros2_camera_interfaces', 'symlink_install': False, 'test_result_base': None}
[0.529s] Level 5:colcon.colcon_core.verb:set package 'pylon_ros2_camera_component' build argument 'cmake_args' from command line to 'None'
[0.530s] Level 5:colcon.colcon_core.verb:set package 'pylon_ros2_camera_component' build argument 'cmake_target' from command line to 'None'
[0.530s] Level 5:colcon.colcon_core.verb:set package 'pylon_ros2_camera_component' build argument 'cmake_target_skip_unavailable' from command line to 'False'
[0.530s] Level 5:colcon.colcon_core.verb:set package 'pylon_ros2_camera_component' build argument 'cmake_clean_cache' from command line to 'False'
[0.530s] Level 5:colcon.colcon_core.verb:set package 'pylon_ros2_camera_component' build argument 'cmake_clean_first' from command line to 'False'
[0.530s] Level 5:colcon.colcon_core.verb:set package 'pylon_ros2_camera_component' build argument 'cmake_force_configure' from command line to 'False'
[0.530s] Level 5:colcon.colcon_core.verb:set package 'pylon_ros2_camera_component' build argument 'ament_cmake_args' from command line to 'None'
[0.530s] Level 5:colcon.colcon_core.verb:set package 'pylon_ros2_camera_component' build argument 'catkin_cmake_args' from command line to 'None'
[0.530s] Level 5:colcon.colcon_core.verb:set package 'pylon_ros2_camera_component' build argument 'catkin_skip_building_tests' from command line to 'False'
[0.530s] DEBUG:colcon.colcon_core.verb:Building package 'pylon_ros2_camera_component' with the following arguments: {'ament_cmake_args': None, 'build_base': '/home/mcav/cam_dev_ws/build/pylon_ros2_camera_component', 'catkin_cmake_args': None, 'catkin_skip_building_tests': False, 'cmake_args': None, 'cmake_clean_cache': False, 'cmake_clean_first': False, 'cmake_force_configure': False, 'cmake_target': None, 'cmake_target_skip_unavailable': False, 'install_base': '/home/mcav/cam_dev_ws/install/pylon_ros2_camera_component', 'merge_install': False, 'path': '/home/mcav/cam_dev_ws/src/pylon_ros2_camera/pylon_ros2_camera_component', 'symlink_install': False, 'test_result_base': None}
[0.530s] Level 5:colcon.colcon_core.verb:set package 'pylon_ros2_camera_wrapper' build argument 'cmake_args' from command line to 'None'
[0.530s] Level 5:colcon.colcon_core.verb:set package 'pylon_ros2_camera_wrapper' build argument 'cmake_target' from command line to 'None'
[0.530s] Level 5:colcon.colcon_core.verb:set package 'pylon_ros2_camera_wrapper' build argument 'cmake_target_skip_unavailable' from command line to 'False'
[0.530s] Level 5:colcon.colcon_core.verb:set package 'pylon_ros2_camera_wrapper' build argument 'cmake_clean_cache' from command line to 'False'
[0.530s] Level 5:colcon.colcon_core.verb:set package 'pylon_ros2_camera_wrapper' build argument 'cmake_clean_first' from command line to 'False'
[0.530s] Level 5:colcon.colcon_core.verb:set package 'pylon_ros2_camera_wrapper' build argument 'cmake_force_configure' from command line to 'False'
[0.530s] Level 5:colcon.colcon_core.verb:set package 'pylon_ros2_camera_wrapper' build argument 'ament_cmake_args' from command line to 'None'
[0.530s] Level 5:colcon.colcon_core.verb:set package 'pylon_ros2_camera_wrapper' build argument 'catkin_cmake_args' from command line to 'None'
[0.530s] Level 5:colcon.colcon_core.verb:set package 'pylon_ros2_camera_wrapper' build argument 'catkin_skip_building_tests' from command line to 'False'
[0.530s] DEBUG:colcon.colcon_core.verb:Building package 'pylon_ros2_camera_wrapper' with the following arguments: {'ament_cmake_args': None, 'build_base': '/home/mcav/cam_dev_ws/build/pylon_ros2_camera_wrapper', 'catkin_cmake_args': None, 'catkin_skip_building_tests': False, 'cmake_args': None, 'cmake_clean_cache': False, 'cmake_clean_first': False, 'cmake_force_configure': False, 'cmake_target': None, 'cmake_target_skip_unavailable': False, 'install_base': '/home/mcav/cam_dev_ws/install/pylon_ros2_camera_wrapper', 'merge_install': False, 'path': '/home/mcav/cam_dev_ws/src/pylon_ros2_camera/pylon_ros2_camera_wrapper', 'symlink_install': False, 'test_result_base': None}
[0.531s] INFO:colcon.colcon_core.executor:Executing jobs using 'parallel' executor
[0.532s] DEBUG:colcon.colcon_parallel_executor.executor.parallel:run_until_complete
[0.532s] INFO:colcon.colcon_ros.task.ament_cmake.build:Building ROS package in '/home/mcav/cam_dev_ws/src/pylon_ros2_camera/pylon_ros2_camera_interfaces' with build type 'ament_cmake'
[0.532s] INFO:colcon.colcon_cmake.task.cmake.build:Building CMake package in '/home/mcav/cam_dev_ws/src/pylon_ros2_camera/pylon_ros2_camera_interfaces'
[0.535s] INFO:colcon.colcon_core.plugin_system:Skipping extension 'colcon_core.shell.bat': Not used on non-Windows systems
[0.535s] INFO:colcon.colcon_core.shell:Skip shell extension 'powershell' for command environment: Not usable outside of PowerShell
[0.535s] DEBUG:colcon.colcon_core.shell:Skip shell extension 'dsv' for command environment
[0.546s] DEBUG:colcon.colcon_core.event_handler.log_command:Invoking command in '/home/mcav/cam_dev_ws/build/pylon_ros2_camera_interfaces': CMAKE_PREFIX_PATH=${CMAKE_PREFIX_PATH}:/opt/ros/humble /usr/local/bin/cmake --build /home/mcav/cam_dev_ws/build/pylon_ros2_camera_interfaces -- -j8 -l8
[0.994s] DEBUG:colcon.colcon_core.event_handler.log_command:Invoked command in '/home/mcav/cam_dev_ws/build/pylon_ros2_camera_interfaces' returned '0': CMAKE_PREFIX_PATH=${CMAKE_PREFIX_PATH}:/opt/ros/humble /usr/local/bin/cmake --build /home/mcav/cam_dev_ws/build/pylon_ros2_camera_interfaces -- -j8 -l8
[1.000s] DEBUG:colcon.colcon_core.event_handler.log_command:Invoking command in '/home/mcav/cam_dev_ws/build/pylon_ros2_camera_interfaces': CMAKE_PREFIX_PATH=${CMAKE_PREFIX_PATH}:/opt/ros/humble /usr/local/bin/cmake --install /home/mcav/cam_dev_ws/build/pylon_ros2_camera_interfaces
[1.091s] Level 1:colcon.colcon_core.environment:create_environment_scripts_only(pylon_ros2_camera_interfaces)
[1.092s] DEBUG:colcon.colcon_core.event_handler.log_command:Invoked command in '/home/mcav/cam_dev_ws/build/pylon_ros2_camera_interfaces' returned '0': CMAKE_PREFIX_PATH=${CMAKE_PREFIX_PATH}:/opt/ros/humble /usr/local/bin/cmake --install /home/mcav/cam_dev_ws/build/pylon_ros2_camera_interfaces
[1.094s] Level 1:colcon.colcon_core.environment:checking '/home/mcav/cam_dev_ws/install/pylon_ros2_camera_interfaces' for CMake module files
[1.095s] Level 1:colcon.colcon_core.environment:checking '/home/mcav/cam_dev_ws/install/pylon_ros2_camera_interfaces' for CMake config files
[1.096s] Level 1:colcon.colcon_core.shell:create_environment_hook('pylon_ros2_camera_interfaces', 'cmake_prefix_path')
[1.096s] INFO:colcon.colcon_core.shell:Creating environment hook '/home/mcav/cam_dev_ws/install/pylon_ros2_camera_interfaces/share/pylon_ros2_camera_interfaces/hook/cmake_prefix_path.ps1'
[1.097s] INFO:colcon.colcon_core.shell:Creating environment descriptor '/home/mcav/cam_dev_ws/install/pylon_ros2_camera_interfaces/share/pylon_ros2_camera_interfaces/hook/cmake_prefix_path.dsv'
[1.098s] INFO:colcon.colcon_core.shell:Creating environment hook '/home/mcav/cam_dev_ws/install/pylon_ros2_camera_interfaces/share/pylon_ros2_camera_interfaces/hook/cmake_prefix_path.sh'
[1.099s] Level 1:colcon.colcon_core.environment:checking '/home/mcav/cam_dev_ws/install/pylon_ros2_camera_interfaces/lib'
[1.099s] Level 1:colcon.colcon_core.shell:create_environment_hook('pylon_ros2_camera_interfaces', 'ld_library_path_lib')
[1.099s] INFO:colcon.colcon_core.shell:Creating environment hook '/home/mcav/cam_dev_ws/install/pylon_ros2_camera_interfaces/share/pylon_ros2_camera_interfaces/hook/ld_library_path_lib.ps1'
[1.100s] INFO:colcon.colcon_core.shell:Creating environment descriptor '/home/mcav/cam_dev_ws/install/pylon_ros2_camera_interfaces/share/pylon_ros2_camera_interfaces/hook/ld_library_path_lib.dsv'
[1.100s] INFO:colcon.colcon_core.shell:Creating environment hook '/home/mcav/cam_dev_ws/install/pylon_ros2_camera_interfaces/share/pylon_ros2_camera_interfaces/hook/ld_library_path_lib.sh'
[1.101s] Level 1:colcon.colcon_core.environment:checking '/home/mcav/cam_dev_ws/install/pylon_ros2_camera_interfaces/bin'
[1.101s] Level 1:colcon.colcon_core.environment:checking '/home/mcav/cam_dev_ws/install/pylon_ros2_camera_interfaces/lib/pkgconfig/pylon_ros2_camera_interfaces.pc'
[1.101s] Level 1:colcon.colcon_core.environment:checking '/home/mcav/cam_dev_ws/install/pylon_ros2_camera_interfaces/lib/python3.10/site-packages'
[1.102s] Level 1:colcon.colcon_core.environment:checking '/home/mcav/cam_dev_ws/install/pylon_ros2_camera_interfaces/bin'
[1.102s] INFO:colcon.colcon_core.shell:Creating package script '/home/mcav/cam_dev_ws/install/pylon_ros2_camera_interfaces/share/pylon_ros2_camera_interfaces/package.ps1'
[1.103s] INFO:colcon.colcon_core.shell:Creating package descriptor '/home/mcav/cam_dev_ws/install/pylon_ros2_camera_interfaces/share/pylon_ros2_camera_interfaces/package.dsv'
[1.104s] INFO:colcon.colcon_core.shell:Creating package script '/home/mcav/cam_dev_ws/install/pylon_ros2_camera_interfaces/share/pylon_ros2_camera_interfaces/package.sh'
[1.105s] INFO:colcon.colcon_core.shell:Creating package script '/home/mcav/cam_dev_ws/install/pylon_ros2_camera_interfaces/share/pylon_ros2_camera_interfaces/package.bash'
[1.105s] INFO:colcon.colcon_core.shell:Creating package script '/home/mcav/cam_dev_ws/install/pylon_ros2_camera_interfaces/share/pylon_ros2_camera_interfaces/package.zsh'
[1.106s] Level 1:colcon.colcon_core.environment:create_file_with_runtime_dependencies(/home/mcav/cam_dev_ws/install/pylon_ros2_camera_interfaces/share/colcon-core/packages/pylon_ros2_camera_interfaces)
[1.107s] Level 1:colcon.colcon_core.environment:create_environment_scripts_only(pylon_ros2_camera_interfaces)
[1.107s] Level 1:colcon.colcon_core.environment:checking '/home/mcav/cam_dev_ws/install/pylon_ros2_camera_interfaces' for CMake module files
[1.108s] Level 1:colcon.colcon_core.environment:checking '/home/mcav/cam_dev_ws/install/pylon_ros2_camera_interfaces' for CMake config files
[1.109s] Level 1:colcon.colcon_core.shell:create_environment_hook('pylon_ros2_camera_interfaces', 'cmake_prefix_path')
[1.109s] INFO:colcon.colcon_core.shell:Creating environment hook '/home/mcav/cam_dev_ws/install/pylon_ros2_camera_interfaces/share/pylon_ros2_camera_interfaces/hook/cmake_prefix_path.ps1'
[1.110s] INFO:colcon.colcon_core.shell:Creating environment descriptor '/home/mcav/cam_dev_ws/install/pylon_ros2_camera_interfaces/share/pylon_ros2_camera_interfaces/hook/cmake_prefix_path.dsv'
[1.110s] INFO:colcon.colcon_core.shell:Creating environment hook '/home/mcav/cam_dev_ws/install/pylon_ros2_camera_interfaces/share/pylon_ros2_camera_interfaces/hook/cmake_prefix_path.sh'
[1.110s] Level 1:colcon.colcon_core.environment:checking '/home/mcav/cam_dev_ws/install/pylon_ros2_camera_interfaces/lib'
[1.111s] Level 1:colcon.colcon_core.shell:create_environment_hook('pylon_ros2_camera_interfaces', 'ld_library_path_lib')
[1.111s] INFO:colcon.colcon_core.shell:Creating environment hook '/home/mcav/cam_dev_ws/install/pylon_ros2_camera_interfaces/share/pylon_ros2_camera_interfaces/hook/ld_library_path_lib.ps1'
[1.111s] INFO:colcon.colcon_core.shell:Creating environment descriptor '/home/mcav/cam_dev_ws/install/pylon_ros2_camera_interfaces/share/pylon_ros2_camera_interfaces/hook/ld_library_path_lib.dsv'
[1.112s] INFO:colcon.colcon_core.shell:Creating environment hook '/home/mcav/cam_dev_ws/install/pylon_ros2_camera_interfaces/share/pylon_ros2_camera_interfaces/hook/ld_library_path_lib.sh'
[1.112s] Level 1:colcon.colcon_core.environment:checking '/home/mcav/cam_dev_ws/install/pylon_ros2_camera_interfaces/bin'
[1.112s] Level 1:colcon.colcon_core.environment:checking '/home/mcav/cam_dev_ws/install/pylon_ros2_camera_interfaces/lib/pkgconfig/pylon_ros2_camera_interfaces.pc'
[1.112s] Level 1:colcon.colcon_core.environment:checking '/home/mcav/cam_dev_ws/install/pylon_ros2_camera_interfaces/lib/python3.10/site-packages'
[1.113s] Level 1:colcon.colcon_core.environment:checking '/home/mcav/cam_dev_ws/install/pylon_ros2_camera_interfaces/bin'
[1.113s] INFO:colcon.colcon_core.shell:Creating package script '/home/mcav/cam_dev_ws/install/pylon_ros2_camera_interfaces/share/pylon_ros2_camera_interfaces/package.ps1'
[1.114s] INFO:colcon.colcon_core.shell:Creating package descriptor '/home/mcav/cam_dev_ws/install/pylon_ros2_camera_interfaces/share/pylon_ros2_camera_interfaces/package.dsv'
[1.115s] INFO:colcon.colcon_core.shell:Creating package script '/home/mcav/cam_dev_ws/install/pylon_ros2_camera_interfaces/share/pylon_ros2_camera_interfaces/package.sh'
[1.115s] INFO:colcon.colcon_core.shell:Creating package script '/home/mcav/cam_dev_ws/install/pylon_ros2_camera_interfaces/share/pylon_ros2_camera_interfaces/package.bash'
[1.116s] INFO:colcon.colcon_core.shell:Creating package script '/home/mcav/cam_dev_ws/install/pylon_ros2_camera_interfaces/share/pylon_ros2_camera_interfaces/package.zsh'
[1.116s] Level 1:colcon.colcon_core.environment:create_file_with_runtime_dependencies(/home/mcav/cam_dev_ws/install/pylon_ros2_camera_interfaces/share/colcon-core/packages/pylon_ros2_camera_interfaces)
[1.116s] INFO:colcon.colcon_ros.task.ament_cmake.build:Building ROS package in '/home/mcav/cam_dev_ws/src/pylon_ros2_camera/pylon_ros2_camera_component' with build type 'ament_cmake'
[1.116s] INFO:colcon.colcon_cmake.task.cmake.build:Building CMake package in '/home/mcav/cam_dev_ws/src/pylon_ros2_camera/pylon_ros2_camera_component'
[1.117s] INFO:colcon.colcon_core.shell:Skip shell extension 'powershell' for command environment: Not usable outside of PowerShell
[1.117s] DEBUG:colcon.colcon_core.shell:Skip shell extension 'dsv' for command environment
[1.129s] DEBUG:colcon.colcon_core.event_handler.log_command:Invoking command in '/home/mcav/cam_dev_ws/build/pylon_ros2_camera_component': CMAKE_PREFIX_PATH=/home/mcav/cam_dev_ws/install/pylon_ros2_camera_interfaces:/home/mcav/cam_dev_ws/install/pylon_ros2_camera_wrapper:/home/mcav/cam_dev_ws/install/pylon_ros2_camera_component:/opt/ros/humble LD_LIBRARY_PATH=/home/mcav/cam_dev_ws/install/pylon_ros2_camera_interfaces/lib:/home/mcav/cam_dev_ws/install/pylon_ros2_camera_wrapper/lib:/home/mcav/cam_dev_ws/install/pylon_ros2_camera_component/lib:/usr/local/cuda/lib64:/usr/local/cuda/lib64:/opt/ros/humble/opt/rviz_ogre_vendor/lib:/opt/ros/humble/lib/x86_64-linux-gnu:/opt/ros/humble/lib /usr/local/bin/cmake --build /home/mcav/cam_dev_ws/build/pylon_ros2_camera_component -- -j8 -l8
[1.208s] DEBUG:colcon.colcon_core.event_handler.log_command:Invoked command in '/home/mcav/cam_dev_ws/build/pylon_ros2_camera_component' returned '0': CMAKE_PREFIX_PATH=/home/mcav/cam_dev_ws/install/pylon_ros2_camera_interfaces:/home/mcav/cam_dev_ws/install/pylon_ros2_camera_wrapper:/home/mcav/cam_dev_ws/install/pylon_ros2_camera_component:/opt/ros/humble LD_LIBRARY_PATH=/home/mcav/cam_dev_ws/install/pylon_ros2_camera_interfaces/lib:/home/mcav/cam_dev_ws/install/pylon_ros2_camera_wrapper/lib:/home/mcav/cam_dev_ws/install/pylon_ros2_camera_component/lib:/usr/local/cuda/lib64:/usr/local/cuda/lib64:/opt/ros/humble/opt/rviz_ogre_vendor/lib:/opt/ros/humble/lib/x86_64-linux-gnu:/opt/ros/humble/lib /usr/local/bin/cmake --build /home/mcav/cam_dev_ws/build/pylon_ros2_camera_component -- -j8 -l8
[1.210s] DEBUG:colcon.colcon_core.event_handler.log_command:Invoking command in '/home/mcav/cam_dev_ws/build/pylon_ros2_camera_component': CMAKE_PREFIX_PATH=/home/mcav/cam_dev_ws/install/pylon_ros2_camera_interfaces:/home/mcav/cam_dev_ws/install/pylon_ros2_camera_wrapper:/home/mcav/cam_dev_ws/install/pylon_ros2_camera_component:/opt/ros/humble LD_LIBRARY_PATH=/home/mcav/cam_dev_ws/install/pylon_ros2_camera_interfaces/lib:/home/mcav/cam_dev_ws/install/pylon_ros2_camera_wrapper/lib:/home/mcav/cam_dev_ws/install/pylon_ros2_camera_component/lib:/usr/local/cuda/lib64:/usr/local/cuda/lib64:/opt/ros/humble/opt/rviz_ogre_vendor/lib:/opt/ros/humble/lib/x86_64-linux-gnu:/opt/ros/humble/lib /usr/local/bin/cmake --install /home/mcav/cam_dev_ws/build/pylon_ros2_camera_component
[1.218s] Level 1:colcon.colcon_core.environment:create_environment_scripts_only(pylon_ros2_camera_component)
[1.218s] Level 1:colcon.colcon_core.environment:checking '/home/mcav/cam_dev_ws/install/pylon_ros2_camera_component' for CMake module files
[1.220s] Level 1:colcon.colcon_core.environment:checking '/home/mcav/cam_dev_ws/install/pylon_ros2_camera_component' for CMake config files
[1.220s] DEBUG:colcon.colcon_core.event_handler.log_command:Invoked command in '/home/mcav/cam_dev_ws/build/pylon_ros2_camera_component' returned '0': CMAKE_PREFIX_PATH=/home/mcav/cam_dev_ws/install/pylon_ros2_camera_interfaces:/home/mcav/cam_dev_ws/install/pylon_ros2_camera_wrapper:/home/mcav/cam_dev_ws/install/pylon_ros2_camera_component:/opt/ros/humble LD_LIBRARY_PATH=/home/mcav/cam_dev_ws/install/pylon_ros2_camera_interfaces/lib:/home/mcav/cam_dev_ws/install/pylon_ros2_camera_wrapper/lib:/home/mcav/cam_dev_ws/install/pylon_ros2_camera_component/lib:/usr/local/cuda/lib64:/usr/local/cuda/lib64:/opt/ros/humble/opt/rviz_ogre_vendor/lib:/opt/ros/humble/lib/x86_64-linux-gnu:/opt/ros/humble/lib /usr/local/bin/cmake --install /home/mcav/cam_dev_ws/build/pylon_ros2_camera_component
[1.220s] Level 1:colcon.colcon_core.shell:create_environment_hook('pylon_ros2_camera_component', 'cmake_prefix_path')
[1.221s] INFO:colcon.colcon_core.shell:Creating environment hook '/home/mcav/cam_dev_ws/install/pylon_ros2_camera_component/share/pylon_ros2_camera_component/hook/cmake_prefix_path.ps1'
[1.221s] INFO:colcon.colcon_core.shell:Creating environment descriptor '/home/mcav/cam_dev_ws/install/pylon_ros2_camera_component/share/pylon_ros2_camera_component/hook/cmake_prefix_path.dsv'
[1.222s] INFO:colcon.colcon_core.shell:Creating environment hook '/home/mcav/cam_dev_ws/install/pylon_ros2_camera_component/share/pylon_ros2_camera_component/hook/cmake_prefix_path.sh'
[1.222s] Level 1:colcon.colcon_core.environment:checking '/home/mcav/cam_dev_ws/install/pylon_ros2_camera_component/lib'
[1.222s] Level 1:colcon.colcon_core.shell:create_environment_hook('pylon_ros2_camera_component', 'ld_library_path_lib')
[1.223s] INFO:colcon.colcon_core.shell:Creating environment hook '/home/mcav/cam_dev_ws/install/pylon_ros2_camera_component/share/pylon_ros2_camera_component/hook/ld_library_path_lib.ps1'
[1.223s] INFO:colcon.colcon_core.shell:Creating environment descriptor '/home/mcav/cam_dev_ws/install/pylon_ros2_camera_component/share/pylon_ros2_camera_component/hook/ld_library_path_lib.dsv'
[1.223s] INFO:colcon.colcon_core.shell:Creating environment hook '/home/mcav/cam_dev_ws/install/pylon_ros2_camera_component/share/pylon_ros2_camera_component/hook/ld_library_path_lib.sh'
[1.224s] Level 1:colcon.colcon_core.environment:checking '/home/mcav/cam_dev_ws/install/pylon_ros2_camera_component/bin'
[1.224s] Level 1:colcon.colcon_core.environment:checking '/home/mcav/cam_dev_ws/install/pylon_ros2_camera_component/lib/pkgconfig/pylon_ros2_camera_component.pc'
[1.224s] Level 1:colcon.colcon_core.environment:checking '/home/mcav/cam_dev_ws/install/pylon_ros2_camera_component/lib/python3.10/site-packages'
[1.224s] Level 1:colcon.colcon_core.environment:checking '/home/mcav/cam_dev_ws/install/pylon_ros2_camera_component/bin'
[1.225s] INFO:colcon.colcon_core.shell:Creating package script '/home/mcav/cam_dev_ws/install/pylon_ros2_camera_component/share/pylon_ros2_camera_component/package.ps1'
[1.225s] INFO:colcon.colcon_core.shell:Creating package descriptor '/home/mcav/cam_dev_ws/install/pylon_ros2_camera_component/share/pylon_ros2_camera_component/package.dsv'
[1.226s] INFO:colcon.colcon_core.shell:Creating package script '/home/mcav/cam_dev_ws/install/pylon_ros2_camera_component/share/pylon_ros2_camera_component/package.sh'
[1.226s] INFO:colcon.colcon_core.shell:Creating package script '/home/mcav/cam_dev_ws/install/pylon_ros2_camera_component/share/pylon_ros2_camera_component/package.bash'
[1.227s] INFO:colcon.colcon_core.shell:Creating package script '/home/mcav/cam_dev_ws/install/pylon_ros2_camera_component/share/pylon_ros2_camera_component/package.zsh'
[1.227s] Level 1:colcon.colcon_core.environment:create_file_with_runtime_dependencies(/home/mcav/cam_dev_ws/install/pylon_ros2_camera_component/share/colcon-core/packages/pylon_ros2_camera_component)
[1.228s] Level 1:colcon.colcon_core.environment:create_environment_scripts_only(pylon_ros2_camera_component)
[1.228s] Level 1:colcon.colcon_core.environment:checking '/home/mcav/cam_dev_ws/install/pylon_ros2_camera_component' for CMake module files
[1.229s] Level 1:colcon.colcon_core.environment:checking '/home/mcav/cam_dev_ws/install/pylon_ros2_camera_component' for CMake config files
[1.229s] Level 1:colcon.colcon_core.shell:create_environment_hook('pylon_ros2_camera_component', 'cmake_prefix_path')
[1.229s] INFO:colcon.colcon_core.shell:Creating environment hook '/home/mcav/cam_dev_ws/install/pylon_ros2_camera_component/share/pylon_ros2_camera_component/hook/cmake_prefix_path.ps1'
[1.229s] INFO:colcon.colcon_core.shell:Creating environment descriptor '/home/mcav/cam_dev_ws/install/pylon_ros2_camera_component/share/pylon_ros2_camera_component/hook/cmake_prefix_path.dsv'
[1.230s] INFO:colcon.colcon_core.shell:Creating environment hook '/home/mcav/cam_dev_ws/install/pylon_ros2_camera_component/share/pylon_ros2_camera_component/hook/cmake_prefix_path.sh'
[1.230s] Level 1:colcon.colcon_core.environment:checking '/home/mcav/cam_dev_ws/install/pylon_ros2_camera_component/lib'
[1.231s] Level 1:colcon.colcon_core.shell:create_environment_hook('pylon_ros2_camera_component', 'ld_library_path_lib')
[1.231s] INFO:colcon.colcon_core.shell:Creating environment hook '/home/mcav/cam_dev_ws/install/pylon_ros2_camera_component/share/pylon_ros2_camera_component/hook/ld_library_path_lib.ps1'
[1.232s] INFO:colcon.colcon_core.shell:Creating environment descriptor '/home/mcav/cam_dev_ws/install/pylon_ros2_camera_component/share/pylon_ros2_camera_component/hook/ld_library_path_lib.dsv'
[1.232s] INFO:colcon.colcon_core.shell:Creating environment hook '/home/mcav/cam_dev_ws/install/pylon_ros2_camera_component/share/pylon_ros2_camera_component/hook/ld_library_path_lib.sh'
[1.233s] Level 1:colcon.colcon_core.environment:checking '/home/mcav/cam_dev_ws/install/pylon_ros2_camera_component/bin'
[1.233s] Level 1:colcon.colcon_core.environment:checking '/home/mcav/cam_dev_ws/install/pylon_ros2_camera_component/lib/pkgconfig/pylon_ros2_camera_component.pc'
[1.234s] Level 1:colcon.colcon_core.environment:checking '/home/mcav/cam_dev_ws/install/pylon_ros2_camera_component/lib/python3.10/site-packages'
[1.234s] Level 1:colcon.colcon_core.environment:checking '/home/mcav/cam_dev_ws/install/pylon_ros2_camera_component/bin'
[1.234s] INFO:colcon.colcon_core.shell:Creating package script '/home/mcav/cam_dev_ws/install/pylon_ros2_camera_component/share/pylon_ros2_camera_component/package.ps1'
[1.235s] INFO:colcon.colcon_core.shell:Creating package descriptor '/home/mcav/cam_dev_ws/install/pylon_ros2_camera_component/share/pylon_ros2_camera_component/package.dsv'
[1.236s] INFO:colcon.colcon_core.shell:Creating package script '/home/mcav/cam_dev_ws/install/pylon_ros2_camera_component/share/pylon_ros2_camera_component/package.sh'
[1.236s] INFO:colcon.colcon_core.shell:Creating package script '/home/mcav/cam_dev_ws/install/pylon_ros2_camera_component/share/pylon_ros2_camera_component/package.bash'
[1.237s] INFO:colcon.colcon_core.shell:Creating package script '/home/mcav/cam_dev_ws/install/pylon_ros2_camera_component/share/pylon_ros2_camera_component/package.zsh'
[1.237s] Level 1:colcon.colcon_core.environment:create_file_with_runtime_dependencies(/home/mcav/cam_dev_ws/install/pylon_ros2_camera_component/share/colcon-core/packages/pylon_ros2_camera_component)
[1.237s] INFO:colcon.colcon_ros.task.ament_cmake.build:Building ROS package in '/home/mcav/cam_dev_ws/src/pylon_ros2_camera/pylon_ros2_camera_wrapper' with build type 'ament_cmake'
[1.237s] INFO:colcon.colcon_cmake.task.cmake.build:Building CMake package in '/home/mcav/cam_dev_ws/src/pylon_ros2_camera/pylon_ros2_camera_wrapper'
[1.238s] INFO:colcon.colcon_core.shell:Skip shell extension 'powershell' for command environment: Not usable outside of PowerShell
[1.238s] DEBUG:colcon.colcon_core.shell:Skip shell extension 'dsv' for command environment
[1.254s] DEBUG:colcon.colcon_core.event_handler.log_command:Invoking command in '/home/mcav/cam_dev_ws/build/pylon_ros2_camera_wrapper': CMAKE_PREFIX_PATH=/home/mcav/cam_dev_ws/install/pylon_ros2_camera_component:/home/mcav/cam_dev_ws/install/pylon_ros2_camera_interfaces:/home/mcav/cam_dev_ws/install/pylon_ros2_camera_wrapper:/opt/ros/humble LD_LIBRARY_PATH=/home/mcav/cam_dev_ws/install/pylon_ros2_camera_component/lib:/home/mcav/cam_dev_ws/install/pylon_ros2_camera_interfaces/lib:/home/mcav/cam_dev_ws/install/pylon_ros2_camera_wrapper/lib:/usr/local/cuda/lib64:/usr/local/cuda/lib64:/opt/ros/humble/opt/rviz_ogre_vendor/lib:/opt/ros/humble/lib/x86_64-linux-gnu:/opt/ros/humble/lib /usr/local/bin/cmake --build /home/mcav/cam_dev_ws/build/pylon_ros2_camera_wrapper -- -j8 -l8
[1.310s] DEBUG:colcon.colcon_core.event_handler.log_command:Invoked command in '/home/mcav/cam_dev_ws/build/pylon_ros2_camera_wrapper' returned '0': CMAKE_PREFIX_PATH=/home/mcav/cam_dev_ws/install/pylon_ros2_camera_component:/home/mcav/cam_dev_ws/install/pylon_ros2_camera_interfaces:/home/mcav/cam_dev_ws/install/pylon_ros2_camera_wrapper:/opt/ros/humble LD_LIBRARY_PATH=/home/mcav/cam_dev_ws/install/pylon_ros2_camera_component/lib:/home/mcav/cam_dev_ws/install/pylon_ros2_camera_interfaces/lib:/home/mcav/cam_dev_ws/install/pylon_ros2_camera_wrapper/lib:/usr/local/cuda/lib64:/usr/local/cuda/lib64:/opt/ros/humble/opt/rviz_ogre_vendor/lib:/opt/ros/humble/lib/x86_64-linux-gnu:/opt/ros/humble/lib /usr/local/bin/cmake --build /home/mcav/cam_dev_ws/build/pylon_ros2_camera_wrapper -- -j8 -l8
[1.312s] DEBUG:colcon.colcon_core.event_handler.log_command:Invoking command in '/home/mcav/cam_dev_ws/build/pylon_ros2_camera_wrapper': CMAKE_PREFIX_PATH=/home/mcav/cam_dev_ws/install/pylon_ros2_camera_component:/home/mcav/cam_dev_ws/install/pylon_ros2_camera_interfaces:/home/mcav/cam_dev_ws/install/pylon_ros2_camera_wrapper:/opt/ros/humble LD_LIBRARY_PATH=/home/mcav/cam_dev_ws/install/pylon_ros2_camera_component/lib:/home/mcav/cam_dev_ws/install/pylon_ros2_camera_interfaces/lib:/home/mcav/cam_dev_ws/install/pylon_ros2_camera_wrapper/lib:/usr/local/cuda/lib64:/usr/local/cuda/lib64:/opt/ros/humble/opt/rviz_ogre_vendor/lib:/opt/ros/humble/lib/x86_64-linux-gnu:/opt/ros/humble/lib /usr/local/bin/cmake --install /home/mcav/cam_dev_ws/build/pylon_ros2_camera_wrapper
[1.323s] Level 1:colcon.colcon_core.environment:create_environment_scripts_only(pylon_ros2_camera_wrapper)
[1.323s] Level 1:colcon.colcon_core.environment:checking '/home/mcav/cam_dev_ws/install/pylon_ros2_camera_wrapper' for CMake module files
[1.324s] DEBUG:colcon.colcon_core.event_handler.log_command:Invoked command in '/home/mcav/cam_dev_ws/build/pylon_ros2_camera_wrapper' returned '0': CMAKE_PREFIX_PATH=/home/mcav/cam_dev_ws/install/pylon_ros2_camera_component:/home/mcav/cam_dev_ws/install/pylon_ros2_camera_interfaces:/home/mcav/cam_dev_ws/install/pylon_ros2_camera_wrapper:/opt/ros/humble LD_LIBRARY_PATH=/home/mcav/cam_dev_ws/install/pylon_ros2_camera_component/lib:/home/mcav/cam_dev_ws/install/pylon_ros2_camera_interfaces/lib:/home/mcav/cam_dev_ws/install/pylon_ros2_camera_wrapper/lib:/usr/local/cuda/lib64:/usr/local/cuda/lib64:/opt/ros/humble/opt/rviz_ogre_vendor/lib:/opt/ros/humble/lib/x86_64-linux-gnu:/opt/ros/humble/lib /usr/local/bin/cmake --install /home/mcav/cam_dev_ws/build/pylon_ros2_camera_wrapper
[1.325s] Level 1:colcon.colcon_core.environment:checking '/home/mcav/cam_dev_ws/install/pylon_ros2_camera_wrapper' for CMake config files
[1.325s] Level 1:colcon.colcon_core.shell:create_environment_hook('pylon_ros2_camera_wrapper', 'cmake_prefix_path')
[1.326s] INFO:colcon.colcon_core.shell:Creating environment hook '/home/mcav/cam_dev_ws/install/pylon_ros2_camera_wrapper/share/pylon_ros2_camera_wrapper/hook/cmake_prefix_path.ps1'
[1.326s] INFO:colcon.colcon_core.shell:Creating environment descriptor '/home/mcav/cam_dev_ws/install/pylon_ros2_camera_wrapper/share/pylon_ros2_camera_wrapper/hook/cmake_prefix_path.dsv'
[1.327s] INFO:colcon.colcon_core.shell:Creating environment hook '/home/mcav/cam_dev_ws/install/pylon_ros2_camera_wrapper/share/pylon_ros2_camera_wrapper/hook/cmake_prefix_path.sh'
[1.327s] Level 1:colcon.colcon_core.environment:checking '/home/mcav/cam_dev_ws/install/pylon_ros2_camera_wrapper/lib'
[1.327s] Level 1:colcon.colcon_core.shell:create_environment_hook('pylon_ros2_camera_wrapper', 'ld_library_path_lib')
[1.328s] INFO:colcon.colcon_core.shell:Creating environment hook '/home/mcav/cam_dev_ws/install/pylon_ros2_camera_wrapper/share/pylon_ros2_camera_wrapper/hook/ld_library_path_lib.ps1'
[1.328s] INFO:colcon.colcon_core.shell:Creating environment descriptor '/home/mcav/cam_dev_ws/install/pylon_ros2_camera_wrapper/share/pylon_ros2_camera_wrapper/hook/ld_library_path_lib.dsv'
[1.329s] INFO:colcon.colcon_core.shell:Creating environment hook '/home/mcav/cam_dev_ws/install/pylon_ros2_camera_wrapper/share/pylon_ros2_camera_wrapper/hook/ld_library_path_lib.sh'
[1.329s] Level 1:colcon.colcon_core.environment:checking '/home/mcav/cam_dev_ws/install/pylon_ros2_camera_wrapper/bin'
[1.329s] Level 1:colcon.colcon_core.environment:checking '/home/mcav/cam_dev_ws/install/pylon_ros2_camera_wrapper/lib/pkgconfig/pylon_ros2_camera_wrapper.pc'
[1.329s] Level 1:colcon.colcon_core.environment:checking '/home/mcav/cam_dev_ws/install/pylon_ros2_camera_wrapper/lib/python3.10/site-packages'
[1.330s] Level 1:colcon.colcon_core.environment:checking '/home/mcav/cam_dev_ws/install/pylon_ros2_camera_wrapper/bin'
[1.330s] INFO:colcon.colcon_core.shell:Creating package script '/home/mcav/cam_dev_ws/install/pylon_ros2_camera_wrapper/share/pylon_ros2_camera_wrapper/package.ps1'
[1.331s] INFO:colcon.colcon_core.shell:Creating package descriptor '/home/mcav/cam_dev_ws/install/pylon_ros2_camera_wrapper/share/pylon_ros2_camera_wrapper/package.dsv'
[1.331s] INFO:colcon.colcon_core.shell:Creating package script '/home/mcav/cam_dev_ws/install/pylon_ros2_camera_wrapper/share/pylon_ros2_camera_wrapper/package.sh'
[1.332s] INFO:colcon.colcon_core.shell:Creating package script '/home/mcav/cam_dev_ws/install/pylon_ros2_camera_wrapper/share/pylon_ros2_camera_wrapper/package.bash'
[1.332s] INFO:colcon.colcon_core.shell:Creating package script '/home/mcav/cam_dev_ws/install/pylon_ros2_camera_wrapper/share/pylon_ros2_camera_wrapper/package.zsh'
[1.333s] Level 1:colcon.colcon_core.environment:create_file_with_runtime_dependencies(/home/mcav/cam_dev_ws/install/pylon_ros2_camera_wrapper/share/colcon-core/packages/pylon_ros2_camera_wrapper)
[1.334s] Level 1:colcon.colcon_core.environment:create_environment_scripts_only(pylon_ros2_camera_wrapper)
[1.334s] Level 1:colcon.colcon_core.environment:checking '/home/mcav/cam_dev_ws/install/pylon_ros2_camera_wrapper' for CMake module files
[1.334s] Level 1:colcon.colcon_core.environment:checking '/home/mcav/cam_dev_ws/install/pylon_ros2_camera_wrapper' for CMake config files
[1.335s] Level 1:colcon.colcon_core.shell:create_environment_hook('pylon_ros2_camera_wrapper', 'cmake_prefix_path')
[1.335s] INFO:colcon.colcon_core.shell:Creating environment hook '/home/mcav/cam_dev_ws/install/pylon_ros2_camera_wrapper/share/pylon_ros2_camera_wrapper/hook/cmake_prefix_path.ps1'
[1.335s] INFO:colcon.colcon_core.shell:Creating environment descriptor '/home/mcav/cam_dev_ws/install/pylon_ros2_camera_wrapper/share/pylon_ros2_camera_wrapper/hook/cmake_prefix_path.dsv'
[1.336s] INFO:colcon.colcon_core.shell:Creating environment hook '/home/mcav/cam_dev_ws/install/pylon_ros2_camera_wrapper/share/pylon_ros2_camera_wrapper/hook/cmake_prefix_path.sh'
[1.336s] Level 1:colcon.colcon_core.environment:checking '/home/mcav/cam_dev_ws/install/pylon_ros2_camera_wrapper/lib'
[1.336s] Level 1:colcon.colcon_core.shell:create_environment_hook('pylon_ros2_camera_wrapper', 'ld_library_path_lib')
[1.336s] INFO:colcon.colcon_core.shell:Creating environment hook '/home/mcav/cam_dev_ws/install/pylon_ros2_camera_wrapper/share/pylon_ros2_camera_wrapper/hook/ld_library_path_lib.ps1'
[1.337s] INFO:colcon.colcon_core.shell:Creating environment descriptor '/home/mcav/cam_dev_ws/install/pylon_ros2_camera_wrapper/share/pylon_ros2_camera_wrapper/hook/ld_library_path_lib.dsv'
[1.337s] INFO:colcon.colcon_core.shell:Creating environment hook '/home/mcav/cam_dev_ws/install/pylon_ros2_camera_wrapper/share/pylon_ros2_camera_wrapper/hook/ld_library_path_lib.sh'
[1.338s] Level 1:colcon.colcon_core.environment:checking '/home/mcav/cam_dev_ws/install/pylon_ros2_camera_wrapper/bin'
[1.338s] Level 1:colcon.colcon_core.environment:checking '/home/mcav/cam_dev_ws/install/pylon_ros2_camera_wrapper/lib/pkgconfig/pylon_ros2_camera_wrapper.pc'
[1.338s] Level 1:colcon.colcon_core.environment:checking '/home/mcav/cam_dev_ws/install/pylon_ros2_camera_wrapper/lib/python3.10/site-packages'
[1.338s] Level 1:colcon.colcon_core.environment:checking '/home/mcav/cam_dev_ws/install/pylon_ros2_camera_wrapper/bin'
[1.339s] INFO:colcon.colcon_core.shell:Creating package script '/home/mcav/cam_dev_ws/install/pylon_ros2_camera_wrapper/share/pylon_ros2_camera_wrapper/package.ps1'
[1.339s] INFO:colcon.colcon_core.shell:Creating package descriptor '/home/mcav/cam_dev_ws/install/pylon_ros2_camera_wrapper/share/pylon_ros2_camera_wrapper/package.dsv'
[1.340s] INFO:colcon.colcon_core.shell:Creating package script '/home/mcav/cam_dev_ws/install/pylon_ros2_camera_wrapper/share/pylon_ros2_camera_wrapper/package.sh'
[1.340s] INFO:colcon.colcon_core.shell:Creating package script '/home/mcav/cam_dev_ws/install/pylon_ros2_camera_wrapper/share/pylon_ros2_camera_wrapper/package.bash'
[1.341s] INFO:colcon.colcon_core.shell:Creating package script '/home/mcav/cam_dev_ws/install/pylon_ros2_camera_wrapper/share/pylon_ros2_camera_wrapper/package.zsh'
[1.341s] Level 1:colcon.colcon_core.environment:create_file_with_runtime_dependencies(/home/mcav/cam_dev_ws/install/pylon_ros2_camera_wrapper/share/colcon-core/packages/pylon_ros2_camera_wrapper)
[1.341s] DEBUG:colcon.colcon_parallel_executor.executor.parallel:closing loop
[1.342s] DEBUG:colcon.colcon_parallel_executor.executor.parallel:loop closed
[1.342s] DEBUG:colcon.colcon_parallel_executor.executor.parallel:run_until_complete finished with '0'
[1.342s] DEBUG:colcon.colcon_core.event_reactor:joining thread
[1.349s] INFO:colcon.colcon_core.plugin_system:Skipping extension 'colcon_notification.desktop_notification.terminal_notifier': Not used on non-Darwin systems
[1.349s] INFO:colcon.colcon_core.plugin_system:Skipping extension 'colcon_notification.desktop_notification.win32': Not used on non-Windows systems
[1.349s] INFO:colcon.colcon_notification.desktop_notification:Sending desktop notification using 'notify2'
[1.361s] DEBUG:colcon.colcon_core.event_reactor:joined thread
[1.362s] INFO:colcon.colcon_core.shell:Creating prefix script '/home/mcav/cam_dev_ws/install/local_setup.ps1'
[1.363s] INFO:colcon.colcon_core.shell:Creating prefix util module '/home/mcav/cam_dev_ws/install/_local_setup_util_ps1.py'
[1.364s] INFO:colcon.colcon_core.shell:Creating prefix chain script '/home/mcav/cam_dev_ws/install/setup.ps1'
[1.366s] INFO:colcon.colcon_core.shell:Creating prefix script '/home/mcav/cam_dev_ws/install/local_setup.sh'
[1.367s] INFO:colcon.colcon_core.shell:Creating prefix util module '/home/mcav/cam_dev_ws/install/_local_setup_util_sh.py'
[1.367s] INFO:colcon.colcon_core.shell:Creating prefix chain script '/home/mcav/cam_dev_ws/install/setup.sh'
[1.368s] INFO:colcon.colcon_core.shell:Creating prefix script '/home/mcav/cam_dev_ws/install/local_setup.bash'
[1.369s] INFO:colcon.colcon_core.shell:Creating prefix chain script '/home/mcav/cam_dev_ws/install/setup.bash'
[1.371s] INFO:colcon.colcon_core.shell:Creating prefix script '/home/mcav/cam_dev_ws/install/local_setup.zsh'
[1.372s] INFO:colcon.colcon_core.shell:Creating prefix chain script '/home/mcav/cam_dev_ws/install/setup.zsh'
